6.4s 1 0.00s - Debugger warning: It seems that frozen modules are being used, which may
6.4s 2 0.00s - make the debugger miss breakpoints. Please pass -Xfrozen_modules=off
6.4s 3 0.00s - to python to disable frozen modules.
6.4s 4 0.00s - Note: Debugging will proceed. Set PYDEVD_DISABLE_FILE_VALIDATION=1 to disable this validation.
6.9s 5 0.00s - Debugger warning: It seems that frozen modules are being used, which may
6.9s 6 0.00s - make the debugger miss breakpoints. Please pass -Xfrozen_modules=off
6.9s 7 0.00s - to python to disable frozen modules.
6.9s 8 0.00s - Note: Debugging will proceed. Set PYDEVD_DISABLE_FILE_VALIDATION=1 to disable this validation.
24.2s 9 shard loaded: shard_0000.pt  (1,000,000 rows)
24.6s 10 buffer OK — batch shape torch.Size([4096, 768])  mean 0.0001
24.6s 11 SAE: d_in=768  m=1024  k=102  params=1,574,656
24.9s 12 initial loss 0.8635  L0 102.0
30.1s 13 step      0 | loss 0.871347 | L0 102.0 / 102 | dead  0.0%
31.5s 14 step    100 | loss 0.612221 | L0 102.0 / 102 | dead  0.0%
32.7s 15 step    200 | loss 0.529562 | L0 102.0 / 102 | dead  0.0%
43.5s 16 shard loaded: shard_0001.pt  (1,000,000 rows)
44.3s 17 step    300 | loss 0.483582 | L0 102.0 / 102 | dead  0.0%
45.6s 18 step    400 | loss 0.442944 | L0 102.0 / 102 | dead  0.0%
56.9s 19 shard loaded: shard_0002.pt  (1,000,000 rows)
57.1s 20 step    500 | loss 0.413720 | L0 102.0 / 102 | dead  0.0%
58.4s 21 step    600 | loss 0.391994 | L0 102.0 / 102 | dead  0.0%
59.6s 22 step    700 | loss 0.374047 | L0 102.0 / 102 | dead  0.0%
70.3s 23 shard loaded: shard_0003.pt  (1,000,000 rows)
71.2s 24 step    800 | loss 0.363796 | L0 102.0 / 102 | dead  0.0%
72.5s 25 step    900 | loss 0.354874 | L0 102.0 / 102 | dead  0.0%
83.1s 26 shard loaded: shard_0004.pt  (1,000,000 rows)
83.5s 27 step   1000 | loss 0.344151 | L0 102.0 / 102 | dead  0.0%
84.8s 28 step   1100 | loss 0.327779 | L0 102.0 / 102 | dead  0.0%
86.1s 29 step   1200 | loss 0.322689 | L0 102.0 / 102 | dead  0.0%
95.6s 30 shard loaded: shard_0005.pt  (1,000,000 rows)
96.8s 31 step   1300 | loss 0.315718 | L0 102.0 / 102 | dead  0.0%
98.0s 32 step   1400 | loss 0.304947 | L0 102.0 / 102 | dead  0.0%
109.4s 33 shard loaded: shard_0006.pt  (1,000,000 rows)
110.0s 34 step   1500 | loss 0.307096 | L0 102.0 / 102 | dead  0.0%
111.3s 35 step   1600 | loss 0.299105 | L0 102.0 / 102 | dead  0.0%
112.5s 36 step   1700 | loss 0.293570 | L0 102.0 / 102 | dead  0.0%
123.3s 37 shard loaded: shard_0007.pt  (1,000,000 rows)
124.6s 38 step   1800 | loss 0.283997 | L0 102.0 / 102 | dead  0.0%
125.9s 39 step   1900 | loss 0.281610 | L0 102.0 / 102 | dead  0.0%
137.0s 40 shard loaded: shard_0008.pt  (1,000,000 rows)
137.8s 41 step   2000 | loss 0.272637 | L0 102.0 / 102 | dead  0.0%
139.1s 42 step   2100 | loss 0.269995 | L0 102.0 / 102 | dead  0.0%
150.7s 43 shard loaded: shard_0009.pt  (1,000,000 rows)
150.7s 44 step   2200 | loss 0.269041 | L0 102.0 / 102 | dead  0.0%
152.2s 45 step   2300 | loss 0.260884 | L0 102.0 / 102 | dead  0.0%
153.5s 46 step   2400 | loss 0.259755 | L0 102.0 / 102 | dead  0.0%
156.1s 47 shard loaded: shard_0000.pt  (1,000,000 rows)
157.0s 48 step   2500 | loss 0.254497 | L0 102.0 / 102 | dead  0.0%
158.4s 49 step   2600 | loss 0.254178 | L0 102.0 / 102 | dead  0.0%
161.6s 50 shard loaded: shard_0001.pt  (1,000,000 rows)
161.9s 51 step   2700 | loss 0.256685 | L0 102.0 / 102 | dead  0.0%
163.3s 52 step   2800 | loss 0.250400 | L0 102.0 / 102 | dead  0.0%
164.6s 53 step   2900 | loss 0.249415 | L0 102.0 / 102 | dead  0.0%
167.0s 54 shard loaded: shard_0002.pt  (1,000,000 rows)
168.1s 55 step   3000 | loss 0.243675 | L0 102.0 / 102 | dead  0.0%
169.4s 56 step   3100 | loss 0.238552 | L0 102.0 / 102 | dead  0.0%
172.5s 57 shard loaded: shard_0003.pt  (1,000,000 rows)
173.0s 58 step   3200 | loss 0.240511 | L0 102.0 / 102 | dead  0.0%
174.3s 59 step   3300 | loss 0.239314 | L0 102.0 / 102 | dead  0.0%
175.7s 60 step   3400 | loss 0.232381 | L0 102.0 / 102 | dead  0.0%
178.0s 61 shard loaded: shard_0004.pt  (1,000,000 rows)
179.2s 62 step   3500 | loss 0.231887 | L0 102.0 / 102 | dead  0.0%
180.6s 63 step   3600 | loss 0.228969 | L0 102.0 / 102 | dead  0.0%
183.5s 64 shard loaded: shard_0005.pt  (1,000,000 rows)
184.2s 65 step   3700 | loss 0.231783 | L0 102.0 / 102 | dead  0.0%
185.5s 66 step   3800 | loss 0.225372 | L0 102.0 / 102 | dead  0.0%
186.9s 67 step   3900 | loss 0.224715 | L0 102.0 / 102 | dead  0.0%
189.0s 68 shard loaded: shard_0006.pt  (1,000,000 rows)
190.4s 69 step   4000 | loss 0.229199 | L0 102.0 / 102 | dead  0.0%
191.7s 70 step   4100 | loss 0.224510 | L0 102.0 / 102 | dead  0.0%
194.5s 71 shard loaded: shard_0007.pt  (1,000,000 rows)
195.3s 72 step   4200 | loss 0.221542 | L0 102.0 / 102 | dead  0.0%
196.6s 73 step   4300 | loss 0.215872 | L0 102.0 / 102 | dead  0.0%
200.0s 74 shard loaded: shard_0008.pt  (1,000,000 rows)
200.2s 75 step   4400 | loss 0.218175 | L0 102.0 / 102 | dead  0.0%
201.6s 76 step   4500 | loss 0.213423 | L0 102.0 / 102 | dead  0.0%
202.9s 77 step   4600 | loss 0.209709 | L0 102.0 / 102 | dead  0.0%
205.5s 78 shard loaded: shard_0009.pt  (1,000,000 rows)
206.4s 79 step   4700 | loss 0.213335 | L0 102.0 / 102 | dead  0.0%
207.8s 80 step   4800 | loss 0.209920 | L0 102.0 / 102 | dead  0.0%
210.9s 81 shard loaded: shard_0000.pt  (1,000,000 rows)
211.3s 82 step   4900 | loss 0.215156 | L0 102.0 / 102 | dead  0.0%
212.7s 83 step   5000 | loss 0.212600 | L0 102.0 / 102 | dead  0.0%
214.1s 84 step   5100 | loss 0.208886 | L0 102.0 / 102 | dead  0.0%
216.4s 85 shard loaded: shard_0001.pt  (1,000,000 rows)
217.5s 86 step   5200 | loss 0.212511 | L0 102.0 / 102 | dead  0.0%
218.9s 87 step   5300 | loss 0.211729 | L0 102.0 / 102 | dead  0.0%
221.9s 88 shard loaded: shard_0002.pt  (1,000,000 rows)
222.5s 89 step   5400 | loss 0.210650 | L0 102.0 / 102 | dead  0.0%
223.9s 90 step   5500 | loss 0.206426 | L0 102.0 / 102 | dead  0.0%
225.3s 91 step   5600 | loss 0.204460 | L0 102.0 / 102 | dead  0.0%
227.5s 92 shard loaded: shard_0003.pt  (1,000,000 rows)
228.8s 93 step   5700 | loss 0.206786 | L0 102.0 / 102 | dead  0.0%
230.2s 94 step   5800 | loss 0.206360 | L0 102.0 / 102 | dead  0.0%
233.1s 95 shard loaded: shard_0004.pt  (1,000,000 rows)
233.8s 96 step   5900 | loss 0.203471 | L0 102.0 / 102 | dead  0.0%
235.2s 97 step   6000 | loss 0.198830 | L0 102.0 / 102 | dead  0.0%
238.6s 98 shard loaded: shard_0005.pt  (1,000,000 rows)
238.6s 99 step   6100 | loss 0.199166 | L0 102.0 / 102 | dead  0.0%
240.2s 100 step   6200 | loss 0.200478 | L0 102.0 / 102 | dead  0.0%
241.6s 101 step   6300 | loss 0.199975 | L0 102.0 / 102 | dead  0.0%
244.3s 102 shard loaded: shard_0006.pt  (1,000,000 rows)
245.1s 103 step   6400 | loss 0.201607 | L0 102.0 / 102 | dead  0.0%
246.6s 104 step   6500 | loss 0.199962 | L0 102.0 / 102 | dead  0.0%
249.8s 105 shard loaded: shard_0007.pt  (1,000,000 rows)
250.1s 106 step   6600 | loss 0.200547 | L0 102.0 / 102 | dead  0.0%
251.5s 107 step   6700 | loss 0.196586 | L0 102.0 / 102 | dead  0.0%
253.0s 108 step   6800 | loss 0.196429 | L0 102.0 / 102 | dead  0.0%
255.5s 109 shard loaded: shard_0008.pt  (1,000,000 rows)
256.6s 110 step   6900 | loss 0.194584 | L0 102.0 / 102 | dead  0.0%
258.0s 111 step   7000 | loss 0.194321 | L0 102.0 / 102 | dead  0.0%
261.1s 112 shard loaded: shard_0009.pt  (1,000,000 rows)
261.6s 113 step   7100 | loss 0.195724 | L0 102.0 / 102 | dead  0.0%
263.0s 114 step   7200 | loss 0.194721 | L0 102.0 / 102 | dead  0.0%
264.5s 115 step   7300 | loss 0.195336 | L0 102.0 / 102 | dead  0.0%
266.8s 116 shard loaded: shard_0000.pt  (1,000,000 rows)
268.1s 117 step   7400 | loss 0.194711 | L0 102.0 / 102 | dead  0.0%
269.5s 118 step   7500 | loss 0.193667 | L0 102.0 / 102 | dead  0.0%
272.5s 119 shard loaded: shard_0001.pt  (1,000,000 rows)
273.2s 120 step   7600 | loss 0.197165 | L0 102.0 / 102 | dead  0.0%
274.7s 121 step   7700 | loss 0.195380 | L0 102.0 / 102 | dead  0.0%
276.2s 122 step   7800 | loss 0.195290 | L0 102.0 / 102 | dead  0.0%
278.3s 123 shard loaded: shard_0002.pt  (1,000,000 rows)
279.7s 124 step   7900 | loss 0.196759 | L0 102.0 / 102 | dead  0.0%
281.2s 125 step   8000 | loss 0.188418 | L0 102.0 / 102 | dead  0.0%
284.0s 126 shard loaded: shard_0003.pt  (1,000,000 rows)
284.8s 127 step   8100 | loss 0.193996 | L0 102.0 / 102 | dead  0.0%
286.3s 128 step   8200 | loss 0.193447 | L0 102.0 / 102 | dead  0.0%
289.7s 129 shard loaded: shard_0004.pt  (1,000,000 rows)
289.7s 130 step   8300 | loss 0.189306 | L0 102.0 / 102 | dead  0.0%
291.4s 131 step   8400 | loss 0.188203 | L0 102.0 / 102 | dead  0.0%
292.8s 132 step   8500 | loss 0.187657 | L0 102.0 / 102 | dead  0.0%
295.4s 133 shard loaded: shard_0005.pt  (1,000,000 rows)
296.4s 134 step   8600 | loss 0.190042 | L0 102.0 / 102 | dead  0.0%
297.9s 135 step   8700 | loss 0.189938 | L0 102.0 / 102 | dead  0.0%
301.1s 136 shard loaded: shard_0006.pt  (1,000,000 rows)
301.4s 137 step   8800 | loss 0.193198 | L0 102.0 / 102 | dead  0.0%
302.9s 138 step   8900 | loss 0.193111 | L0 102.0 / 102 | dead  0.0%
304.3s 139 step   9000 | loss 0.190441 | L0 102.0 / 102 | dead  0.0%
306.7s 140 shard loaded: shard_0007.pt  (1,000,000 rows)
307.9s 141 step   9100 | loss 0.186223 | L0 102.0 / 102 | dead  0.0%
309.3s 142 step   9200 | loss 0.183539 | L0 102.0 / 102 | dead  0.0%
312.4s 143 shard loaded: shard_0008.pt  (1,000,000 rows)
312.9s 144 step   9300 | loss 0.185636 | L0 102.0 / 102 | dead  0.0%
314.3s 145 step   9400 | loss 0.186141 | L0 102.0 / 102 | dead  0.0%
315.7s 146 step   9500 | loss 0.182796 | L0 102.0 / 102 | dead  0.0%
318.0s 147 shard loaded: shard_0009.pt  (1,000,000 rows)
319.3s 148 step   9600 | loss 0.186349 | L0 102.0 / 102 | dead  0.0%
320.7s 149 step   9700 | loss 0.183768 | L0 102.0 / 102 | dead  0.0%
323.6s 150 shard loaded: shard_0000.pt  (1,000,000 rows)
324.3s 151 step   9800 | loss 0.186401 | L0 102.0 / 102 | dead  0.0%
325.7s 152 step   9900 | loss 0.186889 | L0 102.0 / 102 | dead  0.0%
327.2s 153 step  10000 | loss 0.185523 | L0 102.0 / 102 | dead  0.0%
327.2s 154 checkpoint → sae_m1024_ckpt_010000.pt
329.2s 155 shard loaded: shard_0001.pt  (1,000,000 rows)
330.7s 156 step  10100 | loss 0.191840 | L0 102.0 / 102 | dead  0.0%
332.2s 157 step  10200 | loss 0.185253 | L0 102.0 / 102 | dead  0.0%
334.9s 158 shard loaded: shard_0002.pt  (1,000,000 rows)
335.7s 159 step  10300 | loss 0.183998 | L0 102.0 / 102 | dead  0.0%
337.2s 160 step  10400 | loss 0.184939 | L0 102.0 / 102 | dead  0.0%
340.5s 161 shard loaded: shard_0003.pt  (1,000,000 rows)
340.7s 162 step  10500 | loss 0.190848 | L0 102.0 / 102 | dead  0.0%
342.2s 163 step  10600 | loss 0.185425 | L0 102.0 / 102 | dead  0.0%
343.6s 164 step  10700 | loss 0.186909 | L0 102.0 / 102 | dead  0.0%
346.2s 165 shard loaded: shard_0004.pt  (1,000,000 rows)
347.2s 166 step  10800 | loss 0.181644 | L0 102.0 / 102 | dead  0.0%
348.7s 167 step  10900 | loss 0.182784 | L0 102.0 / 102 | dead  0.0%
351.9s 168 shard loaded: shard_0005.pt  (1,000,000 rows)
352.3s 169 step  11000 | loss 0.184232 | L0 102.0 / 102 | dead  0.0%
353.7s 170 step  11100 | loss 0.183794 | L0 102.0 / 102 | dead  0.0%
355.2s 171 step  11200 | loss 0.182866 | L0 102.0 / 102 | dead  0.0%
357.6s 172 shard loaded: shard_0006.pt  (1,000,000 rows)
358.7s 173 step  11300 | loss 0.185003 | L0 102.0 / 102 | dead  0.0%
360.2s 174 step  11400 | loss 0.185236 | L0 102.0 / 102 | dead  0.0%
363.3s 175 shard loaded: shard_0007.pt  (1,000,000 rows)
363.8s 176 step  11500 | loss 0.182483 | L0 102.0 / 102 | dead  0.0%
365.3s 177 step  11600 | loss 0.182622 | L0 102.0 / 102 | dead  0.0%
366.8s 178 step  11700 | loss 0.180310 | L0 102.0 / 102 | dead  0.0%
369.0s 179 shard loaded: shard_0008.pt  (1,000,000 rows)
370.3s 180 step  11800 | loss 0.179782 | L0 102.0 / 102 | dead  0.0%
371.8s 181 step  11900 | loss 0.180191 | L0 102.0 / 102 | dead  0.0%
374.7s 182 shard loaded: shard_0009.pt  (1,000,000 rows)
375.4s 183 step  12000 | loss 0.181426 | L0 102.0 / 102 | dead  0.0%
376.8s 184 step  12100 | loss 0.180378 | L0 102.0 / 102 | dead  0.0%
380.3s 185 shard loaded: shard_0000.pt  (1,000,000 rows)
380.3s 186 step  12200 | loss 0.183577 | L0 102.0 / 102 | dead  0.0%
381.8s 187 step  12300 | loss 0.180714 | L0 102.0 / 102 | dead  0.0%
383.3s 188 step  12400 | loss 0.180868 | L0 102.0 / 102 | dead  0.0%
385.9s 189 shard loaded: shard_0001.pt  (1,000,000 rows)
386.8s 190 step  12500 | loss 0.184483 | L0 102.0 / 102 | dead  0.0%
388.3s 191 step  12600 | loss 0.182716 | L0 102.0 / 102 | dead  0.0%
391.6s 192 shard loaded: shard_0002.pt  (1,000,000 rows)
391.9s 193 step  12700 | loss 0.181902 | L0 102.0 / 102 | dead  0.0%
393.3s 194 step  12800 | loss 0.181049 | L0 102.0 / 102 | dead  0.0%
394.8s 195 step  12900 | loss 0.181077 | L0 102.0 / 102 | dead  0.0%
397.3s 196 shard loaded: shard_0003.pt  (1,000,000 rows)
398.4s 197 step  13000 | loss 0.185178 | L0 102.0 / 102 | dead  0.0%
399.8s 198 step  13100 | loss 0.179826 | L0 102.0 / 102 | dead  0.0%
403.0s 199 shard loaded: shard_0004.pt  (1,000,000 rows)
403.5s 200 step  13200 | loss 0.180793 | L0 102.0 / 102 | dead  0.0%
404.9s 201 step  13300 | loss 0.177079 | L0 102.0 / 102 | dead  0.0%
406.4s 202 step  13400 | loss 0.178799 | L0 102.0 / 102 | dead  0.0%
408.7s 203 shard loaded: shard_0005.pt  (1,000,000 rows)
409.9s 204 step  13500 | loss 0.177841 | L0 102.0 / 102 | dead  0.0%
411.4s 205 step  13600 | loss 0.177082 | L0 102.0 / 102 | dead  0.0%
414.3s 206 shard loaded: shard_0006.pt  (1,000,000 rows)
414.9s 207 step  13700 | loss 0.183832 | L0 102.0 / 102 | dead  0.0%
416.4s 208 step  13800 | loss 0.180613 | L0 102.0 / 102 | dead  0.0%
417.9s 209 step  13900 | loss 0.181121 | L0 102.0 / 102 | dead  0.0%
420.0s 210 shard loaded: shard_0007.pt  (1,000,000 rows)
421.4s 211 step  14000 | loss 0.178115 | L0 102.0 / 102 | dead  0.0%
422.9s 212 step  14100 | loss 0.180271 | L0 102.0 / 102 | dead  0.0%
425.7s 213 shard loaded: shard_0008.pt  (1,000,000 rows)
426.4s 214 step  14200 | loss 0.178311 | L0 102.0 / 102 | dead  0.0%
427.9s 215 step  14300 | loss 0.177188 | L0 102.0 / 102 | dead  0.0%
431.3s 216 shard loaded: shard_0009.pt  (1,000,000 rows)
431.3s 217 step  14400 | loss 0.180734 | L0 102.0 / 102 | dead  0.0%
432.9s 218 step  14500 | loss 0.177646 | L0 102.0 / 102 | dead  0.0%
434.4s 219 step  14600 | loss 0.178230 | L0 102.0 / 102 | dead  0.0%
437.0s 220 shard loaded: shard_0000.pt  (1,000,000 rows)
438.0s 221 step  14700 | loss 0.180003 | L0 102.0 / 102 | dead  0.0%
439.4s 222 step  14800 | loss 0.178276 | L0 102.0 / 102 | dead  0.0%
442.9s 223 shard loaded: shard_0001.pt  (1,000,000 rows)
443.2s 224 step  14900 | loss 0.182600 | L0 102.0 / 102 | dead  0.0%
444.7s 225 step  15000 | loss 0.181333 | L0 102.0 / 102 | dead  0.0%
446.1s 226 step  15100 | loss 0.180340 | L0 102.0 / 102 | dead  0.0%
448.7s 227 shard loaded: shard_0002.pt  (1,000,000 rows)
449.8s 228 step  15200 | loss 0.179733 | L0 102.0 / 102 | dead  0.0%
451.3s 229 step  15300 | loss 0.176226 | L0 102.0 / 102 | dead  0.0%
454.5s 230 shard loaded: shard_0003.pt  (1,000,000 rows)
455.0s 231 step  15400 | loss 0.179792 | L0 102.0 / 102 | dead  0.0%
456.4s 232 step  15500 | loss 0.179677 | L0 102.0 / 102 | dead  0.0%
457.9s 233 step  15600 | loss 0.178920 | L0 102.0 / 102 | dead  0.0%
460.2s 234 shard loaded: shard_0004.pt  (1,000,000 rows)
461.5s 235 step  15700 | loss 0.178062 | L0 102.0 / 102 | dead  0.0%
462.9s 236 step  15800 | loss 0.172450 | L0 102.0 / 102 | dead  0.0%
465.8s 237 shard loaded: shard_0005.pt  (1,000,000 rows)
466.5s 238 step  15900 | loss 0.177512 | L0 102.0 / 102 | dead  0.0%
467.9s 239 step  16000 | loss 0.178091 | L0 102.0 / 102 | dead  0.0%
469.4s 240 step  16100 | loss 0.178530 | L0 102.0 / 102 | dead  0.0%
471.5s 241 shard loaded: shard_0006.pt  (1,000,000 rows)
473.0s 242 step  16200 | loss 0.179826 | L0 102.0 / 102 | dead  0.0%
474.4s 243 step  16300 | loss 0.181358 | L0 102.0 / 102 | dead  0.0%
477.2s 244 shard loaded: shard_0007.pt  (1,000,000 rows)
478.0s 245 step  16400 | loss 0.174850 | L0 102.0 / 102 | dead  0.0%
479.5s 246 step  16500 | loss 0.172234 | L0 102.0 / 102 | dead  0.0%
482.8s 247 shard loaded: shard_0008.pt  (1,000,000 rows)
483.0s 248 step  16600 | loss 0.176792 | L0 102.0 / 102 | dead  0.0%
484.5s 249 step  16700 | loss 0.174912 | L0 102.0 / 102 | dead  0.0%
486.0s 250 step  16800 | loss 0.175324 | L0 102.0 / 102 | dead  0.0%
488.5s 251 shard loaded: shard_0009.pt  (1,000,000 rows)
489.5s 252 step  16900 | loss 0.176615 | L0 102.0 / 102 | dead  0.0%
491.0s 253 step  17000 | loss 0.176522 | L0 102.0 / 102 | dead  0.0%
494.2s 254 shard loaded: shard_0000.pt  (1,000,000 rows)
494.6s 255 step  17100 | loss 0.178316 | L0 102.0 / 102 | dead  0.0%
496.0s 256 step  17200 | loss 0.178216 | L0 102.0 / 102 | dead  0.0%
497.5s 257 step  17300 | loss 0.177012 | L0 102.0 / 102 | dead  0.0%
499.9s 258 shard loaded: shard_0001.pt  (1,000,000 rows)
501.1s 259 step  17400 | loss 0.180131 | L0 102.0 / 102 | dead  0.0%
502.5s 260 step  17500 | loss 0.179176 | L0 102.0 / 102 | dead  0.0%
505.5s 261 shard loaded: shard_0002.pt  (1,000,000 rows)
506.1s 262 step  17600 | loss 0.176021 | L0 102.0 / 102 | dead  0.0%
507.6s 263 step  17700 | loss 0.179242 | L0 102.0 / 102 | dead  0.0%
509.0s 264 step  17800 | loss 0.173655 | L0 102.0 / 102 | dead  0.0%
511.2s 265 shard loaded: shard_0003.pt  (1,000,000 rows)
512.6s 266 step  17900 | loss 0.178454 | L0 102.0 / 102 | dead  0.0%
514.0s 267 step  18000 | loss 0.177196 | L0 102.0 / 102 | dead  0.0%
516.9s 268 shard loaded: shard_0004.pt  (1,000,000 rows)
517.6s 269 step  18100 | loss 0.174088 | L0 102.0 / 102 | dead  0.0%
519.0s 270 step  18200 | loss 0.176630 | L0 102.0 / 102 | dead  0.0%
522.5s 271 shard loaded: shard_0005.pt  (1,000,000 rows)
522.5s 272 step  18300 | loss 0.177446 | L0 102.0 / 102 | dead  0.0%
524.1s 273 step  18400 | loss 0.175319 | L0 102.0 / 102 | dead  0.0%
525.5s 274 step  18500 | loss 0.173591 | L0 102.0 / 102 | dead  0.0%
528.2s 275 shard loaded: shard_0006.pt  (1,000,000 rows)
529.1s 276 step  18600 | loss 0.179115 | L0 102.0 / 102 | dead  0.0%
530.6s 277 step  18700 | loss 0.177461 | L0 102.0 / 102 | dead  0.0%
533.9s 278 shard loaded: shard_0007.pt  (1,000,000 rows)
534.1s 279 step  18800 | loss 0.174478 | L0 102.0 / 102 | dead  0.0%
535.6s 280 step  18900 | loss 0.172706 | L0 102.0 / 102 | dead  0.0%
537.1s 281 step  19000 | loss 0.175827 | L0 102.0 / 102 | dead  0.0%
539.5s 282 shard loaded: shard_0008.pt  (1,000,000 rows)
540.6s 283 step  19100 | loss 0.173247 | L0 102.0 / 102 | dead  0.0%
542.1s 284 step  19200 | loss 0.171535 | L0 102.0 / 102 | dead  0.0%
545.2s 285 shard loaded: shard_0009.pt  (1,000,000 rows)
545.6s 286 step  19300 | loss 0.174973 | L0 102.0 / 102 | dead  0.0%
547.1s 287 step  19400 | loss 0.172949 | L0 102.0 / 102 | dead  0.0%
548.6s 288 step  19500 | loss 0.176911 | L0 102.0 / 102 | dead  0.0%
550.9s 289 shard loaded: shard_0000.pt  (1,000,000 rows)
552.1s 290 step  19600 | loss 0.176511 | L0 102.0 / 102 | dead  0.0%
553.6s 291 step  19700 | loss 0.174960 | L0 102.0 / 102 | dead  0.0%
556.6s 292 shard loaded: shard_0001.pt  (1,000,000 rows)
557.1s 293 step  19800 | loss 0.177894 | L0 102.0 / 102 | dead  0.0%
558.6s 294 step  19900 | loss 0.175484 | L0 102.0 / 102 | dead  0.0%
560.1s 295 step  20000 | loss 0.177505 | L0 102.0 / 102 | dead  0.0%
560.1s 296 checkpoint → sae_m1024_ckpt_020000.pt
562.3s 297 shard loaded: shard_0002.pt  (1,000,000 rows)
563.7s 298 step  20100 | loss 0.174044 | L0 102.0 / 102 | dead  0.0%
565.2s 299 step  20200 | loss 0.175479 | L0 102.0 / 102 | dead  0.0%
567.9s 300 shard loaded: shard_0003.pt  (1,000,000 rows)
568.7s 301 step  20300 | loss 0.177233 | L0 102.0 / 102 | dead  0.0%
570.2s 302 step  20400 | loss 0.176340 | L0 102.0 / 102 | dead  0.0%
573.6s 303 shard loaded: shard_0004.pt  (1,000,000 rows)
573.6s 304 step  20500 | loss 0.175455 | L0 102.0 / 102 | dead  0.0%
575.2s 305 step  20600 | loss 0.173377 | L0 102.0 / 102 | dead  0.0%
576.7s 306 step  20700 | loss 0.172221 | L0 102.0 / 102 | dead  0.0%
579.2s 307 shard loaded: shard_0005.pt  (1,000,000 rows)
580.2s 308 step  20800 | loss 0.173719 | L0 102.0 / 102 | dead  0.0%
581.7s 309 step  20900 | loss 0.175154 | L0 102.0 / 102 | dead  0.0%
584.9s 310 shard loaded: shard_0006.pt  (1,000,000 rows)
585.2s 311 step  21000 | loss 0.180013 | L0 102.0 / 102 | dead  0.0%
586.7s 312 step  21100 | loss 0.175733 | L0 102.0 / 102 | dead  0.0%
588.2s 313 step  21200 | loss 0.175198 | L0 102.0 / 102 | dead  0.0%
590.5s 314 shard loaded: shard_0007.pt  (1,000,000 rows)
591.7s 315 step  21300 | loss 0.176044 | L0 102.0 / 102 | dead  0.0%
593.2s 316 step  21400 | loss 0.172788 | L0 102.0 / 102 | dead  0.0%
596.2s 317 shard loaded: shard_0008.pt  (1,000,000 rows)
596.7s 318 step  21500 | loss 0.174958 | L0 102.0 / 102 | dead  0.0%
598.2s 319 step  21600 | loss 0.172996 | L0 102.0 / 102 | dead  0.0%
599.6s 320 step  21700 | loss 0.172680 | L0 102.0 / 102 | dead  0.0%
601.9s 321 shard loaded: shard_0009.pt  (1,000,000 rows)
603.2s 322 step  21800 | loss 0.174129 | L0 102.0 / 102 | dead  0.0%
604.7s 323 step  21900 | loss 0.170078 | L0 102.0 / 102 | dead  0.0%
607.6s 324 shard loaded: shard_0000.pt  (1,000,000 rows)
608.2s 325 step  22000 | loss 0.175656 | L0 102.0 / 102 | dead  0.0%
609.7s 326 step  22100 | loss 0.171787 | L0 102.0 / 102 | dead  0.0%
611.2s 327 step  22200 | loss 0.173371 | L0 102.0 / 102 | dead  0.0%
613.2s 328 shard loaded: shard_0001.pt  (1,000,000 rows)
614.7s 329 step  22300 | loss 0.175012 | L0 102.0 / 102 | dead  0.0%
616.2s 330 step  22400 | loss 0.173118 | L0 102.0 / 102 | dead  0.0%
618.9s 331 shard loaded: shard_0002.pt  (1,000,000 rows)
619.8s 332 step  22500 | loss 0.173444 | L0 102.0 / 102 | dead  0.0%
621.2s 333 step  22600 | loss 0.172636 | L0 102.0 / 102 | dead  0.0%
624.6s 334 shard loaded: shard_0003.pt  (1,000,000 rows)
624.6s 335 step  22700 | loss 0.176934 | L0 102.0 / 102 | dead  0.0%
626.2s 336 step  22800 | loss 0.177160 | L0 102.0 / 102 | dead  0.0%
627.7s 337 step  22900 | loss 0.174494 | L0 102.0 / 102 | dead  0.0%
630.2s 338 shard loaded: shard_0004.pt  (1,000,000 rows)
631.3s 339 step  23000 | loss 0.173941 | L0 102.0 / 102 | dead  0.0%
632.7s 340 step  23100 | loss 0.173905 | L0 102.0 / 102 | dead  0.0%
635.9s 341 shard loaded: shard_0005.pt  (1,000,000 rows)
636.3s 342 step  23200 | loss 0.176417 | L0 102.0 / 102 | dead  0.0%
637.8s 343 step  23300 | loss 0.172364 | L0 102.0 / 102 | dead  0.0%
639.2s 344 step  23400 | loss 0.171232 | L0 102.0 / 102 | dead  0.0%
641.6s 345 shard loaded: shard_0006.pt  (1,000,000 rows)
642.8s 346 step  23500 | loss 0.178789 | L0 102.0 / 102 | dead  0.0%
644.2s 347 step  23600 | loss 0.174514 | L0 102.0 / 102 | dead  0.0%
647.2s 348 shard loaded: shard_0007.pt  (1,000,000 rows)
647.8s 349 step  23700 | loss 0.172710 | L0 102.0 / 102 | dead  0.0%
649.3s 350 step  23800 | loss 0.173801 | L0 102.0 / 102 | dead  0.0%
650.7s 351 step  23900 | loss 0.171562 | L0 102.0 / 102 | dead  0.0%
652.9s 352 shard loaded: shard_0008.pt  (1,000,000 rows)
654.3s 353 step  24000 | loss 0.169398 | L0 102.0 / 102 | dead  0.0%
655.8s 354 step  24100 | loss 0.172190 | L0 102.0 / 102 | dead  0.0%
658.6s 355 shard loaded: shard_0009.pt  (1,000,000 rows)
659.3s 356 step  24200 | loss 0.172393 | L0 102.0 / 102 | dead  0.0%
660.8s 357 step  24300 | loss 0.171486 | L0 102.0 / 102 | dead  0.0%
664.2s 358 shard loaded: shard_0000.pt  (1,000,000 rows)
664.2s 359 step  24400 | loss 0.173995 | L0 102.0 / 102 | dead  0.0%
665.8s 360 step  24500 | loss 0.173864 | L0 102.0 / 102 | dead  0.0%
667.2s 361 step  24600 | loss 0.174197 | L0 102.0 / 102 | dead  0.0%
669.9s 362 shard loaded: shard_0001.pt  (1,000,000 rows)
670.8s 363 step  24700 | loss 0.174968 | L0 102.0 / 102 | dead  0.0%
672.2s 364 step  24800 | loss 0.173382 | L0 102.0 / 102 | dead  0.0%
675.6s 365 shard loaded: shard_0002.pt  (1,000,000 rows)
675.8s 366 step  24900 | loss 0.175043 | L0 102.0 / 102 | dead  0.0%
677.3s 367 step  25000 | loss 0.174473 | L0 102.0 / 102 | dead  0.0%
678.8s 368 step  25100 | loss 0.172662 | L0 102.0 / 102 | dead  0.0%
681.2s 369 shard loaded: shard_0003.pt  (1,000,000 rows)
682.3s 370 step  25200 | loss 0.173102 | L0 102.0 / 102 | dead  0.0%
683.8s 371 step  25300 | loss 0.174475 | L0 102.0 / 102 | dead  0.0%
686.9s 372 shard loaded: shard_0004.pt  (1,000,000 rows)
687.4s 373 step  25400 | loss 0.174702 | L0 102.0 / 102 | dead  0.0%
688.8s 374 step  25500 | loss 0.172664 | L0 102.0 / 102 | dead  0.0%
690.3s 375 step  25600 | loss 0.169231 | L0 102.0 / 102 | dead  0.0%
692.6s 376 shard loaded: shard_0005.pt  (1,000,000 rows)
693.9s 377 step  25700 | loss 0.172927 | L0 102.0 / 102 | dead  0.0%
695.3s 378 step  25800 | loss 0.170397 | L0 102.0 / 102 | dead  0.0%
698.3s 379 shard loaded: shard_0006.pt  (1,000,000 rows)
698.9s 380 step  25900 | loss 0.173770 | L0 102.0 / 102 | dead  0.0%
700.3s 381 step  26000 | loss 0.173873 | L0 102.0 / 102 | dead  0.0%
701.8s 382 step  26100 | loss 0.173426 | L0 102.0 / 102 | dead  0.0%
703.9s 383 shard loaded: shard_0007.pt  (1,000,000 rows)
705.4s 384 step  26200 | loss 0.172283 | L0 102.0 / 102 | dead  0.0%
706.8s 385 step  26300 | loss 0.171906 | L0 102.0 / 102 | dead  0.0%
709.6s 386 shard loaded: shard_0008.pt  (1,000,000 rows)
710.4s 387 step  26400 | loss 0.171609 | L0 102.0 / 102 | dead  0.0%
711.9s 388 step  26500 | loss 0.170263 | L0 102.0 / 102 | dead  0.0%
715.2s 389 shard loaded: shard_0009.pt  (1,000,000 rows)
715.2s 390 step  26600 | loss 0.171685 | L0 102.0 / 102 | dead  0.0%
716.8s 391 step  26700 | loss 0.171035 | L0 102.0 / 102 | dead  0.0%
718.3s 392 step  26800 | loss 0.172973 | L0 102.0 / 102 | dead  0.0%
720.9s 393 shard loaded: shard_0000.pt  (1,000,000 rows)
721.9s 394 step  26900 | loss 0.173133 | L0 102.0 / 102 | dead  0.0%
723.3s 395 step  27000 | loss 0.171541 | L0 102.0 / 102 | dead  0.0%
726.6s 396 shard loaded: shard_0001.pt  (1,000,000 rows)
726.9s 397 step  27100 | loss 0.176926 | L0 102.0 / 102 | dead  0.0%
728.3s 398 step  27200 | loss 0.175722 | L0 102.0 / 102 | dead  0.0%
729.8s 399 step  27300 | loss 0.172911 | L0 102.0 / 102 | dead  0.0%
732.2s 400 shard loaded: shard_0002.pt  (1,000,000 rows)
733.4s 401 step  27400 | loss 0.173056 | L0 102.0 / 102 | dead  0.0%
734.9s 402 step  27500 | loss 0.170022 | L0 102.0 / 102 | dead  0.0%
737.9s 403 shard loaded: shard_0003.pt  (1,000,000 rows)
738.5s 404 step  27600 | loss 0.175422 | L0 102.0 / 102 | dead  0.0%
739.9s 405 step  27700 | loss 0.174560 | L0 102.0 / 102 | dead  0.0%
741.4s 406 step  27800 | loss 0.174183 | L0 102.0 / 102 | dead  0.0%
743.7s 407 shard loaded: shard_0004.pt  (1,000,000 rows)
744.9s 408 step  27900 | loss 0.170493 | L0 102.0 / 102 | dead  0.0%
746.4s 409 step  28000 | loss 0.169632 | L0 102.0 / 102 | dead  0.0%
749.3s 410 shard loaded: shard_0005.pt  (1,000,000 rows)
750.0s 411 step  28100 | loss 0.173388 | L0 102.0 / 102 | dead  0.0%
751.4s 412 step  28200 | loss 0.172940 | L0 102.0 / 102 | dead  0.0%
752.9s 413 step  28300 | loss 0.170924 | L0 102.0 / 102 | dead  0.0%
755.0s 414 shard loaded: shard_0006.pt  (1,000,000 rows)
756.4s 415 step  28400 | loss 0.173345 | L0 102.0 / 102 | dead  0.0%
757.9s 416 step  28500 | loss 0.173869 | L0 102.0 / 102 | dead  0.0%
760.6s 417 shard loaded: shard_0007.pt  (1,000,000 rows)
761.4s 418 step  28600 | loss 0.173057 | L0 102.0 / 102 | dead  0.0%
762.9s 419 step  28700 | loss 0.171400 | L0 102.0 / 102 | dead  0.0%
766.3s 420 shard loaded: shard_0008.pt  (1,000,000 rows)
766.3s 421 step  28800 | loss 0.173333 | L0 102.0 / 102 | dead  0.0%
767.9s 422 step  28900 | loss 0.170840 | L0 102.0 / 102 | dead  0.0%
769.4s 423 step  29000 | loss 0.168642 | L0 102.0 / 102 | dead  0.0%
771.9s 424 shard loaded: shard_0009.pt  (1,000,000 rows)
772.9s 425 step  29100 | loss 0.172752 | L0 102.0 / 102 | dead  0.0%
774.4s 426 step  29200 | loss 0.171667 | L0 102.0 / 102 | dead  0.0%
777.6s 427 shard loaded: shard_0000.pt  (1,000,000 rows)
777.9s 428 step  29300 | loss 0.173311 | L0 102.0 / 102 | dead  0.0%
779.4s 429 step  29400 | loss 0.171758 | L0 102.0 / 102 | dead  0.0%
780.9s 430 step  29500 | loss 0.171692 | L0 102.0 / 102 | dead  0.0%
783.3s 431 shard loaded: shard_0001.pt  (1,000,000 rows)
784.5s 432 step  29600 | loss 0.175277 | L0 102.0 / 102 | dead  0.0%
785.9s 433 step  29700 | loss 0.174379 | L0 102.0 / 102 | dead  0.0%
788.9s 434 shard loaded: shard_0002.pt  (1,000,000 rows)
789.5s 435 step  29800 | loss 0.174502 | L0 102.0 / 102 | dead  0.0%
791.0s 436 step  29900 | loss 0.169783 | L0 102.0 / 102 | dead  0.0%
792.4s 437 step  30000 | loss 0.174033 | L0 102.0 / 102 | dead  0.0%
792.4s 438 checkpoint → sae_m1024_ckpt_030000.pt
794.6s 439 shard loaded: shard_0003.pt  (1,000,000 rows)
796.0s 440 step  30100 | loss 0.174110 | L0 102.0 / 102 | dead  0.0%
797.5s 441 step  30200 | loss 0.171737 | L0 102.0 / 102 | dead  0.0%
800.3s 442 shard loaded: shard_0004.pt  (1,000,000 rows)
801.0s 443 step  30300 | loss 0.172039 | L0 102.0 / 102 | dead  0.0%
802.5s 444 step  30400 | loss 0.171963 | L0 102.0 / 102 | dead  0.0%
806.0s 445 shard loaded: shard_0005.pt  (1,000,000 rows)
806.0s 446 step  30500 | loss 0.173880 | L0 102.0 / 102 | dead  0.0%
807.5s 447 step  30600 | loss 0.173360 | L0 102.0 / 102 | dead  0.0%
809.0s 448 step  30700 | loss 0.170741 | L0 102.0 / 102 | dead  0.0%
811.7s 449 shard loaded: shard_0006.pt  (1,000,000 rows)
812.6s 450 step  30800 | loss 0.175026 | L0 102.0 / 102 | dead  0.0%
814.1s 451 step  30900 | loss 0.172789 | L0 102.0 / 102 | dead  0.0%
817.4s 452 shard loaded: shard_0007.pt  (1,000,000 rows)
817.7s 453 step  31000 | loss 0.173720 | L0 102.0 / 102 | dead  0.0%
819.1s 454 step  31100 | loss 0.171229 | L0 102.0 / 102 | dead  0.0%
820.6s 455 step  31200 | loss 0.170735 | L0 102.0 / 102 | dead  0.0%
823.1s 456 shard loaded: shard_0008.pt  (1,000,000 rows)
824.2s 457 step  31300 | loss 0.171405 | L0 102.0 / 102 | dead  0.0%
825.6s 458 step  31400 | loss 0.168767 | L0 102.0 / 102 | dead  0.0%
828.7s 459 shard loaded: shard_0009.pt  (1,000,000 rows)
829.2s 460 step  31500 | loss 0.171216 | L0 102.0 / 102 | dead  0.0%
830.6s 461 step  31600 | loss 0.171090 | L0 102.0 / 102 | dead  0.0%
832.1s 462 step  31700 | loss 0.170435 | L0 102.0 / 102 | dead  0.0%
834.4s 463 shard loaded: shard_0000.pt  (1,000,000 rows)
835.6s 464 step  31800 | loss 0.170343 | L0 102.0 / 102 | dead  0.0%
837.1s 465 step  31900 | loss 0.170822 | L0 102.0 / 102 | dead  0.0%
840.0s 466 shard loaded: shard_0001.pt  (1,000,000 rows)
840.7s 467 step  32000 | loss 0.175026 | L0 102.0 / 102 | dead  0.0%
842.1s 468 step  32100 | loss 0.172533 | L0 102.0 / 102 | dead  0.0%
843.6s 469 step  32200 | loss 0.175757 | L0 102.0 / 102 | dead  0.0%
845.7s 470 shard loaded: shard_0002.pt  (1,000,000 rows)
847.1s 471 step  32300 | loss 0.171337 | L0 102.0 / 102 | dead  0.0%
848.6s 472 step  32400 | loss 0.171429 | L0 102.0 / 102 | dead  0.0%
851.3s 473 shard loaded: shard_0003.pt  (1,000,000 rows)
852.1s 474 step  32500 | loss 0.174029 | L0 102.0 / 102 | dead  0.0%
853.6s 475 step  32600 | loss 0.173927 | L0 102.0 / 102 | dead  0.0%
857.0s 476 shard loaded: shard_0004.pt  (1,000,000 rows)
857.0s 477 step  32700 | loss 0.172414 | L0 102.0 / 102 | dead  0.0%
858.6s 478 step  32800 | loss 0.169392 | L0 102.0 / 102 | dead  0.0%
860.0s 479 step  32900 | loss 0.169282 | L0 102.0 / 102 | dead  0.0%
862.6s 480 shard loaded: shard_0005.pt  (1,000,000 rows)
863.6s 481 step  33000 | loss 0.171467 | L0 102.0 / 102 | dead  0.0%
865.1s 482 step  33100 | loss 0.170556 | L0 102.0 / 102 | dead  0.0%
868.3s 483 shard loaded: shard_0006.pt  (1,000,000 rows)
868.6s 484 step  33200 | loss 0.172726 | L0 102.0 / 102 | dead  0.0%
870.1s 485 step  33300 | loss 0.172508 | L0 102.0 / 102 | dead  0.0%
871.6s 486 step  33400 | loss 0.172909 | L0 102.0 / 102 | dead  0.0%
874.0s 487 shard loaded: shard_0007.pt  (1,000,000 rows)
875.1s 488 step  33500 | loss 0.170353 | L0 102.0 / 102 | dead  0.0%
876.6s 489 step  33600 | loss 0.170102 | L0 102.0 / 102 | dead  0.0%
879.7s 490 shard loaded: shard_0008.pt  (1,000,000 rows)
880.2s 491 step  33700 | loss 0.168587 | L0 102.0 / 102 | dead  0.0%
881.6s 492 step  33800 | loss 0.167776 | L0 102.0 / 102 | dead  0.0%
883.1s 493 step  33900 | loss 0.167696 | L0 102.0 / 102 | dead  0.0%
885.4s 494 shard loaded: shard_0009.pt  (1,000,000 rows)
886.7s 495 step  34000 | loss 0.168648 | L0 102.0 / 102 | dead  0.0%
888.2s 496 step  34100 | loss 0.169522 | L0 102.0 / 102 | dead  0.0%
891.1s 497 shard loaded: shard_0000.pt  (1,000,000 rows)
891.7s 498 step  34200 | loss 0.172854 | L0 102.0 / 102 | dead  0.0%
893.2s 499 step  34300 | loss 0.169441 | L0 102.0 / 102 | dead  0.0%
894.7s 500 step  34400 | loss 0.167718 | L0 102.0 / 102 | dead  0.0%
896.8s 501 shard loaded: shard_0001.pt  (1,000,000 rows)
898.3s 502 step  34500 | loss 0.174080 | L0 102.0 / 102 | dead  0.0%
899.8s 503 step  34600 | loss 0.171259 | L0 102.0 / 102 | dead  0.0%
902.5s 504 shard loaded: shard_0002.pt  (1,000,000 rows)
903.3s 505 step  34700 | loss 0.170375 | L0 102.0 / 102 | dead  0.0%
904.8s 506 step  34800 | loss 0.169803 | L0 102.0 / 102 | dead  0.0%
908.2s 507 shard loaded: shard_0003.pt  (1,000,000 rows)
908.4s 508 step  34900 | loss 0.174829 | L0 102.0 / 102 | dead  0.0%
909.8s 509 step  35000 | loss 0.174189 | L0 102.0 / 102 | dead  0.0%
911.3s 510 step  35100 | loss 0.171117 | L0 102.0 / 102 | dead  0.0%
913.9s 511 shard loaded: shard_0004.pt  (1,000,000 rows)
915.0s 512 step  35200 | loss 0.168790 | L0 102.0 / 102 | dead  0.0%
916.4s 513 step  35300 | loss 0.170601 | L0 102.0 / 102 | dead  0.0%
919.6s 514 shard loaded: shard_0005.pt  (1,000,000 rows)
920.0s 515 step  35400 | loss 0.170852 | L0 102.0 / 102 | dead  0.0%
921.5s 516 step  35500 | loss 0.170379 | L0 102.0 / 102 | dead  0.0%
922.9s 517 step  35600 | loss 0.170895 | L0 102.0 / 102 | dead  0.0%
925.4s 518 shard loaded: shard_0006.pt  (1,000,000 rows)
926.6s 519 step  35700 | loss 0.171297 | L0 102.0 / 102 | dead  0.0%
928.0s 520 step  35800 | loss 0.170983 | L0 102.0 / 102 | dead  0.0%
931.1s 521 shard loaded: shard_0007.pt  (1,000,000 rows)
931.6s 522 step  35900 | loss 0.168747 | L0 102.0 / 102 | dead  0.0%
933.1s 523 step  36000 | loss 0.170398 | L0 102.0 / 102 | dead  0.0%
934.5s 524 step  36100 | loss 0.167886 | L0 102.0 / 102 | dead  0.0%
936.7s 525 shard loaded: shard_0008.pt  (1,000,000 rows)
938.1s 526 step  36200 | loss 0.169845 | L0 102.0 / 102 | dead  0.0%
939.6s 527 step  36300 | loss 0.166089 | L0 102.0 / 102 | dead  0.0%
942.4s 528 shard loaded: shard_0009.pt  (1,000,000 rows)
943.1s 529 step  36400 | loss 0.170647 | L0 102.0 / 102 | dead  0.0%
944.6s 530 step  36500 | loss 0.170766 | L0 102.0 / 102 | dead  0.0%
948.1s 531 shard loaded: shard_0000.pt  (1,000,000 rows)
948.1s 532 step  36600 | loss 0.173820 | L0 102.0 / 102 | dead  0.0%
949.6s 533 step  36700 | loss 0.172478 | L0 102.0 / 102 | dead  0.0%
951.1s 534 step  36800 | loss 0.169372 | L0 102.0 / 102 | dead  0.0%
953.7s 535 shard loaded: shard_0001.pt  (1,000,000 rows)
954.7s 536 step  36900 | loss 0.177484 | L0 102.0 / 102 | dead  0.0%
956.1s 537 step  37000 | loss 0.172866 | L0 102.0 / 102 | dead  0.0%
959.4s 538 shard loaded: shard_0002.pt  (1,000,000 rows)
959.7s 539 step  37100 | loss 0.169808 | L0 102.0 / 102 | dead  0.0%
961.2s 540 step  37200 | loss 0.168455 | L0 102.0 / 102 | dead  0.0%
962.6s 541 step  37300 | loss 0.170251 | L0 102.0 / 102 | dead  0.0%
965.1s 542 shard loaded: shard_0003.pt  (1,000,000 rows)
966.2s 543 step  37400 | loss 0.172458 | L0 102.0 / 102 | dead  0.0%
967.6s 544 step  37500 | loss 0.170674 | L0 102.0 / 102 | dead  0.0%
970.9s 545 shard loaded: shard_0004.pt  (1,000,000 rows)
971.3s 546 step  37600 | loss 0.171891 | L0 102.0 / 102 | dead  0.0%
972.8s 547 step  37700 | loss 0.170558 | L0 102.0 / 102 | dead  0.0%
974.2s 548 step  37800 | loss 0.168865 | L0 102.0 / 102 | dead  0.0%
976.6s 549 shard loaded: shard_0005.pt  (1,000,000 rows)
977.8s 550 step  37900 | loss 0.170400 | L0 102.0 / 102 | dead  0.0%
979.3s 551 step  38000 | loss 0.169970 | L0 102.0 / 102 | dead  0.0%
982.3s 552 shard loaded: shard_0006.pt  (1,000,000 rows)
982.9s 553 step  38100 | loss 0.175775 | L0 102.0 / 102 | dead  0.0%
984.4s 554 step  38200 | loss 0.174455 | L0 102.0 / 102 | dead  0.0%
985.9s 555 step  38300 | loss 0.171698 | L0 102.0 / 102 | dead  0.0%
988.1s 556 shard loaded: shard_0007.pt  (1,000,000 rows)
989.5s 557 step  38400 | loss 0.171658 | L0 102.0 / 102 | dead  0.0%
991.0s 558 step  38500 | loss 0.170054 | L0 102.0 / 102 | dead  0.0%
993.9s 559 shard loaded: shard_0008.pt  (1,000,000 rows)
994.6s 560 step  38600 | loss 0.167674 | L0 102.0 / 102 | dead  0.0%
996.1s 561 step  38700 | loss 0.167993 | L0 102.0 / 102 | dead  0.0%
999.6s 562 shard loaded: shard_0009.pt  (1,000,000 rows)
999.6s 563 step  38800 | loss 0.172044 | L0 102.0 / 102 | dead  0.0%
1001.2s 564 step  38900 | loss 0.169810 | L0 102.0 / 102 | dead  0.0%
1002.6s 565 step  39000 | loss 0.169204 | L0 102.0 / 102 | dead  0.0%
1005.3s 566 shard loaded: shard_0000.pt  (1,000,000 rows)
1006.3s 567 step  39100 | loss 0.171085 | L0 102.0 / 102 | dead  0.0%
1007.7s 568 step  39200 | loss 0.170278 | L0 102.0 / 102 | dead  0.0%
1011.0s 569 shard loaded: shard_0001.pt  (1,000,000 rows)
1011.4s 570 step  39300 | loss 0.173577 | L0 102.0 / 102 | dead  0.0%
1012.8s 571 step  39400 | loss 0.175340 | L0 102.0 / 102 | dead  0.0%
1014.3s 572 step  39500 | loss 0.172757 | L0 102.0 / 102 | dead  0.0%
1016.8s 573 shard loaded: shard_0002.pt  (1,000,000 rows)
1017.9s 574 step  39600 | loss 0.168600 | L0 102.0 / 102 | dead  0.0%
1019.4s 575 step  39700 | loss 0.169764 | L0 102.0 / 102 | dead  0.0%
1022.5s 576 shard loaded: shard_0003.pt  (1,000,000 rows)
1023.0s 577 step  39800 | loss 0.174760 | L0 102.0 / 102 | dead  0.0%
1024.5s 578 step  39900 | loss 0.173005 | L0 102.0 / 102 | dead  0.0%
1026.0s 579 step  40000 | loss 0.174895 | L0 102.0 / 102 | dead  0.0%
1026.0s 580 checkpoint → sae_m1024_ckpt_040000.pt
1028.3s 581 shard loaded: shard_0004.pt  (1,000,000 rows)
1029.6s 582 step  40100 | loss 0.169388 | L0 102.0 / 102 | dead  0.0%
1031.1s 583 step  40200 | loss 0.170449 | L0 102.0 / 102 | dead  0.0%
1034.0s 584 shard loaded: shard_0005.pt  (1,000,000 rows)
1034.7s 585 step  40300 | loss 0.169168 | L0 102.0 / 102 | dead  0.0%
1036.2s 586 step  40400 | loss 0.167678 | L0 102.0 / 102 | dead  0.0%
1037.6s 587 step  40500 | loss 0.168609 | L0 102.0 / 102 | dead  0.0%
1039.7s 588 shard loaded: shard_0006.pt  (1,000,000 rows)
1041.2s 589 step  40600 | loss 0.172486 | L0 102.0 / 102 | dead  0.0%
1042.7s 590 step  40700 | loss 0.170768 | L0 102.0 / 102 | dead  0.0%
1045.4s 591 shard loaded: shard_0007.pt  (1,000,000 rows)
1046.3s 592 step  40800 | loss 0.167931 | L0 102.0 / 102 | dead  0.0%
1047.8s 593 step  40900 | loss 0.169551 | L0 102.0 / 102 | dead  0.0%
1051.2s 594 shard loaded: shard_0008.pt  (1,000,000 rows)
1051.2s 595 step  41000 | loss 0.172206 | L0 102.0 / 102 | dead  0.0%
1052.9s 596 step  41100 | loss 0.168678 | L0 102.0 / 102 | dead  0.0%
1054.3s 597 step  41200 | loss 0.167065 | L0 102.0 / 102 | dead  0.0%
1056.9s 598 shard loaded: shard_0009.pt  (1,000,000 rows)
1057.9s 599 step  41300 | loss 0.168276 | L0 102.0 / 102 | dead  0.0%
1059.4s 600 step  41400 | loss 0.169359 | L0 102.0 / 102 | dead  0.0%
1062.7s 601 shard loaded: shard_0000.pt  (1,000,000 rows)
1063.0s 602 step  41500 | loss 0.171818 | L0 102.0 / 102 | dead  0.0%
1064.5s 603 step  41600 | loss 0.170864 | L0 102.0 / 102 | dead  0.0%
1066.0s 604 step  41700 | loss 0.170927 | L0 102.0 / 102 | dead  0.0%
1068.4s 605 shard loaded: shard_0001.pt  (1,000,000 rows)
1069.6s 606 step  41800 | loss 0.174752 | L0 102.0 / 102 | dead  0.0%
1071.1s 607 step  41900 | loss 0.172433 | L0 102.0 / 102 | dead  0.0%
1074.2s 608 shard loaded: shard_0002.pt  (1,000,000 rows)
1074.7s 609 step  42000 | loss 0.170150 | L0 102.0 / 102 | dead  0.0%
1076.2s 610 step  42100 | loss 0.170256 | L0 102.0 / 102 | dead  0.0%
1077.7s 611 step  42200 | loss 0.170109 | L0 102.0 / 102 | dead  0.0%
1079.9s 612 shard loaded: shard_0003.pt  (1,000,000 rows)
1081.3s 613 step  42300 | loss 0.172128 | L0 102.0 / 102 | dead  0.0%
1082.8s 614 step  42400 | loss 0.170761 | L0 102.0 / 102 | dead  0.0%
1085.7s 615 shard loaded: shard_0004.pt  (1,000,000 rows)
1086.5s 616 step  42500 | loss 0.169344 | L0 102.0 / 102 | dead  0.0%
1088.0s 617 step  42600 | loss 0.170111 | L0 102.0 / 102 | dead  0.0%
1091.6s 618 shard loaded: shard_0005.pt  (1,000,000 rows)
1091.6s 619 step  42700 | loss 0.171289 | L0 102.0 / 102 | dead  0.0%
1093.1s 620 step  42800 | loss 0.170209 | L0 102.0 / 102 | dead  0.0%
1094.6s 621 step  42900 | loss 0.169271 | L0 102.0 / 102 | dead  0.0%
1097.4s 622 shard loaded: shard_0006.pt  (1,000,000 rows)
1098.3s 623 step  43000 | loss 0.172637 | L0 102.0 / 102 | dead  0.0%
1099.8s 624 step  43100 | loss 0.173839 | L0 102.0 / 102 | dead  0.0%
1103.2s 625 shard loaded: shard_0007.pt  (1,000,000 rows)
1103.5s 626 step  43200 | loss 0.170741 | L0 102.0 / 102 | dead  0.0%
1105.0s 627 step  43300 | loss 0.170002 | L0 102.0 / 102 | dead  0.0%
1106.4s 628 step  43400 | loss 0.170183 | L0 102.0 / 102 | dead  0.0%
1109.0s 629 shard loaded: shard_0008.pt  (1,000,000 rows)
1110.1s 630 step  43500 | loss 0.166431 | L0 102.0 / 102 | dead  0.0%
1111.6s 631 step  43600 | loss 0.168071 | L0 102.0 / 102 | dead  0.0%
1114.8s 632 shard loaded: shard_0009.pt  (1,000,000 rows)
1115.3s 633 step  43700 | loss 0.168700 | L0 102.0 / 102 | dead  0.0%
1116.7s 634 step  43800 | loss 0.168147 | L0 102.0 / 102 | dead  0.0%
1118.2s 635 step  43900 | loss 0.169786 | L0 102.0 / 102 | dead  0.0%
1120.6s 636 shard loaded: shard_0000.pt  (1,000,000 rows)
1121.9s 637 step  44000 | loss 0.171904 | L0 102.0 / 102 | dead  0.0%
1123.4s 638 step  44100 | loss 0.169005 | L0 102.0 / 102 | dead  0.0%
1126.5s 639 shard loaded: shard_0001.pt  (1,000,000 rows)
1127.1s 640 step  44200 | loss 0.172498 | L0 102.0 / 102 | dead  0.0%
1128.6s 641 step  44300 | loss 0.171137 | L0 102.0 / 102 | dead  0.0%
1130.1s 642 step  44400 | loss 0.172018 | L0 102.0 / 102 | dead  0.0%
1132.4s 643 shard loaded: shard_0002.pt  (1,000,000 rows)
1133.8s 644 step  44500 | loss 0.170519 | L0 102.0 / 102 | dead  0.0%
1135.3s 645 step  44600 | loss 0.168542 | L0 102.0 / 102 | dead  0.0%
1138.2s 646 shard loaded: shard_0003.pt  (1,000,000 rows)
1139.0s 647 step  44700 | loss 0.169964 | L0 102.0 / 102 | dead  0.0%
1140.5s 648 step  44800 | loss 0.170427 | L0 102.0 / 102 | dead  0.0%
1144.1s 649 shard loaded: shard_0004.pt  (1,000,000 rows)
1144.1s 650 step  44900 | loss 0.170701 | L0 102.0 / 102 | dead  0.0%
1145.7s 651 step  45000 | loss 0.167378 | L0 102.0 / 102 | dead  0.0%
1147.2s 652 step  45100 | loss 0.168529 | L0 102.0 / 102 | dead  0.0%
1149.9s 653 shard loaded: shard_0005.pt  (1,000,000 rows)
1150.8s 654 step  45200 | loss 0.170194 | L0 102.0 / 102 | dead  0.0%
1152.3s 655 step  45300 | loss 0.170010 | L0 102.0 / 102 | dead  0.0%
1155.6s 656 shard loaded: shard_0006.pt  (1,000,000 rows)
1155.9s 657 step  45400 | loss 0.172353 | L0 102.0 / 102 | dead  0.0%
1157.4s 658 step  45500 | loss 0.170126 | L0 102.0 / 102 | dead  0.0%
1158.9s 659 step  45600 | loss 0.168993 | L0 102.0 / 102 | dead  0.0%
1161.4s 660 shard loaded: shard_0007.pt  (1,000,000 rows)
1162.5s 661 step  45700 | loss 0.169364 | L0 102.0 / 102 | dead  0.0%
1164.0s 662 step  45800 | loss 0.171401 | L0 102.0 / 102 | dead  0.0%
1167.1s 663 shard loaded: shard_0008.pt  (1,000,000 rows)
1167.6s 664 step  45900 | loss 0.169895 | L0 102.0 / 102 | dead  0.0%
1169.1s 665 step  46000 | loss 0.165920 | L0 102.0 / 102 | dead  0.0%
1170.6s 666 step  46100 | loss 0.166759 | L0 102.0 / 102 | dead  0.0%
1172.9s 667 shard loaded: shard_0009.pt  (1,000,000 rows)
1174.2s 668 step  46200 | loss 0.171791 | L0 102.0 / 102 | dead  0.0%
1175.7s 669 step  46300 | loss 0.168635 | L0 102.0 / 102 | dead  0.0%
1178.7s 670 shard loaded: shard_0000.pt  (1,000,000 rows)
1179.4s 671 step  46400 | loss 0.168913 | L0 102.0 / 102 | dead  0.0%
1180.9s 672 step  46500 | loss 0.170120 | L0 102.0 / 102 | dead  0.0%
1182.3s 673 step  46600 | loss 0.168990 | L0 102.0 / 102 | dead  0.0%
1184.5s 674 shard loaded: shard_0001.pt  (1,000,000 rows)
1186.1s 675 step  46700 | loss 0.171631 | L0 102.0 / 102 | dead  0.0%
1187.5s 676 step  46800 | loss 0.172107 | L0 102.0 / 102 | dead  0.0%
1190.4s 677 shard loaded: shard_0002.pt  (1,000,000 rows)
1191.2s 678 step  46900 | loss 0.170059 | L0 102.0 / 102 | dead  0.0%
1192.7s 679 step  47000 | loss 0.169637 | L0 102.0 / 102 | dead  0.0%
1196.1s 680 shard loaded: shard_0003.pt  (1,000,000 rows)
1196.1s 681 step  47100 | loss 0.171716 | L0 102.0 / 102 | dead  0.0%
1197.8s 682 step  47200 | loss 0.170100 | L0 102.0 / 102 | dead  0.0%
1199.2s 683 step  47300 | loss 0.168654 | L0 102.0 / 102 | dead  0.0%
1201.9s 684 shard loaded: shard_0004.pt  (1,000,000 rows)
1202.9s 685 step  47400 | loss 0.169049 | L0 102.0 / 102 | dead  0.0%
1204.4s 686 step  47500 | loss 0.168555 | L0 102.0 / 102 | dead  0.0%
1207.6s 687 shard loaded: shard_0005.pt  (1,000,000 rows)
1208.0s 688 step  47600 | loss 0.169410 | L0 102.0 / 102 | dead  0.0%
1209.5s 689 step  47700 | loss 0.168907 | L0 102.0 / 102 | dead  0.0%
1211.0s 690 step  47800 | loss 0.170696 | L0 102.0 / 102 | dead  0.0%
1213.5s 691 shard loaded: shard_0006.pt  (1,000,000 rows)
1214.7s 692 step  47900 | loss 0.172453 | L0 102.0 / 102 | dead  0.0%
1216.1s 693 step  48000 | loss 0.170760 | L0 102.0 / 102 | dead  0.0%
1219.2s 694 shard loaded: shard_0007.pt  (1,000,000 rows)
1219.8s 695 step  48100 | loss 0.170295 | L0 102.0 / 102 | dead  0.0%
1221.3s 696 step  48200 | loss 0.167168 | L0 102.0 / 102 | dead  0.0%
1222.8s 697 step  48300 | loss 0.170833 | L0 102.0 / 102 | dead  0.0%
1225.0s 698 shard loaded: shard_0008.pt  (1,000,000 rows)
1226.4s 699 step  48400 | loss 0.168115 | L0 102.0 / 102 | dead  0.0%
1227.9s 700 step  48500 | loss 0.165500 | L0 102.0 / 102 | dead  0.0%
1230.8s 701 shard loaded: shard_0009.pt  (1,000,000 rows)
1231.5s 702 step  48600 | loss 0.169324 | L0 102.0 / 102 | dead  0.0%
1233.0s 703 step  48700 | loss 0.170398 | L0 102.0 / 102 | dead  0.0%
1236.5s 704 shard loaded: shard_0000.pt  (1,000,000 rows)
1236.5s 705 step  48800 | loss 0.171270 | L0 102.0 / 102 | dead  0.0%
1238.1s 706 step  48900 | loss 0.170729 | L0 102.0 / 102 | dead  0.0%
1239.5s 707 step  49000 | loss 0.167332 | L0 102.0 / 102 | dead  0.0%
1242.3s 708 shard loaded: shard_0001.pt  (1,000,000 rows)
1243.2s 709 step  49100 | loss 0.172689 | L0 102.0 / 102 | dead  0.0%
1244.7s 710 step  49200 | loss 0.170790 | L0 102.0 / 102 | dead  0.0%
1248.1s 711 shard loaded: shard_0002.pt  (1,000,000 rows)
1248.3s 712 step  49300 | loss 0.172328 | L0 102.0 / 102 | dead  0.0%
1249.8s 713 step  49400 | loss 0.170845 | L0 102.0 / 102 | dead  0.0%
1251.3s 714 step  49500 | loss 0.169042 | L0 102.0 / 102 | dead  0.0%
1253.9s 715 shard loaded: shard_0003.pt  (1,000,000 rows)
1255.0s 716 step  49600 | loss 0.171699 | L0 102.0 / 102 | dead  0.0%
1256.5s 717 step  49700 | loss 0.171499 | L0 102.0 / 102 | dead  0.0%
1259.7s 718 shard loaded: shard_0004.pt  (1,000,000 rows)
1260.2s 719 step  49800 | loss 0.168666 | L0 102.0 / 102 | dead  0.0%
1261.7s 720 step  49900 | loss 0.166019 | L0 102.0 / 102 | dead  0.0%
1263.2s 721 step  50000 | loss 0.166745 | L0 102.0 / 102 | dead  0.0%
1263.2s 722 checkpoint → sae_m1024_ckpt_050000.pt
1265.6s 723 shard loaded: shard_0005.pt  (1,000,000 rows)
1266.9s 724 step  50100 | loss 0.167736 | L0 102.0 / 102 | dead  0.0%
1268.4s 725 step  50200 | loss 0.167612 | L0 102.0 / 102 | dead  0.0%
1271.4s 726 shard loaded: shard_0006.pt  (1,000,000 rows)
1272.0s 727 step  50300 | loss 0.174881 | L0 102.0 / 102 | dead  0.0%
1273.5s 728 step  50400 | loss 0.169770 | L0 102.0 / 102 | dead  0.0%
1274.9s 729 step  50500 | loss 0.171191 | L0 102.0 / 102 | dead  0.0%
1277.1s 730 shard loaded: shard_0007.pt  (1,000,000 rows)
1278.6s 731 step  50600 | loss 0.169370 | L0 102.0 / 102 | dead  0.0%
1280.1s 732 step  50700 | loss 0.167446 | L0 102.0 / 102 | dead  0.0%
1282.9s 733 shard loaded: shard_0008.pt  (1,000,000 rows)
1283.7s 734 step  50800 | loss 0.168636 | L0 102.0 / 102 | dead  0.0%
1285.2s 735 step  50900 | loss 0.165845 | L0 102.0 / 102 | dead  0.0%
1288.6s 736 shard loaded: shard_0009.pt  (1,000,000 rows)
1288.6s 737 step  51000 | loss 0.170686 | L0 102.0 / 102 | dead  0.0%
1290.3s 738 step  51100 | loss 0.168650 | L0 102.0 / 102 | dead  0.0%
1291.7s 739 step  51200 | loss 0.167707 | L0 102.0 / 102 | dead  0.0%
1294.4s 740 shard loaded: shard_0000.pt  (1,000,000 rows)
1295.4s 741 step  51300 | loss 0.166927 | L0 102.0 / 102 | dead  0.0%
1296.8s 742 step  51400 | loss 0.169019 | L0 102.0 / 102 | dead  0.0%
1300.1s 743 shard loaded: shard_0001.pt  (1,000,000 rows)
1300.5s 744 step  51500 | loss 0.172923 | L0 102.0 / 102 | dead  0.0%
1301.9s 745 step  51600 | loss 0.171838 | L0 102.0 / 102 | dead  0.0%
1303.4s 746 step  51700 | loss 0.169684 | L0 102.0 / 102 | dead  0.0%
1305.9s 747 shard loaded: shard_0002.pt  (1,000,000 rows)
1307.0s 748 step  51800 | loss 0.168331 | L0 102.0 / 102 | dead  0.0%
1308.5s 749 step  51900 | loss 0.168640 | L0 102.0 / 102 | dead  0.0%
1311.7s 750 shard loaded: shard_0003.pt  (1,000,000 rows)
1312.1s 751 step  52000 | loss 0.171945 | L0 102.0 / 102 | dead  0.0%
1313.6s 752 step  52100 | loss 0.172312 | L0 102.0 / 102 | dead  0.0%
1315.1s 753 step  52200 | loss 0.172375 | L0 102.0 / 102 | dead  0.0%
1317.4s 754 shard loaded: shard_0004.pt  (1,000,000 rows)
1318.8s 755 step  52300 | loss 0.166890 | L0 102.0 / 102 | dead  0.0%
1320.2s 756 step  52400 | loss 0.168158 | L0 102.0 / 102 | dead  0.0%
1323.2s 757 shard loaded: shard_0005.pt  (1,000,000 rows)
1323.9s 758 step  52500 | loss 0.168229 | L0 102.0 / 102 | dead  0.0%
1325.3s 759 step  52600 | loss 0.167671 | L0 102.0 / 102 | dead  0.0%
1326.8s 760 step  52700 | loss 0.167894 | L0 102.0 / 102 | dead  0.0%
1329.0s 761 shard loaded: shard_0006.pt  (1,000,000 rows)
1330.5s 762 step  52800 | loss 0.171806 | L0 102.0 / 102 | dead  0.0%
1331.9s 763 step  52900 | loss 0.170624 | L0 102.0 / 102 | dead  0.0%
1334.7s 764 shard loaded: shard_0007.pt  (1,000,000 rows)
1335.5s 765 step  53000 | loss 0.167386 | L0 102.0 / 102 | dead  0.0%
1337.0s 766 step  53100 | loss 0.167854 | L0 102.0 / 102 | dead  0.0%
1340.4s 767 shard loaded: shard_0008.pt  (1,000,000 rows)
1340.6s 768 step  53200 | loss 0.169258 | L0 102.0 / 102 | dead  0.0%
1342.1s 769 step  53300 | loss 0.166908 | L0 102.0 / 102 | dead  0.0%
1343.6s 770 step  53400 | loss 0.166978 | L0 102.0 / 102 | dead  0.0%
1346.2s 771 shard loaded: shard_0009.pt  (1,000,000 rows)
1347.2s 772 step  53500 | loss 0.167561 | L0 102.0 / 102 | dead  0.0%
1348.7s 773 step  53600 | loss 0.168011 | L0 102.0 / 102 | dead  0.0%
1352.1s 774 shard loaded: shard_0000.pt  (1,000,000 rows)
1352.4s 775 step  53700 | loss 0.170822 | L0 102.0 / 102 | dead  0.0%
1353.9s 776 step  53800 | loss 0.167947 | L0 102.0 / 102 | dead  0.0%
1355.4s 777 step  53900 | loss 0.167295 | L0 102.0 / 102 | dead  0.0%
1357.8s 778 shard loaded: shard_0001.pt  (1,000,000 rows)
1359.0s 779 step  54000 | loss 0.169997 | L0 102.0 / 102 | dead  0.0%
1360.4s 780 step  54100 | loss 0.170950 | L0 102.0 / 102 | dead  0.0%
1363.5s 781 shard loaded: shard_0002.pt  (1,000,000 rows)
1364.0s 782 step  54200 | loss 0.169737 | L0 102.0 / 102 | dead  0.0%
1365.5s 783 step  54300 | loss 0.167499 | L0 102.0 / 102 | dead  0.0%
1367.0s 784 step  54400 | loss 0.169435 | L0 102.0 / 102 | dead  0.0%
1369.2s 785 shard loaded: shard_0003.pt  (1,000,000 rows)
1370.5s 786 step  54500 | loss 0.169523 | L0 102.0 / 102 | dead  0.0%
1372.0s 787 step  54600 | loss 0.168859 | L0 102.0 / 102 | dead  0.0%
1374.9s 788 shard loaded: shard_0004.pt  (1,000,000 rows)
1375.6s 789 step  54700 | loss 0.168909 | L0 102.0 / 102 | dead  0.0%
1377.1s 790 step  54800 | loss 0.167884 | L0 102.0 / 102 | dead  0.0%
1380.7s 791 shard loaded: shard_0005.pt  (1,000,000 rows)
1380.7s 792 step  54900 | loss 0.169306 | L0 102.0 / 102 | dead  0.0%
1382.2s 793 step  55000 | loss 0.167475 | L0 102.0 / 102 | dead  0.0%
1383.7s 794 step  55100 | loss 0.169942 | L0 102.0 / 102 | dead  0.0%
1386.4s 795 shard loaded: shard_0006.pt  (1,000,000 rows)
1387.4s 796 step  55200 | loss 0.170728 | L0 102.0 / 102 | dead  0.0%
1388.8s 797 step  55300 | loss 0.171093 | L0 102.0 / 102 | dead  0.0%
1392.3s 798 shard loaded: shard_0007.pt  (1,000,000 rows)
1392.6s 799 step  55400 | loss 0.168505 | L0 102.0 / 102 | dead  0.0%
1394.0s 800 step  55500 | loss 0.169463 | L0 102.0 / 102 | dead  0.0%
1395.5s 801 step  55600 | loss 0.167817 | L0 102.0 / 102 | dead  0.0%
1398.1s 802 shard loaded: shard_0008.pt  (1,000,000 rows)
1399.2s 803 step  55700 | loss 0.168539 | L0 102.0 / 102 | dead  0.0%
1400.7s 804 step  55800 | loss 0.166266 | L0 102.0 / 102 | dead  0.0%
1403.8s 805 shard loaded: shard_0009.pt  (1,000,000 rows)
1404.2s 806 step  55900 | loss 0.169824 | L0 102.0 / 102 | dead  0.0%
1405.7s 807 step  56000 | loss 0.166182 | L0 102.0 / 102 | dead  0.0%
1407.2s 808 step  56100 | loss 0.168322 | L0 102.0 / 102 | dead  0.0%
1409.5s 809 shard loaded: shard_0000.pt  (1,000,000 rows)
1410.8s 810 step  56200 | loss 0.168975 | L0 102.0 / 102 | dead  0.0%
1412.3s 811 step  56300 | loss 0.167828 | L0 102.0 / 102 | dead  0.0%
1415.3s 812 shard loaded: shard_0001.pt  (1,000,000 rows)
1415.9s 813 step  56400 | loss 0.169035 | L0 102.0 / 102 | dead  0.0%
1417.4s 814 step  56500 | loss 0.171365 | L0 102.0 / 102 | dead  0.0%
1418.9s 815 step  56600 | loss 0.169500 | L0 102.0 / 102 | dead  0.0%
1421.0s 816 shard loaded: shard_0002.pt  (1,000,000 rows)
1422.5s 817 step  56700 | loss 0.171375 | L0 102.0 / 102 | dead  0.0%
1423.9s 818 step  56800 | loss 0.168588 | L0 102.0 / 102 | dead  0.0%
1426.8s 819 shard loaded: shard_0003.pt  (1,000,000 rows)
1427.6s 820 step  56900 | loss 0.170537 | L0 102.0 / 102 | dead  0.0%
1429.0s 821 step  57000 | loss 0.168966 | L0 102.0 / 102 | dead  0.0%
1432.6s 822 shard loaded: shard_0004.pt  (1,000,000 rows)
1432.6s 823 step  57100 | loss 0.168551 | L0 102.0 / 102 | dead  0.0%
1434.2s 824 step  57200 | loss 0.167388 | L0 102.0 / 102 | dead  0.0%
1435.7s 825 step  57300 | loss 0.166089 | L0 102.0 / 102 | dead  0.0%
1438.4s 826 shard loaded: shard_0005.pt  (1,000,000 rows)
1439.4s 827 step  57400 | loss 0.167783 | L0 102.0 / 102 | dead  0.0%
1440.8s 828 step  57500 | loss 0.165881 | L0 102.0 / 102 | dead  0.0%
1444.2s 829 shard loaded: shard_0006.pt  (1,000,000 rows)
1444.5s 830 step  57600 | loss 0.173505 | L0 102.0 / 102 | dead  0.0%
1446.0s 831 step  57700 | loss 0.169171 | L0 102.0 / 102 | dead  0.0%
1447.4s 832 step  57800 | loss 0.167558 | L0 102.0 / 102 | dead  0.0%
1450.0s 833 shard loaded: shard_0007.pt  (1,000,000 rows)
1451.1s 834 step  57900 | loss 0.167306 | L0 102.0 / 102 | dead  0.0%
1452.6s 835 step  58000 | loss 0.167499 | L0 102.0 / 102 | dead  0.0%
1455.8s 836 shard loaded: shard_0008.pt  (1,000,000 rows)
1456.3s 837 step  58100 | loss 0.168092 | L0 102.0 / 102 | dead  0.0%
1457.7s 838 step  58200 | loss 0.165610 | L0 102.0 / 102 | dead  0.0%
1459.2s 839 step  58300 | loss 0.167528 | L0 102.0 / 102 | dead  0.0%
1461.5s 840 shard loaded: shard_0009.pt  (1,000,000 rows)
1462.9s 841 step  58400 | loss 0.168883 | L0 102.0 / 102 | dead  0.0%
1464.3s 842 step  58500 | loss 0.166429 | L0 102.0 / 102 | dead  0.0%
1467.3s 843 shard loaded: shard_0000.pt  (1,000,000 rows)
1468.0s 844 step  58600 | loss 0.169517 | L0 102.0 / 102 | dead  0.0%
1469.4s 845 step  58700 | loss 0.169441 | L0 102.0 / 102 | dead  0.0%
1470.9s 846 step  58800 | loss 0.169034 | L0 102.0 / 102 | dead  0.0%
1473.1s 847 shard loaded: shard_0001.pt  (1,000,000 rows)
1474.6s 848 step  58900 | loss 0.171134 | L0 102.0 / 102 | dead  0.0%
1476.1s 849 step  59000 | loss 0.170762 | L0 102.0 / 102 | dead  0.0%
1478.9s 850 shard loaded: shard_0002.pt  (1,000,000 rows)
1479.8s 851 step  59100 | loss 0.169405 | L0 102.0 / 102 | dead  0.0%
1481.2s 852 step  59200 | loss 0.168023 | L0 102.0 / 102 | dead  0.0%
1484.7s 853 shard loaded: shard_0003.pt  (1,000,000 rows)
1484.7s 854 step  59300 | loss 0.170977 | L0 102.0 / 102 | dead  0.0%
1486.4s 855 step  59400 | loss 0.170956 | L0 102.0 / 102 | dead  0.0%
1487.8s 856 step  59500 | loss 0.171224 | L0 102.0 / 102 | dead  0.0%
1490.5s 857 shard loaded: shard_0004.pt  (1,000,000 rows)
1491.5s 858 step  59600 | loss 0.168918 | L0 102.0 / 102 | dead  0.0%
1493.0s 859 step  59700 | loss 0.166792 | L0 102.0 / 102 | dead  0.0%
1496.3s 860 shard loaded: shard_0005.pt  (1,000,000 rows)
1496.7s 861 step  59800 | loss 0.171087 | L0 102.0 / 102 | dead  0.0%
1498.2s 862 step  59900 | loss 0.168050 | L0 102.0 / 102 | dead  0.0%
1499.7s 863 step  60000 | loss 0.170472 | L0 102.0 / 102 | dead  0.0%
1499.7s 864 checkpoint → sae_m1024_ckpt_060000.pt
1502.2s 865 shard loaded: shard_0006.pt  (1,000,000 rows)
1503.4s 866 step  60100 | loss 0.171210 | L0 102.0 / 102 | dead  0.0%
1504.9s 867 step  60200 | loss 0.171048 | L0 102.0 / 102 | dead  0.0%
1508.0s 868 shard loaded: shard_0007.pt  (1,000,000 rows)
1508.6s 869 step  60300 | loss 0.169807 | L0 102.0 / 102 | dead  0.0%
1510.1s 870 step  60400 | loss 0.169255 | L0 102.0 / 102 | dead  0.0%
1511.5s 871 step  60500 | loss 0.166281 | L0 102.0 / 102 | dead  0.0%
1513.8s 872 shard loaded: shard_0008.pt  (1,000,000 rows)
1515.2s 873 step  60600 | loss 0.164345 | L0 102.0 / 102 | dead  0.0%
1516.7s 874 step  60700 | loss 0.167090 | L0 102.0 / 102 | dead  0.0%
1519.6s 875 shard loaded: shard_0009.pt  (1,000,000 rows)
1520.4s 876 step  60800 | loss 0.168510 | L0 102.0 / 102 | dead  0.0%
1521.9s 877 step  60900 | loss 0.169132 | L0 102.0 / 102 | dead  0.0%
1525.5s 878 shard loaded: shard_0000.pt  (1,000,000 rows)
1525.5s 879 step  61000 | loss 0.170529 | L0 102.0 / 102 | dead  0.0%
1527.0s 880 step  61100 | loss 0.167599 | L0 102.0 / 102 | dead  0.0%
1528.4s 881 step  61200 | loss 0.168913 | L0 102.0 / 102 | dead  0.0%
1531.2s 882 shard loaded: shard_0001.pt  (1,000,000 rows)
1532.1s 883 step  61300 | loss 0.169501 | L0 102.0 / 102 | dead  0.0%
1533.6s 884 step  61400 | loss 0.173487 | L0 102.0 / 102 | dead  0.0%
1537.0s 885 shard loaded: shard_0002.pt  (1,000,000 rows)
1537.3s 886 step  61500 | loss 0.171120 | L0 102.0 / 102 | dead  0.0%
1538.8s 887 step  61600 | loss 0.168762 | L0 102.0 / 102 | dead  0.0%
1540.2s 888 step  61700 | loss 0.167559 | L0 102.0 / 102 | dead  0.0%
1542.9s 889 shard loaded: shard_0003.pt  (1,000,000 rows)
1544.0s 890 step  61800 | loss 0.169021 | L0 102.0 / 102 | dead  0.0%
1545.4s 891 step  61900 | loss 0.169339 | L0 102.0 / 102 | dead  0.0%
1548.6s 892 shard loaded: shard_0004.pt  (1,000,000 rows)
1549.1s 893 step  62000 | loss 0.169712 | L0 102.0 / 102 | dead  0.0%
1550.5s 894 step  62100 | loss 0.167466 | L0 102.0 / 102 | dead  0.0%
1552.0s 895 step  62200 | loss 0.166019 | L0 102.0 / 102 | dead  0.0%
1554.4s 896 shard loaded: shard_0005.pt  (1,000,000 rows)
1555.7s 897 step  62300 | loss 0.169661 | L0 102.0 / 102 | dead  0.0%
1557.1s 898 step  62400 | loss 0.170661 | L0 102.0 / 102 | dead  0.0%
1560.1s 899 shard loaded: shard_0006.pt  (1,000,000 rows)
1560.8s 900 step  62500 | loss 0.169883 | L0 102.0 / 102 | dead  0.0%
1562.2s 901 step  62600 | loss 0.168613 | L0 102.0 / 102 | dead  0.0%
1563.7s 902 step  62700 | loss 0.169959 | L0 102.0 / 102 | dead  0.0%
1565.9s 903 shard loaded: shard_0007.pt  (1,000,000 rows)
1567.4s 904 step  62800 | loss 0.167506 | L0 102.0 / 102 | dead  0.0%
1568.8s 905 step  62900 | loss 0.167479 | L0 102.0 / 102 | dead  0.0%
1571.7s 906 shard loaded: shard_0008.pt  (1,000,000 rows)
1572.5s 907 step  63000 | loss 0.167059 | L0 102.0 / 102 | dead  0.0%
1574.0s 908 step  63100 | loss 0.168159 | L0 102.0 / 102 | dead  0.0%
1577.5s 909 shard loaded: shard_0009.pt  (1,000,000 rows)
1577.5s 910 step  63200 | loss 0.167229 | L0 102.0 / 102 | dead  0.0%
1579.1s 911 step  63300 | loss 0.167216 | L0 102.0 / 102 | dead  0.0%
1580.6s 912 step  63400 | loss 0.169068 | L0 102.0 / 102 | dead  0.0%
1583.3s 913 shard loaded: shard_0000.pt  (1,000,000 rows)
1584.3s 914 step  63500 | loss 0.168145 | L0 102.0 / 102 | dead  0.0%
1585.8s 915 step  63600 | loss 0.169742 | L0 102.0 / 102 | dead  0.0%
1589.1s 916 shard loaded: shard_0001.pt  (1,000,000 rows)
1589.4s 917 step  63700 | loss 0.171172 | L0 102.0 / 102 | dead  0.0%
1590.9s 918 step  63800 | loss 0.171533 | L0 102.0 / 102 | dead  0.0%
1592.4s 919 step  63900 | loss 0.171427 | L0 102.0 / 102 | dead  0.0%
1594.9s 920 shard loaded: shard_0002.pt  (1,000,000 rows)
1596.1s 921 step  64000 | loss 0.170249 | L0 102.0 / 102 | dead  0.0%
1597.6s 922 step  64100 | loss 0.167017 | L0 102.0 / 102 | dead  0.0%
1600.8s 923 shard loaded: shard_0003.pt  (1,000,000 rows)
1601.3s 924 step  64200 | loss 0.173219 | L0 102.0 / 102 | dead  0.0%
1602.7s 925 step  64300 | loss 0.168943 | L0 102.0 / 102 | dead  0.0%
1604.2s 926 step  64400 | loss 0.169206 | L0 102.0 / 102 | dead  0.0%
1606.6s 927 shard loaded: shard_0004.pt  (1,000,000 rows)
1607.9s 928 step  64500 | loss 0.168178 | L0 102.0 / 102 | dead  0.0%
1609.4s 929 step  64600 | loss 0.168310 | L0 102.0 / 102 | dead  0.0%
1612.4s 930 shard loaded: shard_0005.pt  (1,000,000 rows)
1613.1s 931 step  64700 | loss 0.169306 | L0 102.0 / 102 | dead  0.0%
1614.5s 932 step  64800 | loss 0.167387 | L0 102.0 / 102 | dead  0.0%
1616.0s 933 step  64900 | loss 0.167603 | L0 102.0 / 102 | dead  0.0%
1618.2s 934 shard loaded: shard_0006.pt  (1,000,000 rows)
1619.7s 935 step  65000 | loss 0.171337 | L0 102.0 / 102 | dead  0.0%
1621.1s 936 step  65100 | loss 0.168648 | L0 102.0 / 102 | dead  0.0%
1624.0s 937 shard loaded: shard_0007.pt  (1,000,000 rows)
1624.8s 938 step  65200 | loss 0.167191 | L0 102.0 / 102 | dead  0.0%
1626.3s 939 step  65300 | loss 0.166676 | L0 102.0 / 102 | dead  0.0%
1629.7s 940 shard loaded: shard_0008.pt  (1,000,000 rows)
1629.7s 941 step  65400 | loss 0.166066 | L0 102.0 / 102 | dead  0.0%
1631.4s 942 step  65500 | loss 0.164636 | L0 102.0 / 102 | dead  0.0%
1632.9s 943 step  65600 | loss 0.165601 | L0 102.0 / 102 | dead  0.0%
1635.5s 944 shard loaded: shard_0009.pt  (1,000,000 rows)
1636.5s 945 step  65700 | loss 0.168230 | L0 102.0 / 102 | dead  0.0%
1638.0s 946 step  65800 | loss 0.168553 | L0 102.0 / 102 | dead  0.0%
1641.3s 947 shard loaded: shard_0000.pt  (1,000,000 rows)
1641.7s 948 step  65900 | loss 0.171181 | L0 102.0 / 102 | dead  0.0%
1643.2s 949 step  66000 | loss 0.168492 | L0 102.0 / 102 | dead  0.0%
1644.7s 950 step  66100 | loss 0.168298 | L0 102.0 / 102 | dead  0.0%
1647.2s 951 shard loaded: shard_0001.pt  (1,000,000 rows)
1648.3s 952 step  66200 | loss 0.170213 | L0 102.0 / 102 | dead  0.0%
1649.8s 953 step  66300 | loss 0.169704 | L0 102.0 / 102 | dead  0.0%
1653.0s 954 shard loaded: shard_0002.pt  (1,000,000 rows)
1653.5s 955 step  66400 | loss 0.167286 | L0 102.0 / 102 | dead  0.0%
1655.0s 956 step  66500 | loss 0.168186 | L0 102.0 / 102 | dead  0.0%
1656.5s 957 step  66600 | loss 0.167630 | L0 102.0 / 102 | dead  0.0%
1658.8s 958 shard loaded: shard_0003.pt  (1,000,000 rows)
1660.2s 959 step  66700 | loss 0.169375 | L0 102.0 / 102 | dead  0.0%
1661.7s 960 step  66800 | loss 0.170919 | L0 102.0 / 102 | dead  0.0%
1664.6s 961 shard loaded: shard_0004.pt  (1,000,000 rows)
1665.4s 962 step  66900 | loss 0.167292 | L0 102.0 / 102 | dead  0.0%
1666.9s 963 step  67000 | loss 0.167613 | L0 102.0 / 102 | dead  0.0%
1670.4s 964 shard loaded: shard_0005.pt  (1,000,000 rows)
1670.4s 965 step  67100 | loss 0.169536 | L0 102.0 / 102 | dead  0.0%
1672.0s 966 step  67200 | loss 0.168338 | L0 102.0 / 102 | dead  0.0%
1673.5s 967 step  67300 | loss 0.167695 | L0 102.0 / 102 | dead  0.0%
1676.2s 968 shard loaded: shard_0006.pt  (1,000,000 rows)
1677.1s 969 step  67400 | loss 0.169533 | L0 102.0 / 102 | dead  0.0%
1678.6s 970 step  67500 | loss 0.170887 | L0 102.0 / 102 | dead  0.0%
1682.0s 971 shard loaded: shard_0007.pt  (1,000,000 rows)
1682.3s 972 step  67600 | loss 0.168734 | L0 102.0 / 102 | dead  0.0%
1683.8s 973 step  67700 | loss 0.166728 | L0 102.0 / 102 | dead  0.0%
1685.2s 974 step  67800 | loss 0.167970 | L0 102.0 / 102 | dead  0.0%
1687.8s 975 shard loaded: shard_0008.pt  (1,000,000 rows)
1688.9s 976 step  67900 | loss 0.166565 | L0 102.0 / 102 | dead  0.0%
1690.4s 977 step  68000 | loss 0.167621 | L0 102.0 / 102 | dead  0.0%
1693.6s 978 shard loaded: shard_0009.pt  (1,000,000 rows)
1694.1s 979 step  68100 | loss 0.167833 | L0 102.0 / 102 | dead  0.0%
1695.5s 980 step  68200 | loss 0.167034 | L0 102.0 / 102 | dead  0.0%
1697.0s 981 step  68300 | loss 0.167134 | L0 102.0 / 102 | dead  0.0%
1699.4s 982 shard loaded: shard_0000.pt  (1,000,000 rows)
1700.6s 983 step  68400 | loss 0.166827 | L0 102.0 / 102 | dead  0.0%
1702.1s 984 step  68500 | loss 0.165844 | L0 102.0 / 102 | dead  0.0%
1705.2s 985 shard loaded: shard_0001.pt  (1,000,000 rows)
1705.8s 986 step  68600 | loss 0.170887 | L0 102.0 / 102 | dead  0.0%
1707.3s 987 step  68700 | loss 0.170427 | L0 102.0 / 102 | dead  0.0%
1708.8s 988 step  68800 | loss 0.168662 | L0 102.0 / 102 | dead  0.0%
1711.0s 989 shard loaded: shard_0002.pt  (1,000,000 rows)
1712.4s 990 step  68900 | loss 0.166097 | L0 102.0 / 102 | dead  0.0%
1713.9s 991 step  69000 | loss 0.167256 | L0 102.0 / 102 | dead  0.0%
1716.8s 992 shard loaded: shard_0003.pt  (1,000,000 rows)
1717.5s 993 step  69100 | loss 0.167898 | L0 102.0 / 102 | dead  0.0%
1719.0s 994 step  69200 | loss 0.170902 | L0 102.0 / 102 | dead  0.0%
1722.6s 995 shard loaded: shard_0004.pt  (1,000,000 rows)
1722.6s 996 step  69300 | loss 0.166583 | L0 102.0 / 102 | dead  0.0%
1724.2s 997 step  69400 | loss 0.165555 | L0 102.0 / 102 | dead  0.0%
1725.7s 998 step  69500 | loss 0.167657 | L0 102.0 / 102 | dead  0.0%
1728.4s 999 shard loaded: shard_0005.pt  (1,000,000 rows)
1729.4s 1000 step  69600 | loss 0.169533 | L0 102.0 / 102 | dead  0.0%
1730.8s 1001 step  69700 | loss 0.167606 | L0 102.0 / 102 | dead  0.0%
1734.1s 1002 shard loaded: shard_0006.pt  (1,000,000 rows)
1734.4s 1003 step  69800 | loss 0.170853 | L0 102.0 / 102 | dead  0.0%
1735.9s 1004 step  69900 | loss 0.171181 | L0 102.0 / 102 | dead  0.0%
1737.4s 1005 step  70000 | loss 0.170637 | L0 102.0 / 102 | dead  0.0%
1737.4s 1006 checkpoint → sae_m1024_ckpt_070000.pt
1740.0s 1007 shard loaded: shard_0007.pt  (1,000,000 rows)
1741.1s 1008 step  70100 | loss 0.166727 | L0 102.0 / 102 | dead  0.0%
1742.5s 1009 step  70200 | loss 0.168213 | L0 102.0 / 102 | dead  0.0%
1745.7s 1010 shard loaded: shard_0008.pt  (1,000,000 rows)
1746.2s 1011 step  70300 | loss 0.167891 | L0 102.0 / 102 | dead  0.0%
1747.7s 1012 step  70400 | loss 0.167361 | L0 102.0 / 102 | dead  0.0%
1749.1s 1013 step  70500 | loss 0.165212 | L0 102.0 / 102 | dead  0.0%
1751.5s 1014 shard loaded: shard_0009.pt  (1,000,000 rows)
1752.8s 1015 step  70600 | loss 0.168102 | L0 102.0 / 102 | dead  0.0%
1754.3s 1016 step  70700 | loss 0.166800 | L0 102.0 / 102 | dead  0.0%
1757.3s 1017 shard loaded: shard_0000.pt  (1,000,000 rows)
1757.9s 1018 step  70800 | loss 0.168788 | L0 102.0 / 102 | dead  0.0%
1759.4s 1019 step  70900 | loss 0.168287 | L0 102.0 / 102 | dead  0.0%
1760.9s 1020 step  71000 | loss 0.167046 | L0 102.0 / 102 | dead  0.0%
1763.0s 1021 shard loaded: shard_0001.pt  (1,000,000 rows)
1764.5s 1022 step  71100 | loss 0.171285 | L0 102.0 / 102 | dead  0.0%
1766.0s 1023 step  71200 | loss 0.169707 | L0 102.0 / 102 | dead  0.0%
1768.8s 1024 shard loaded: shard_0002.pt  (1,000,000 rows)
1769.6s 1025 step  71300 | loss 0.171535 | L0 102.0 / 102 | dead  0.0%
1771.1s 1026 step  71400 | loss 0.170260 | L0 102.0 / 102 | dead  0.0%
1774.5s 1027 shard loaded: shard_0003.pt  (1,000,000 rows)
1774.7s 1028 step  71500 | loss 0.172628 | L0 102.0 / 102 | dead  0.0%
1776.2s 1029 step  71600 | loss 0.169243 | L0 102.0 / 102 | dead  0.0%
1777.7s 1030 step  71700 | loss 0.169867 | L0 102.0 / 102 | dead  0.0%
1780.3s 1031 shard loaded: shard_0004.pt  (1,000,000 rows)
1781.3s 1032 step  71800 | loss 0.167789 | L0 102.0 / 102 | dead  0.0%
1782.8s 1033 step  71900 | loss 0.165775 | L0 102.0 / 102 | dead  0.0%
1786.0s 1034 shard loaded: shard_0005.pt  (1,000,000 rows)
1786.4s 1035 step  72000 | loss 0.167408 | L0 102.0 / 102 | dead  0.0%
1787.9s 1036 step  72100 | loss 0.165841 | L0 102.0 / 102 | dead  0.0%
1789.4s 1037 step  72200 | loss 0.166847 | L0 102.0 / 102 | dead  0.0%
1791.8s 1038 shard loaded: shard_0006.pt  (1,000,000 rows)
1793.1s 1039 step  72300 | loss 0.171627 | L0 102.0 / 102 | dead  0.0%
1794.5s 1040 step  72400 | loss 0.169002 | L0 102.0 / 102 | dead  0.0%
1797.6s 1041 shard loaded: shard_0007.pt  (1,000,000 rows)
1798.2s 1042 step  72500 | loss 0.167323 | L0 102.0 / 102 | dead  0.0%
1799.7s 1043 step  72600 | loss 0.167106 | L0 102.0 / 102 | dead  0.0%
1801.2s 1044 step  72700 | loss 0.166209 | L0 102.0 / 102 | dead  0.0%
1803.5s 1045 shard loaded: shard_0008.pt  (1,000,000 rows)
1804.8s 1046 step  72800 | loss 0.168130 | L0 102.0 / 102 | dead  0.0%
1806.3s 1047 step  72900 | loss 0.166632 | L0 102.0 / 102 | dead  0.0%
1809.2s 1048 shard loaded: shard_0009.pt  (1,000,000 rows)
1810.0s 1049 step  73000 | loss 0.168518 | L0 102.0 / 102 | dead  0.0%
1811.4s 1050 step  73100 | loss 0.167664 | L0 102.0 / 102 | dead  0.0%
1815.1s 1051 shard loaded: shard_0000.pt  (1,000,000 rows)
1815.1s 1052 step  73200 | loss 0.168182 | L0 102.0 / 102 | dead  0.0%
1816.6s 1053 step  73300 | loss 0.167675 | L0 102.0 / 102 | dead  0.0%
1818.1s 1054 step  73400 | loss 0.169654 | L0 102.0 / 102 | dead  0.0%
1820.9s 1055 shard loaded: shard_0001.pt  (1,000,000 rows)
1821.8s 1056 step  73500 | loss 0.170197 | L0 102.0 / 102 | dead  0.0%
1823.3s 1057 step  73600 | loss 0.169921 | L0 102.0 / 102 | dead  0.0%
1826.7s 1058 shard loaded: shard_0002.pt  (1,000,000 rows)
1826.9s 1059 step  73700 | loss 0.171001 | L0 102.0 / 102 | dead  0.0%
1828.4s 1060 step  73800 | loss 0.165696 | L0 102.0 / 102 | dead  0.0%
1829.8s 1061 step  73900 | loss 0.167086 | L0 102.0 / 102 | dead  0.0%
1832.4s 1062 shard loaded: shard_0003.pt  (1,000,000 rows)
1833.5s 1063 step  74000 | loss 0.169495 | L0 102.0 / 102 | dead  0.0%
1835.0s 1064 step  74100 | loss 0.168943 | L0 102.0 / 102 | dead  0.0%
1838.1s 1065 shard loaded: shard_0004.pt  (1,000,000 rows)
1838.5s 1066 step  74200 | loss 0.168500 | L0 102.0 / 102 | dead  0.0%
1840.0s 1067 step  74300 | loss 0.167346 | L0 102.0 / 102 | dead  0.0%
1841.5s 1068 step  74400 | loss 0.167441 | L0 102.0 / 102 | dead  0.0%
1843.9s 1069 shard loaded: shard_0005.pt  (1,000,000 rows)
1845.2s 1070 step  74500 | loss 0.167895 | L0 102.0 / 102 | dead  0.0%
1846.7s 1071 step  74600 | loss 0.168279 | L0 102.0 / 102 | dead  0.0%
1849.7s 1072 shard loaded: shard_0006.pt  (1,000,000 rows)
1850.3s 1073 step  74700 | loss 0.171705 | L0 102.0 / 102 | dead  0.0%
1851.8s 1074 step  74800 | loss 0.171156 | L0 102.0 / 102 | dead  0.0%
1853.3s 1075 step  74900 | loss 0.168807 | L0 102.0 / 102 | dead  0.0%
1855.5s 1076 shard loaded: shard_0007.pt  (1,000,000 rows)
1856.9s 1077 step  75000 | loss 0.167233 | L0 102.0 / 102 | dead  0.0%
1858.4s 1078 step  75100 | loss 0.165777 | L0 102.0 / 102 | dead  0.0%
1861.3s 1079 shard loaded: shard_0008.pt  (1,000,000 rows)
1862.1s 1080 step  75200 | loss 0.166491 | L0 102.0 / 102 | dead  0.0%
1863.6s 1081 step  75300 | loss 0.166282 | L0 102.0 / 102 | dead  0.0%
1867.0s 1082 shard loaded: shard_0009.pt  (1,000,000 rows)
1867.0s 1083 step  75400 | loss 0.168537 | L0 102.0 / 102 | dead  0.0%
1868.6s 1084 step  75500 | loss 0.170256 | L0 102.0 / 102 | dead  0.0%
1870.1s 1085 step  75600 | loss 0.166733 | L0 102.0 / 102 | dead  0.0%
1872.9s 1086 shard loaded: shard_0000.pt  (1,000,000 rows)
1873.9s 1087 step  75700 | loss 0.167064 | L0 102.0 / 102 | dead  0.0%
1875.3s 1088 step  75800 | loss 0.166903 | L0 102.0 / 102 | dead  0.0%
1878.6s 1089 shard loaded: shard_0001.pt  (1,000,000 rows)
1879.0s 1090 step  75900 | loss 0.171902 | L0 102.0 / 102 | dead  0.0%
1880.4s 1091 step  76000 | loss 0.171768 | L0 102.0 / 102 | dead  0.0%
1881.9s 1092 step  76100 | loss 0.170807 | L0 102.0 / 102 | dead  0.0%
1884.4s 1093 shard loaded: shard_0002.pt  (1,000,000 rows)
1885.6s 1094 step  76200 | loss 0.168573 | L0 102.0 / 102 | dead  0.0%
1887.0s 1095 step  76300 | loss 0.166300 | L0 102.0 / 102 | dead  0.0%
1890.2s 1096 shard loaded: shard_0003.pt  (1,000,000 rows)
1890.7s 1097 step  76400 | loss 0.171587 | L0 102.0 / 102 | dead  0.0%
1892.2s 1098 step  76500 | loss 0.170530 | L0 102.0 / 102 | dead  0.0%
1893.7s 1099 step  76600 | loss 0.170754 | L0 102.0 / 102 | dead  0.0%
1896.0s 1100 shard loaded: shard_0004.pt  (1,000,000 rows)
1897.3s 1101 step  76700 | loss 0.166951 | L0 102.0 / 102 | dead  0.0%
1898.8s 1102 step  76800 | loss 0.167168 | L0 102.0 / 102 | dead  0.0%
1901.8s 1103 shard loaded: shard_0005.pt  (1,000,000 rows)
1902.5s 1104 step  76900 | loss 0.167401 | L0 102.0 / 102 | dead  0.0%
1903.9s 1105 step  77000 | loss 0.165616 | L0 102.0 / 102 | dead  0.0%
1905.4s 1106 step  77100 | loss 0.167263 | L0 102.0 / 102 | dead  0.0%
1907.6s 1107 shard loaded: shard_0006.pt  (1,000,000 rows)
1909.1s 1108 step  77200 | loss 0.169645 | L0 102.0 / 102 | dead  0.0%
1910.6s 1109 step  77300 | loss 0.170479 | L0 102.0 / 102 | dead  0.0%
1913.4s 1110 shard loaded: shard_0007.pt  (1,000,000 rows)
1914.3s 1111 step  77400 | loss 0.170207 | L0 102.0 / 102 | dead  0.0%
1915.8s 1112 step  77500 | loss 0.167740 | L0 102.0 / 102 | dead  0.0%
1919.2s 1113 shard loaded: shard_0008.pt  (1,000,000 rows)
1919.2s 1114 step  77600 | loss 0.166836 | L0 102.0 / 102 | dead  0.0%
1920.9s 1115 step  77700 | loss 0.165568 | L0 102.0 / 102 | dead  0.0%
1922.4s 1116 step  77800 | loss 0.166276 | L0 102.0 / 102 | dead  0.0%
1925.0s 1117 shard loaded: shard_0009.pt  (1,000,000 rows)
1926.0s 1118 step  77900 | loss 0.167157 | L0 102.0 / 102 | dead  0.0%
1927.5s 1119 step  78000 | loss 0.163964 | L0 102.0 / 102 | dead  0.0%
1930.8s 1120 shard loaded: shard_0000.pt  (1,000,000 rows)
1931.2s 1121 step  78100 | loss 0.169122 | L0 102.0 / 102 | dead  0.0%
1932.7s 1122 step  78200 | loss 0.166069 | L0 102.0 / 102 | dead  0.0%
1934.2s 1123 step  78300 | loss 0.168392 | L0 102.0 / 102 | dead  0.0%
1936.6s 1124 shard loaded: shard_0001.pt  (1,000,000 rows)
1937.9s 1125 step  78400 | loss 0.169306 | L0 102.0 / 102 | dead  0.0%
1939.3s 1126 step  78500 | loss 0.168065 | L0 102.0 / 102 | dead  0.0%
1942.5s 1127 shard loaded: shard_0002.pt  (1,000,000 rows)
1943.0s 1128 step  78600 | loss 0.166844 | L0 102.0 / 102 | dead  0.0%
1944.5s 1129 step  78700 | loss 0.167457 | L0 102.0 / 102 | dead  0.0%
1946.0s 1130 step  78800 | loss 0.166967 | L0 102.0 / 102 | dead  0.0%
1948.3s 1131 shard loaded: shard_0003.pt  (1,000,000 rows)
1949.7s 1132 step  78900 | loss 0.170513 | L0 102.0 / 102 | dead  0.0%
1951.1s 1133 step  79000 | loss 0.168523 | L0 102.0 / 102 | dead  0.0%
1954.1s 1134 shard loaded: shard_0004.pt  (1,000,000 rows)
1954.8s 1135 step  79100 | loss 0.166669 | L0 102.0 / 102 | dead  0.0%
1956.3s 1136 step  79200 | loss 0.168500 | L0 102.0 / 102 | dead  0.0%
1959.8s 1137 shard loaded: shard_0005.pt  (1,000,000 rows)
1959.8s 1138 step  79300 | loss 0.169932 | L0 102.0 / 102 | dead  0.0%
1961.4s 1139 step  79400 | loss 0.167839 | L0 102.0 / 102 | dead  0.0%
1962.9s 1140 step  79500 | loss 0.168906 | L0 102.0 / 102 | dead  0.0%
1965.6s 1141 shard loaded: shard_0006.pt  (1,000,000 rows)
1966.5s 1142 step  79600 | loss 0.172064 | L0 102.0 / 102 | dead  0.0%
1968.0s 1143 step  79700 | loss 0.170653 | L0 102.0 / 102 | dead  0.0%
1971.4s 1144 shard loaded: shard_0007.pt  (1,000,000 rows)
1971.7s 1145 step  79800 | loss 0.167046 | L0 102.0 / 102 | dead  0.0%
1973.2s 1146 step  79900 | loss 0.166577 | L0 102.0 / 102 | dead  0.0%
1974.6s 1147 step  80000 | loss 0.166954 | L0 102.0 / 102 | dead  0.0%
1974.6s 1148 checkpoint → sae_m1024_ckpt_080000.pt
1977.2s 1149 shard loaded: shard_0008.pt  (1,000,000 rows)
1978.3s 1150 step  80100 | loss 0.165533 | L0 102.0 / 102 | dead  0.0%
1979.8s 1151 step  80200 | loss 0.166338 | L0 102.0 / 102 | dead  0.0%
1983.1s 1152 shard loaded: shard_0009.pt  (1,000,000 rows)
1983.5s 1153 step  80300 | loss 0.167602 | L0 102.0 / 102 | dead  0.0%
1985.0s 1154 step  80400 | loss 0.166909 | L0 102.0 / 102 | dead  0.0%
1986.5s 1155 step  80500 | loss 0.165170 | L0 102.0 / 102 | dead  0.0%
1988.9s 1156 shard loaded: shard_0000.pt  (1,000,000 rows)
1990.1s 1157 step  80600 | loss 0.166961 | L0 102.0 / 102 | dead  0.0%
1991.6s 1158 step  80700 | loss 0.167529 | L0 102.0 / 102 | dead  0.0%
1994.6s 1159 shard loaded: shard_0001.pt  (1,000,000 rows)
1995.2s 1160 step  80800 | loss 0.170705 | L0 102.0 / 102 | dead  0.0%
1996.7s 1161 step  80900 | loss 0.169411 | L0 102.0 / 102 | dead  0.0%
1998.1s 1162 step  81000 | loss 0.166884 | L0 102.0 / 102 | dead  0.0%
2000.3s 1163 shard loaded: shard_0002.pt  (1,000,000 rows)
2001.8s 1164 step  81100 | loss 0.169307 | L0 102.0 / 102 | dead  0.0%
2003.3s 1165 step  81200 | loss 0.167866 | L0 102.0 / 102 | dead  0.0%
2006.2s 1166 shard loaded: shard_0003.pt  (1,000,000 rows)
2006.9s 1167 step  81300 | loss 0.170374 | L0 102.0 / 102 | dead  0.0%
2008.4s 1168 step  81400 | loss 0.170209 | L0 102.0 / 102 | dead  0.0%
2012.0s 1169 shard loaded: shard_0004.pt  (1,000,000 rows)
2012.0s 1170 step  81500 | loss 0.169057 | L0 102.0 / 102 | dead  0.0%
2013.6s 1171 step  81600 | loss 0.166745 | L0 102.0 / 102 | dead  0.0%
2015.1s 1172 step  81700 | loss 0.169107 | L0 102.0 / 102 | dead  0.0%
2017.9s 1173 shard loaded: shard_0005.pt  (1,000,000 rows)
2018.8s 1174 step  81800 | loss 0.167809 | L0 102.0 / 102 | dead  0.0%
2020.2s 1175 step  81900 | loss 0.168679 | L0 102.0 / 102 | dead  0.0%
2023.6s 1176 shard loaded: shard_0006.pt  (1,000,000 rows)
2023.9s 1177 step  82000 | loss 0.169123 | L0 102.0 / 102 | dead  0.0%
2025.4s 1178 step  82100 | loss 0.169722 | L0 102.0 / 102 | dead  0.0%
2026.9s 1179 step  82200 | loss 0.170648 | L0 102.0 / 102 | dead  0.0%
2029.4s 1180 shard loaded: shard_0007.pt  (1,000,000 rows)
2030.6s 1181 step  82300 | loss 0.165977 | L0 102.0 / 102 | dead  0.0%
2032.1s 1182 step  82400 | loss 0.168218 | L0 102.0 / 102 | dead  0.0%
2035.2s 1183 shard loaded: shard_0008.pt  (1,000,000 rows)
2035.7s 1184 step  82500 | loss 0.167446 | L0 102.0 / 102 | dead  0.0%
2037.2s 1185 step  82600 | loss 0.162877 | L0 102.0 / 102 | dead  0.0%
2038.7s 1186 step  82700 | loss 0.166433 | L0 102.0 / 102 | dead  0.0%
2041.1s 1187 shard loaded: shard_0009.pt  (1,000,000 rows)
2042.4s 1188 step  82800 | loss 0.165059 | L0 102.0 / 102 | dead  0.0%
2043.9s 1189 step  82900 | loss 0.167788 | L0 102.0 / 102 | dead  0.0%
2046.9s 1190 shard loaded: shard_0000.pt  (1,000,000 rows)
2047.6s 1191 step  83000 | loss 0.166488 | L0 102.0 / 102 | dead  0.0%
2049.1s 1192 step  83100 | loss 0.168183 | L0 102.0 / 102 | dead  0.0%
2050.6s 1193 step  83200 | loss 0.165117 | L0 102.0 / 102 | dead  0.0%
2052.8s 1194 shard loaded: shard_0001.pt  (1,000,000 rows)
2054.3s 1195 step  83300 | loss 0.170808 | L0 102.0 / 102 | dead  0.0%
2055.7s 1196 step  83400 | loss 0.168902 | L0 102.0 / 102 | dead  0.0%
2058.5s 1197 shard loaded: shard_0002.pt  (1,000,000 rows)
2059.4s 1198 step  83500 | loss 0.170955 | L0 102.0 / 102 | dead  0.0%
2060.8s 1199 step  83600 | loss 0.166879 | L0 102.0 / 102 | dead  0.0%
2064.3s 1200 shard loaded: shard_0003.pt  (1,000,000 rows)
2064.5s 1201 step  83700 | loss 0.170951 | L0 102.0 / 102 | dead  0.0%
2066.0s 1202 step  83800 | loss 0.172228 | L0 102.0 / 102 | dead  0.0%
2067.4s 1203 step  83900 | loss 0.168225 | L0 102.0 / 102 | dead  0.0%
2070.1s 1204 shard loaded: shard_0004.pt  (1,000,000 rows)
2071.1s 1205 step  84000 | loss 0.165181 | L0 102.0 / 102 | dead  0.0%
2072.6s 1206 step  84100 | loss 0.166339 | L0 102.0 / 102 | dead  0.0%
2075.9s 1207 shard loaded: shard_0005.pt  (1,000,000 rows)
2076.3s 1208 step  84200 | loss 0.169459 | L0 102.0 / 102 | dead  0.0%
2077.7s 1209 step  84300 | loss 0.167445 | L0 102.0 / 102 | dead  0.0%
2079.3s 1210 step  84400 | loss 0.166521 | L0 102.0 / 102 | dead  0.0%
2081.7s 1211 shard loaded: shard_0006.pt  (1,000,000 rows)
2082.8s 1212 step  84500 | loss 0.171397 | L0 102.0 / 102 | dead  0.0%
2084.3s 1213 step  84600 | loss 0.171361 | L0 102.0 / 102 | dead  0.0%
2087.4s 1214 shard loaded: shard_0007.pt  (1,000,000 rows)
2087.9s 1215 step  84700 | loss 0.168241 | L0 102.0 / 102 | dead  0.0%
2089.4s 1216 step  84800 | loss 0.166735 | L0 102.0 / 102 | dead  0.0%
2090.9s 1217 step  84900 | loss 0.167659 | L0 102.0 / 102 | dead  0.0%
2093.1s 1218 shard loaded: shard_0008.pt  (1,000,000 rows)
2094.5s 1219 step  85000 | loss 0.166558 | L0 102.0 / 102 | dead  0.0%
2096.0s 1220 step  85100 | loss 0.164718 | L0 102.0 / 102 | dead  0.0%
2098.9s 1221 shard loaded: shard_0009.pt  (1,000,000 rows)
2099.7s 1222 step  85200 | loss 0.168943 | L0 102.0 / 102 | dead  0.0%
2101.1s 1223 step  85300 | loss 0.167354 | L0 102.0 / 102 | dead  0.0%
2104.7s 1224 shard loaded: shard_0000.pt  (1,000,000 rows)
2104.7s 1225 step  85400 | loss 0.169499 | L0 102.0 / 102 | dead  0.0%
2106.3s 1226 step  85500 | loss 0.165579 | L0 102.0 / 102 | dead  0.0%
2107.7s 1227 step  85600 | loss 0.168885 | L0 102.0 / 102 | dead  0.0%
2110.5s 1228 shard loaded: shard_0001.pt  (1,000,000 rows)
2111.4s 1229 step  85700 | loss 0.171206 | L0 102.0 / 102 | dead  0.0%
2112.9s 1230 step  85800 | loss 0.170074 | L0 102.0 / 102 | dead  0.0%
2116.3s 1231 shard loaded: shard_0002.pt  (1,000,000 rows)
2116.6s 1232 step  85900 | loss 0.168769 | L0 102.0 / 102 | dead  0.0%
2118.0s 1233 step  86000 | loss 0.170092 | L0 102.0 / 102 | dead  0.0%
2119.5s 1234 step  86100 | loss 0.166558 | L0 102.0 / 102 | dead  0.0%
2122.1s 1235 shard loaded: shard_0003.pt  (1,000,000 rows)
2123.2s 1236 step  86200 | loss 0.167692 | L0 102.0 / 102 | dead  0.0%
2124.7s 1237 step  86300 | loss 0.169613 | L0 102.0 / 102 | dead  0.0%
2127.9s 1238 shard loaded: shard_0004.pt  (1,000,000 rows)
2128.4s 1239 step  86400 | loss 0.168354 | L0 102.0 / 102 | dead  0.0%
2129.8s 1240 step  86500 | loss 0.168031 | L0 102.0 / 102 | dead  0.0%
2131.3s 1241 step  86600 | loss 0.166440 | L0 102.0 / 102 | dead  0.0%
2133.7s 1242 shard loaded: shard_0005.pt  (1,000,000 rows)
2135.0s 1243 step  86700 | loss 0.165757 | L0 102.0 / 102 | dead  0.0%
2136.4s 1244 step  86800 | loss 0.166174 | L0 102.0 / 102 | dead  0.0%
2139.5s 1245 shard loaded: shard_0006.pt  (1,000,000 rows)
2140.1s 1246 step  86900 | loss 0.170520 | L0 102.0 / 102 | dead  0.0%
2141.6s 1247 step  87000 | loss 0.169206 | L0 102.0 / 102 | dead  0.0%
2143.0s 1248 step  87100 | loss 0.168137 | L0 102.0 / 102 | dead  0.0%
2145.3s 1249 shard loaded: shard_0007.pt  (1,000,000 rows)
2146.7s 1250 step  87200 | loss 0.167019 | L0 102.0 / 102 | dead  0.0%
2148.2s 1251 step  87300 | loss 0.164848 | L0 102.0 / 102 | dead  0.0%
2151.0s 1252 shard loaded: shard_0008.pt  (1,000,000 rows)
2151.8s 1253 step  87400 | loss 0.165901 | L0 102.0 / 102 | dead  0.0%
2153.3s 1254 step  87500 | loss 0.166010 | L0 102.0 / 102 | dead  0.0%
2156.8s 1255 shard loaded: shard_0009.pt  (1,000,000 rows)
2156.8s 1256 step  87600 | loss 0.168710 | L0 102.0 / 102 | dead  0.0%
2158.4s 1257 step  87700 | loss 0.166236 | L0 102.0 / 102 | dead  0.0%
2159.9s 1258 step  87800 | loss 0.167653 | L0 102.0 / 102 | dead  0.0%
2162.7s 1259 shard loaded: shard_0000.pt  (1,000,000 rows)
2163.6s 1260 step  87900 | loss 0.166825 | L0 102.0 / 102 | dead  0.0%
2165.1s 1261 step  88000 | loss 0.169044 | L0 102.0 / 102 | dead  0.0%
2168.4s 1262 shard loaded: shard_0001.pt  (1,000,000 rows)
2168.7s 1263 step  88100 | loss 0.172804 | L0 102.0 / 102 | dead  0.0%
2170.2s 1264 step  88200 | loss 0.169927 | L0 102.0 / 102 | dead  0.0%
2171.7s 1265 step  88300 | loss 0.168535 | L0 102.0 / 102 | dead  0.0%
2174.2s 1266 shard loaded: shard_0002.pt  (1,000,000 rows)
2175.3s 1267 step  88400 | loss 0.167472 | L0 102.0 / 102 | dead  0.0%
2176.8s 1268 step  88500 | loss 0.168072 | L0 102.0 / 102 | dead  0.0%
2179.9s 1269 shard loaded: shard_0003.pt  (1,000,000 rows)
2180.4s 1270 step  88600 | loss 0.168640 | L0 102.0 / 102 | dead  0.0%
2181.9s 1271 step  88700 | loss 0.169998 | L0 102.0 / 102 | dead  0.0%
2183.3s 1272 step  88800 | loss 0.166325 | L0 102.0 / 102 | dead  0.0%
2185.7s 1273 shard loaded: shard_0004.pt  (1,000,000 rows)
2187.0s 1274 step  88900 | loss 0.166612 | L0 102.0 / 102 | dead  0.0%
2188.5s 1275 step  89000 | loss 0.168692 | L0 102.0 / 102 | dead  0.0%
2191.5s 1276 shard loaded: shard_0005.pt  (1,000,000 rows)
2192.2s 1277 step  89100 | loss 0.166178 | L0 102.0 / 102 | dead  0.0%
2193.6s 1278 step  89200 | loss 0.165753 | L0 102.0 / 102 | dead  0.0%
2195.1s 1279 step  89300 | loss 0.166903 | L0 102.0 / 102 | dead  0.0%
2197.3s 1280 shard loaded: shard_0006.pt  (1,000,000 rows)
2198.8s 1281 step  89400 | loss 0.169699 | L0 102.0 / 102 | dead  0.0%
2200.2s 1282 step  89500 | loss 0.168592 | L0 102.0 / 102 | dead  0.0%
2203.2s 1283 shard loaded: shard_0007.pt  (1,000,000 rows)
2203.9s 1284 step  89600 | loss 0.166764 | L0 102.0 / 102 | dead  0.0%
2205.4s 1285 step  89700 | loss 0.167551 | L0 102.0 / 102 | dead  0.0%
2208.9s 1286 shard loaded: shard_0008.pt  (1,000,000 rows)
2209.1s 1287 step  89800 | loss 0.169165 | L0 102.0 / 102 | dead  0.0%
2210.6s 1288 step  89900 | loss 0.166050 | L0 102.0 / 102 | dead  0.0%
2212.0s 1289 step  90000 | loss 0.166240 | L0 102.0 / 102 | dead  0.0%
2212.0s 1290 checkpoint → sae_m1024_ckpt_090000.pt
2214.7s 1291 shard loaded: shard_0009.pt  (1,000,000 rows)
2215.7s 1292 step  90100 | loss 0.165973 | L0 102.0 / 102 | dead  0.0%
2217.2s 1293 step  90200 | loss 0.164135 | L0 102.0 / 102 | dead  0.0%
2220.5s 1294 shard loaded: shard_0000.pt  (1,000,000 rows)
2220.9s 1295 step  90300 | loss 0.171178 | L0 102.0 / 102 | dead  0.0%
2222.3s 1296 step  90400 | loss 0.165723 | L0 102.0 / 102 | dead  0.0%
2223.8s 1297 step  90500 | loss 0.166591 | L0 102.0 / 102 | dead  0.0%
2226.3s 1298 shard loaded: shard_0001.pt  (1,000,000 rows)
2227.5s 1299 step  90600 | loss 0.169380 | L0 102.0 / 102 | dead  0.0%
2229.0s 1300 step  90700 | loss 0.166099 | L0 102.0 / 102 | dead  0.0%
2232.1s 1301 shard loaded: shard_0002.pt  (1,000,000 rows)
2232.6s 1302 step  90800 | loss 0.166224 | L0 102.0 / 102 | dead  0.0%
2234.1s 1303 step  90900 | loss 0.167783 | L0 102.0 / 102 | dead  0.0%
2235.6s 1304 step  91000 | loss 0.165499 | L0 102.0 / 102 | dead  0.0%
2237.8s 1305 shard loaded: shard_0003.pt  (1,000,000 rows)
2239.2s 1306 step  91100 | loss 0.169100 | L0 102.0 / 102 | dead  0.0%
2240.7s 1307 step  91200 | loss 0.169943 | L0 102.0 / 102 | dead  0.0%
2243.6s 1308 shard loaded: shard_0004.pt  (1,000,000 rows)
2244.3s 1309 step  91300 | loss 0.168788 | L0 102.0 / 102 | dead  0.0%
2245.8s 1310 step  91400 | loss 0.167119 | L0 102.0 / 102 | dead  0.0%
2249.3s 1311 shard loaded: shard_0005.pt  (1,000,000 rows)
2249.3s 1312 step  91500 | loss 0.168543 | L0 102.0 / 102 | dead  0.0%
2250.9s 1313 step  91600 | loss 0.167906 | L0 102.0 / 102 | dead  0.0%
2252.4s 1314 step  91700 | loss 0.167257 | L0 102.0 / 102 | dead  0.0%
2255.2s 1315 shard loaded: shard_0006.pt  (1,000,000 rows)
2256.1s 1316 step  91800 | loss 0.170905 | L0 102.0 / 102 | dead  0.0%
2257.6s 1317 step  91900 | loss 0.170914 | L0 102.0 / 102 | dead  0.0%
2261.0s 1318 shard loaded: shard_0007.pt  (1,000,000 rows)
2261.2s 1319 step  92000 | loss 0.167173 | L0 102.0 / 102 | dead  0.0%
2262.7s 1320 step  92100 | loss 0.167049 | L0 102.0 / 102 | dead  0.0%
2264.2s 1321 step  92200 | loss 0.166553 | L0 102.0 / 102 | dead  0.0%
2266.7s 1322 shard loaded: shard_0008.pt  (1,000,000 rows)
2267.8s 1323 step  92300 | loss 0.167108 | L0 102.0 / 102 | dead  0.0%
2269.3s 1324 step  92400 | loss 0.164552 | L0 102.0 / 102 | dead  0.0%
2272.6s 1325 shard loaded: shard_0009.pt  (1,000,000 rows)
2273.0s 1326 step  92500 | loss 0.168449 | L0 102.0 / 102 | dead  0.0%
2274.5s 1327 step  92600 | loss 0.166577 | L0 102.0 / 102 | dead  0.0%
2276.0s 1328 step  92700 | loss 0.165784 | L0 102.0 / 102 | dead  0.0%
2278.4s 1329 shard loaded: shard_0000.pt  (1,000,000 rows)
2279.7s 1330 step  92800 | loss 0.167973 | L0 102.0 / 102 | dead  0.0%
2281.2s 1331 step  92900 | loss 0.165739 | L0 102.0 / 102 | dead  0.0%
2284.3s 1332 shard loaded: shard_0001.pt  (1,000,000 rows)
2284.9s 1333 step  93000 | loss 0.168114 | L0 102.0 / 102 | dead  0.0%
2286.4s 1334 step  93100 | loss 0.171131 | L0 102.0 / 102 | dead  0.0%
2287.9s 1335 step  93200 | loss 0.171753 | L0 102.0 / 102 | dead  0.0%
2290.1s 1336 shard loaded: shard_0002.pt  (1,000,000 rows)
2291.6s 1337 step  93300 | loss 0.168177 | L0 102.0 / 102 | dead  0.0%
2293.0s 1338 step  93400 | loss 0.168891 | L0 102.0 / 102 | dead  0.0%
2296.0s 1339 shard loaded: shard_0003.pt  (1,000,000 rows)
2296.7s 1340 step  93500 | loss 0.170588 | L0 102.0 / 102 | dead  0.0%
2298.2s 1341 step  93600 | loss 0.168734 | L0 102.0 / 102 | dead  0.0%
2301.8s 1342 shard loaded: shard_0004.pt  (1,000,000 rows)
2301.8s 1343 step  93700 | loss 0.169825 | L0 102.0 / 102 | dead  0.0%
2303.4s 1344 step  93800 | loss 0.167777 | L0 102.0 / 102 | dead  0.0%
2304.9s 1345 step  93900 | loss 0.167279 | L0 102.0 / 102 | dead  0.0%
2307.6s 1346 shard loaded: shard_0005.pt  (1,000,000 rows)
2308.5s 1347 step  94000 | loss 0.166490 | L0 102.0 / 102 | dead  0.0%
2310.0s 1348 step  94100 | loss 0.167809 | L0 102.0 / 102 | dead  0.0%
2313.4s 1349 shard loaded: shard_0006.pt  (1,000,000 rows)
2313.7s 1350 step  94200 | loss 0.171344 | L0 102.0 / 102 | dead  0.0%
2315.2s 1351 step  94300 | loss 0.170540 | L0 102.0 / 102 | dead  0.0%
2316.6s 1352 step  94400 | loss 0.167574 | L0 102.0 / 102 | dead  0.0%
2319.2s 1353 shard loaded: shard_0007.pt  (1,000,000 rows)
2320.3s 1354 step  94500 | loss 0.169237 | L0 102.0 / 102 | dead  0.0%
2321.8s 1355 step  94600 | loss 0.165203 | L0 102.0 / 102 | dead  0.0%
2324.9s 1356 shard loaded: shard_0008.pt  (1,000,000 rows)
2325.4s 1357 step  94700 | loss 0.167631 | L0 102.0 / 102 | dead  0.0%
2326.9s 1358 step  94800 | loss 0.162500 | L0 102.0 / 102 | dead  0.0%
2328.3s 1359 step  94900 | loss 0.166401 | L0 102.0 / 102 | dead  0.0%
2330.7s 1360 shard loaded: shard_0009.pt  (1,000,000 rows)
2332.0s 1361 step  95000 | loss 0.168549 | L0 102.0 / 102 | dead  0.0%
2333.5s 1362 step  95100 | loss 0.164681 | L0 102.0 / 102 | dead  0.0%
2336.5s 1363 shard loaded: shard_0000.pt  (1,000,000 rows)
2337.1s 1364 step  95200 | loss 0.169253 | L0 102.0 / 102 | dead  0.0%
2338.6s 1365 step  95300 | loss 0.165807 | L0 102.0 / 102 | dead  0.0%
2340.1s 1366 step  95400 | loss 0.165422 | L0 102.0 / 102 | dead  0.0%
2342.3s 1367 shard loaded: shard_0001.pt  (1,000,000 rows)
2343.8s 1368 step  95500 | loss 0.169951 | L0 102.0 / 102 | dead  0.0%
2345.3s 1369 step  95600 | loss 0.169572 | L0 102.0 / 102 | dead  0.0%
2348.1s 1370 shard loaded: shard_0002.pt  (1,000,000 rows)
2348.9s 1371 step  95700 | loss 0.169031 | L0 102.0 / 102 | dead  0.0%
2350.4s 1372 step  95800 | loss 0.166780 | L0 102.0 / 102 | dead  0.0%
2353.9s 1373 shard loaded: shard_0003.pt  (1,000,000 rows)
2353.9s 1374 step  95900 | loss 0.169884 | L0 102.0 / 102 | dead  0.0%
2355.5s 1375 step  96000 | loss 0.168008 | L0 102.0 / 102 | dead  0.0%
2357.1s 1376 step  96100 | loss 0.170226 | L0 102.0 / 102 | dead  0.0%
2359.6s 1377 shard loaded: shard_0004.pt  (1,000,000 rows)
2360.7s 1378 step  96200 | loss 0.165557 | L0 102.0 / 102 | dead  0.0%
2362.1s 1379 step  96300 | loss 0.165960 | L0 102.0 / 102 | dead  0.0%
2365.4s 1380 shard loaded: shard_0005.pt  (1,000,000 rows)
2365.8s 1381 step  96400 | loss 0.169537 | L0 102.0 / 102 | dead  0.0%
2367.3s 1382 step  96500 | loss 0.169489 | L0 102.0 / 102 | dead  0.0%
2368.8s 1383 step  96600 | loss 0.166891 | L0 102.0 / 102 | dead  0.0%
2371.3s 1384 shard loaded: shard_0006.pt  (1,000,000 rows)
2372.5s 1385 step  96700 | loss 0.171196 | L0 102.0 / 102 | dead  0.0%
2373.9s 1386 step  96800 | loss 0.169604 | L0 102.0 / 102 | dead  0.0%
2377.1s 1387 shard loaded: shard_0007.pt  (1,000,000 rows)
2377.6s 1388 step  96900 | loss 0.168413 | L0 102.0 / 102 | dead  0.0%
2379.1s 1389 step  97000 | loss 0.166728 | L0 102.0 / 102 | dead  0.0%
2380.6s 1390 step  97100 | loss 0.164701 | L0 102.0 / 102 | dead  0.0%
2382.9s 1391 shard loaded: shard_0008.pt  (1,000,000 rows)
2384.2s 1392 step  97200 | loss 0.167249 | L0 102.0 / 102 | dead  0.0%
2385.7s 1393 step  97300 | loss 0.164435 | L0 102.0 / 102 | dead  0.0%
2388.7s 1394 shard loaded: shard_0009.pt  (1,000,000 rows)
2389.4s 1395 step  97400 | loss 0.166480 | L0 102.0 / 102 | dead  0.0%
2390.8s 1396 step  97500 | loss 0.165305 | L0 102.0 / 102 | dead  0.0%
2394.4s 1397 shard loaded: shard_0000.pt  (1,000,000 rows)
2394.4s 1398 step  97600 | loss 0.169244 | L0 102.0 / 102 | dead  0.0%
2395.9s 1399 step  97700 | loss 0.168020 | L0 102.0 / 102 | dead  0.0%
2397.4s 1400 step  97800 | loss 0.166839 | L0 102.0 / 102 | dead  0.0%
2400.1s 1401 shard loaded: shard_0001.pt  (1,000,000 rows)
2401.1s 1402 step  97900 | loss 0.169613 | L0 102.0 / 102 | dead  0.0%
2402.5s 1403 step  98000 | loss 0.169620 | L0 102.0 / 102 | dead  0.0%
2405.9s 1404 shard loaded: shard_0002.pt  (1,000,000 rows)
2406.2s 1405 step  98100 | loss 0.168905 | L0 102.0 / 102 | dead  0.0%
2407.6s 1406 step  98200 | loss 0.167851 | L0 102.0 / 102 | dead  0.0%
2409.1s 1407 step  98300 | loss 0.164186 | L0 102.0 / 102 | dead  0.0%
2411.7s 1408 shard loaded: shard_0003.pt  (1,000,000 rows)
2412.8s 1409 step  98400 | loss 0.168435 | L0 102.0 / 102 | dead  0.0%
2414.3s 1410 step  98500 | loss 0.167324 | L0 102.0 / 102 | dead  0.0%
2417.5s 1411 shard loaded: shard_0004.pt  (1,000,000 rows)
2418.0s 1412 step  98600 | loss 0.169514 | L0 102.0 / 102 | dead  0.0%
2419.5s 1413 step  98700 | loss 0.167638 | L0 102.0 / 102 | dead  0.0%
2420.9s 1414 step  98800 | loss 0.165209 | L0 102.0 / 102 | dead  0.0%
2423.3s 1415 shard loaded: shard_0005.pt  (1,000,000 rows)
2424.6s 1416 step  98900 | loss 0.166936 | L0 102.0 / 102 | dead  0.0%
2426.0s 1417 step  99000 | loss 0.165593 | L0 102.0 / 102 | dead  0.0%
2429.1s 1418 shard loaded: shard_0006.pt  (1,000,000 rows)
2429.7s 1419 step  99100 | loss 0.169661 | L0 102.0 / 102 | dead  0.0%
2431.1s 1420 step  99200 | loss 0.169288 | L0 102.0 / 102 | dead  0.0%
2432.6s 1421 step  99300 | loss 0.169445 | L0 102.0 / 102 | dead  0.0%
2434.8s 1422 shard loaded: shard_0007.pt  (1,000,000 rows)
2436.3s 1423 step  99400 | loss 0.165104 | L0 102.0 / 102 | dead  0.0%
2437.8s 1424 step  99500 | loss 0.166541 | L0 102.0 / 102 | dead  0.0%
2440.6s 1425 shard loaded: shard_0008.pt  (1,000,000 rows)
2441.5s 1426 step  99600 | loss 0.165981 | L0 102.0 / 102 | dead  0.0%
2442.9s 1427 step  99700 | loss 0.166936 | L0 102.0 / 102 | dead  0.0%
2446.4s 1428 shard loaded: shard_0009.pt  (1,000,000 rows)
2446.4s 1429 step  99800 | loss 0.171142 | L0 102.0 / 102 | dead  0.0%
2448.1s 1430 step  99900 | loss 0.166328 | L0 102.0 / 102 | dead  0.0%
2449.6s 1431 checkpoint → sae_m1024_ckpt_final.pt
2455.9s 1432 /usr/local/lib/python3.12/dist-packages/mistune.py:435: SyntaxWarning: invalid escape sequence '\|'
2455.9s 1433 cells[i][c] = re.sub('\\\\\|', '|', cell)
2456.1s 1434 /usr/local/lib/python3.12/dist-packages/nbconvert/filters/filter_links.py:36: SyntaxWarning: invalid escape sequence '\_'
2456.1s 1435 text = re.sub(r'_', '\_', text) # Escape underscores in display text
2456.7s 1436 [NbConvertApp] Converting notebook __notebook__.ipynb to notebook
2457.2s 1437 [NbConvertApp] Writing 167560 bytes to __notebook__.ipynb
2459.7s 1438 [NbConvertApp] Converting notebook __notebook__.ipynb to html
2460.6s 1439 [NbConvertApp] Support files will be in __results___files/
2460.6s 1440 [NbConvertApp] Making directory __results___files
2460.6s 1441 [NbConvertApp] Writing 429200 bytes to __results__.html