7.0s 1 0.00s - Debugger warning: It seems that frozen modules are being used, which may
7.0s 2 0.00s - make the debugger miss breakpoints. Please pass -Xfrozen_modules=off
7.0s 3 0.00s - to python to disable frozen modules.
7.0s 4 0.00s - Note: Debugging will proceed. Set PYDEVD_DISABLE_FILE_VALIDATION=1 to disable this validation.
7.6s 5 0.00s - Debugger warning: It seems that frozen modules are being used, which may
7.6s 6 0.00s - make the debugger miss breakpoints. Please pass -Xfrozen_modules=off
7.6s 7 0.00s - to python to disable frozen modules.
7.6s 8 0.00s - Note: Debugging will proceed. Set PYDEVD_DISABLE_FILE_VALIDATION=1 to disable this validation.
34.5s 9 Warning: You are sending unauthenticated requests to the HF Hub. Please set a HF_TOKEN to enable higher rate limits and faster downloads.
34.5s 10 
34.5s 11 Warning: You are sending unauthenticated requests to the HF Hub. Please set a HF_TOKEN to enable higher rate limits and faster downloads.
36.1s 12 `torch_dtype` is deprecated! Use `dtype` instead!
36.1s 13 
36.1s 14 `torch_dtype` is deprecated! Use `dtype` instead!
41.3s 15 GPT2LMHeadModel LOAD REPORT from: distilgpt2
41.3s 16 Key                                        | Status     |  |
41.3s 17 -------------------------------------------+------------+--+-
41.3s 18 transformer.h.{0, 1, 2, 3, 4, 5}.attn.bias | UNEXPECTED |  |
41.3s 19 
41.3s 20 Notes:
41.3s 21 - UNEXPECTED	:can be ignored when loading from different task/architecture; not ok if you expect identical arch.
41.3s 22 
41.3s 23 GPT2LMHeadModel LOAD REPORT from: distilgpt2
41.3s 24 Key                                        | Status     |  |
41.3s 25 -------------------------------------------+------------+--+-
41.3s 26 transformer.h.{0, 1, 2, 3, 4, 5}.attn.bias | UNEXPECTED |  |
41.3s 27 
41.3s 28 Notes:
41.3s 29 - UNEXPECTED	:can be ignored when loading from different task/architecture; not ok if you expect identical arch.
41.9s 30 ============================================================
41.9s 31 DEBUG PASS  (200,000 tokens)
41.9s 32 ============================================================
43.3s 33 Token indices sequence length is longer than the specified maximum sequence length for this model (1217 > 1024). Running this sequence through the model will result in indexing errors
43.3s 34 
43.3s 35 Token indices sequence length is longer than the specified maximum sequence length for this model (1217 > 1024). Running this sequence through the model will result in indexing errors
53.0s 36 
53.0s 37 shape : torch.Size([200064, 768])
53.0s 38 dtype : torch.float16
53.4s 39 mean  : 0.0579   std : 6.4607
53.4s 40 min   : -128.6250   max : 1917.0000
54.9s 41 normalizer: mean.norm=65.946  std.mean=2.3599  std.min=1.720805
54.9s 42 normalizer saved → /kaggle/working/activations/normalizer.pt
55.9s 43 
55.9s 44 post-norm — mean: 0.0000  std: 1.0000
105.3s 45 saved shard_0000.pt  (1,000,000 rows  1.55 GB)
156.2s 46 saved shard_0001.pt  (1,000,000 rows  1.55 GB)
206.8s 47 saved shard_0002.pt  (1,000,000 rows  1.55 GB)
257.8s 48 saved shard_0003.pt  (1,000,000 rows  1.55 GB)
308.8s 49 saved shard_0004.pt  (1,000,000 rows  1.54 GB)
359.9s 50 saved shard_0005.pt  (1,000,000 rows  1.54 GB)
411.1s 51 saved shard_0006.pt  (1,000,000 rows  1.54 GB)
462.3s 52 saved shard_0007.pt  (1,000,000 rows  1.54 GB)
513.3s 53 saved shard_0008.pt  (1,000,000 rows  1.54 GB)
564.3s 54 saved shard_0009.pt  (1,000,000 rows  1.54 GB)
564.3s 55 extraction complete: 11 shards → /kaggle/working/activations
570.1s 56 /usr/local/lib/python3.12/dist-packages/mistune.py:435: SyntaxWarning: invalid escape sequence '\|'
570.1s 57 cells[i][c] = re.sub('\\\\\|', '|', cell)
570.3s 58 /usr/local/lib/python3.12/dist-packages/nbconvert/filters/filter_links.py:36: SyntaxWarning: invalid escape sequence '\_'
570.3s 59 text = re.sub(r'_', '\_', text) # Escape underscores in display text
571.0s 60 [NbConvertApp] Converting notebook __notebook__.ipynb to notebook
571.4s 61 [NbConvertApp] Writing 183681 bytes to __notebook__.ipynb
574.1s 62 [NbConvertApp] Converting notebook __notebook__.ipynb to html
575.2s 63 [NbConvertApp] Writing 477237 bytes to __results__.html