6.7s 1 0.00s - Debugger warning: It seems that frozen modules are being used, which may
6.7s 2 0.00s - make the debugger miss breakpoints. Please pass -Xfrozen_modules=off
6.7s 3 0.00s - to python to disable frozen modules.
6.7s 4 0.00s - Note: Debugging will proceed. Set PYDEVD_DISABLE_FILE_VALIDATION=1 to disable this validation.
7.3s 5 0.00s - Debugger warning: It seems that frozen modules are being used, which may
7.3s 6 0.00s - make the debugger miss breakpoints. Please pass -Xfrozen_modules=off
7.3s 7 0.00s - to python to disable frozen modules.
7.3s 8 0.00s - Note: Debugging will proceed. Set PYDEVD_DISABLE_FILE_VALIDATION=1 to disable this validation.
25.9s 9 shard loaded: shard_0000.pt  (1,000,000 rows)
26.3s 10 buffer OK — batch shape torch.Size([4096, 768])  mean -0.0005
26.3s 11 SAE: d_in=768  m=512  k=51  params=787,712
26.7s 12 initial loss 1.0445  L0 51.0
31.9s 13 step      0 | loss 1.046250 | L0  51.0 / 51 | dead  0.0%
32.8s 14 step    100 | loss 0.815924 | L0  51.0 / 51 | dead  0.0%
33.5s 15 step    200 | loss 0.726220 | L0  51.0 / 51 | dead  0.0%
44.8s 16 shard loaded: shard_0001.pt  (1,000,000 rows)
45.3s 17 step    300 | loss 0.668973 | L0  51.0 / 51 | dead  0.0%
46.1s 18 step    400 | loss 0.631467 | L0  51.0 / 51 | dead  0.0%
58.1s 19 shard loaded: shard_0002.pt  (1,000,000 rows)
58.1s 20 step    500 | loss 0.590653 | L0  51.0 / 51 | dead  0.0%
59.0s 21 step    600 | loss 0.569194 | L0  51.0 / 51 | dead  0.0%
59.8s 22 step    700 | loss 0.531542 | L0  51.0 / 51 | dead  0.0%
71.3s 23 shard loaded: shard_0003.pt  (1,000,000 rows)
71.9s 24 step    800 | loss 0.528064 | L0  51.0 / 51 | dead  0.0%
72.7s 25 step    900 | loss 0.506664 | L0  51.0 / 51 | dead  0.0%
83.8s 26 shard loaded: shard_0004.pt  (1,000,000 rows)
84.1s 27 step   1000 | loss 0.484253 | L0  51.0 / 51 | dead  0.0%
84.8s 28 step   1100 | loss 0.476868 | L0  51.0 / 51 | dead  0.0%
85.6s 29 step   1200 | loss 0.468260 | L0  51.0 / 51 | dead  0.0%
96.7s 30 shard loaded: shard_0005.pt  (1,000,000 rows)
97.4s 31 step   1300 | loss 0.452789 | L0  51.0 / 51 | dead  0.0%
98.2s 32 step   1400 | loss 0.448572 | L0  51.0 / 51 | dead  0.0%
109.9s 33 shard loaded: shard_0006.pt  (1,000,000 rows)
110.3s 34 step   1500 | loss 0.443342 | L0  51.0 / 51 | dead  0.0%
111.1s 35 step   1600 | loss 0.435793 | L0  51.0 / 51 | dead  0.0%
111.9s 36 step   1700 | loss 0.429865 | L0  51.0 / 51 | dead  0.0%
122.5s 37 shard loaded: shard_0007.pt  (1,000,000 rows)
123.3s 38 step   1800 | loss 0.408223 | L0  51.0 / 51 | dead  0.0%
124.1s 39 step   1900 | loss 0.407792 | L0  51.0 / 51 | dead  0.0%
135.7s 40 shard loaded: shard_0008.pt  (1,000,000 rows)
136.2s 41 step   2000 | loss 0.396413 | L0  51.0 / 51 | dead  0.0%
137.0s 42 step   2100 | loss 0.392161 | L0  51.0 / 51 | dead  0.0%
148.6s 43 shard loaded: shard_0009.pt  (1,000,000 rows)
148.6s 44 step   2200 | loss 0.394295 | L0  51.0 / 51 | dead  0.0%
149.6s 45 step   2300 | loss 0.383818 | L0  51.0 / 51 | dead  0.0%
150.4s 46 step   2400 | loss 0.382049 | L0  51.0 / 51 | dead  0.0%
152.8s 47 shard loaded: shard_0000.pt  (1,000,000 rows)
153.4s 48 step   2500 | loss 0.384418 | L0  51.0 / 51 | dead  0.0%
154.2s 49 step   2600 | loss 0.371230 | L0  51.0 / 51 | dead  0.0%
157.0s 50 shard loaded: shard_0001.pt  (1,000,000 rows)
157.2s 51 step   2700 | loss 0.378078 | L0  51.0 / 51 | dead  0.0%
158.0s 52 step   2800 | loss 0.372308 | L0  51.0 / 51 | dead  0.0%
158.8s 53 step   2900 | loss 0.369340 | L0  51.0 / 51 | dead  0.0%
161.1s 54 shard loaded: shard_0002.pt  (1,000,000 rows)
161.8s 55 step   3000 | loss 0.361670 | L0  51.0 / 51 | dead  0.0%
162.6s 56 step   3100 | loss 0.354991 | L0  51.0 / 51 | dead  0.0%
165.3s 57 shard loaded: shard_0003.pt  (1,000,000 rows)
165.6s 58 step   3200 | loss 0.357167 | L0  51.0 / 51 | dead  0.0%
166.4s 59 step   3300 | loss 0.351193 | L0  51.0 / 51 | dead  0.0%
167.3s 60 step   3400 | loss 0.354888 | L0  51.0 / 51 | dead  0.0%
169.5s 61 shard loaded: shard_0004.pt  (1,000,000 rows)
170.2s 62 step   3500 | loss 0.351848 | L0  51.0 / 51 | dead  0.0%
171.1s 63 step   3600 | loss 0.340158 | L0  51.0 / 51 | dead  0.0%
173.6s 64 shard loaded: shard_0005.pt  (1,000,000 rows)
174.1s 65 step   3700 | loss 0.343068 | L0  51.0 / 51 | dead  0.0%
174.9s 66 step   3800 | loss 0.341081 | L0  51.0 / 51 | dead  0.0%
175.7s 67 step   3900 | loss 0.336105 | L0  51.0 / 51 | dead  0.0%
177.8s 68 shard loaded: shard_0006.pt  (1,000,000 rows)
178.7s 69 step   4000 | loss 0.338311 | L0  51.0 / 51 | dead  0.0%
179.6s 70 step   4100 | loss 0.340421 | L0  51.0 / 51 | dead  0.0%
182.1s 71 shard loaded: shard_0007.pt  (1,000,000 rows)
182.6s 72 step   4200 | loss 0.331821 | L0  51.0 / 51 | dead  0.0%
183.5s 73 step   4300 | loss 0.333884 | L0  51.0 / 51 | dead  0.0%
186.3s 74 shard loaded: shard_0008.pt  (1,000,000 rows)
186.3s 75 step   4400 | loss 0.327390 | L0  51.0 / 51 | dead  0.0%
187.3s 76 step   4500 | loss 0.326815 | L0  51.0 / 51 | dead  0.0%
188.2s 77 step   4600 | loss 0.321759 | L0  51.0 / 51 | dead  0.0%
190.5s 78 shard loaded: shard_0009.pt  (1,000,000 rows)
191.2s 79 step   4700 | loss 0.329639 | L0  51.0 / 51 | dead  0.0%
192.0s 80 step   4800 | loss 0.324030 | L0  51.0 / 51 | dead  0.0%
194.7s 81 shard loaded: shard_0000.pt  (1,000,000 rows)
195.0s 82 step   4900 | loss 0.330284 | L0  51.0 / 51 | dead  0.0%
195.8s 83 step   5000 | loss 0.322331 | L0  51.0 / 51 | dead  0.0%
196.7s 84 step   5100 | loss 0.317702 | L0  51.0 / 51 | dead  0.0%
198.9s 85 shard loaded: shard_0001.pt  (1,000,000 rows)
199.6s 86 step   5200 | loss 0.326925 | L0  51.0 / 51 | dead  0.0%
200.5s 87 step   5300 | loss 0.325298 | L0  51.0 / 51 | dead  0.0%
203.2s 88 shard loaded: shard_0002.pt  (1,000,000 rows)
203.5s 89 step   5400 | loss 0.317668 | L0  51.0 / 51 | dead  0.0%
204.4s 90 step   5500 | loss 0.316296 | L0  51.0 / 51 | dead  0.0%
205.3s 91 step   5600 | loss 0.316901 | L0  51.0 / 51 | dead  0.0%
207.3s 92 shard loaded: shard_0003.pt  (1,000,000 rows)
208.2s 93 step   5700 | loss 0.322678 | L0  51.0 / 51 | dead  0.0%
209.1s 94 step   5800 | loss 0.315796 | L0  51.0 / 51 | dead  0.0%
211.5s 95 shard loaded: shard_0004.pt  (1,000,000 rows)
212.0s 96 step   5900 | loss 0.311713 | L0  51.0 / 51 | dead  0.0%
212.9s 97 step   6000 | loss 0.310482 | L0  51.0 / 51 | dead  0.0%
215.7s 98 shard loaded: shard_0005.pt  (1,000,000 rows)
215.7s 99 step   6100 | loss 0.316700 | L0  51.0 / 51 | dead  0.0%
216.7s 100 step   6200 | loss 0.313849 | L0  51.0 / 51 | dead  0.0%
217.6s 101 step   6300 | loss 0.310987 | L0  51.0 / 51 | dead  0.0%
219.9s 102 shard loaded: shard_0006.pt  (1,000,000 rows)
220.5s 103 step   6400 | loss 0.318282 | L0  51.0 / 51 | dead  0.0%
221.4s 104 step   6500 | loss 0.314575 | L0  51.0 / 51 | dead  0.0%
224.2s 105 shard loaded: shard_0007.pt  (1,000,000 rows)
224.2s 106 step   6600 | loss 0.312587 | L0  51.0 / 51 | dead  0.0%
225.3s 107 step   6700 | loss 0.310048 | L0  51.0 / 51 | dead  0.0%
226.2s 108 step   6800 | loss 0.307184 | L0  51.0 / 51 | dead  0.0%
228.4s 109 shard loaded: shard_0008.pt  (1,000,000 rows)
229.1s 110 step   6900 | loss 0.305950 | L0  51.0 / 51 | dead  0.0%
230.0s 111 step   7000 | loss 0.306719 | L0  51.0 / 51 | dead  0.0%
232.7s 112 shard loaded: shard_0009.pt  (1,000,000 rows)
233.0s 113 step   7100 | loss 0.306395 | L0  51.0 / 51 | dead  0.0%
233.9s 114 step   7200 | loss 0.307215 | L0  51.0 / 51 | dead  0.0%
234.8s 115 step   7300 | loss 0.305654 | L0  51.0 / 51 | dead  0.0%
237.0s 116 shard loaded: shard_0000.pt  (1,000,000 rows)
237.8s 117 step   7400 | loss 0.305491 | L0  51.0 / 51 | dead  0.0%
238.7s 118 step   7500 | loss 0.305779 | L0  51.0 / 51 | dead  0.0%
241.3s 119 shard loaded: shard_0001.pt  (1,000,000 rows)
241.7s 120 step   7600 | loss 0.309184 | L0  51.0 / 51 | dead  0.0%
242.6s 121 step   7700 | loss 0.309908 | L0  51.0 / 51 | dead  0.0%
243.5s 122 step   7800 | loss 0.311997 | L0  51.0 / 51 | dead  0.0%
245.6s 123 shard loaded: shard_0002.pt  (1,000,000 rows)
246.5s 124 step   7900 | loss 0.306513 | L0  51.0 / 51 | dead  0.0%
247.4s 125 step   8000 | loss 0.304291 | L0  51.0 / 51 | dead  0.0%
249.9s 126 shard loaded: shard_0003.pt  (1,000,000 rows)
250.4s 127 step   8100 | loss 0.310069 | L0  51.0 / 51 | dead  0.0%
251.3s 128 step   8200 | loss 0.305459 | L0  51.0 / 51 | dead  0.0%
254.2s 129 shard loaded: shard_0004.pt  (1,000,000 rows)
254.2s 130 step   8300 | loss 0.303177 | L0  51.0 / 51 | dead  0.0%
255.2s 131 step   8400 | loss 0.302342 | L0  51.0 / 51 | dead  0.0%
256.1s 132 step   8500 | loss 0.302560 | L0  51.0 / 51 | dead  0.0%
258.5s 133 shard loaded: shard_0005.pt  (1,000,000 rows)
259.1s 134 step   8600 | loss 0.304847 | L0  51.0 / 51 | dead  0.0%
260.0s 135 step   8700 | loss 0.302736 | L0  51.0 / 51 | dead  0.0%
262.7s 136 shard loaded: shard_0006.pt  (1,000,000 rows)
262.9s 137 step   8800 | loss 0.308060 | L0  51.0 / 51 | dead  0.0%
263.8s 138 step   8900 | loss 0.304161 | L0  51.0 / 51 | dead  0.0%
264.7s 139 step   9000 | loss 0.303054 | L0  51.0 / 51 | dead  0.0%
266.9s 140 shard loaded: shard_0007.pt  (1,000,000 rows)
267.7s 141 step   9100 | loss 0.300922 | L0  51.0 / 51 | dead  0.0%
268.5s 142 step   9200 | loss 0.297504 | L0  51.0 / 51 | dead  0.0%
271.2s 143 shard loaded: shard_0008.pt  (1,000,000 rows)
271.5s 144 step   9300 | loss 0.296241 | L0  51.0 / 51 | dead  0.0%
272.4s 145 step   9400 | loss 0.300806 | L0  51.0 / 51 | dead  0.0%
273.3s 146 step   9500 | loss 0.298695 | L0  51.0 / 51 | dead  0.0%
275.4s 147 shard loaded: shard_0009.pt  (1,000,000 rows)
276.2s 148 step   9600 | loss 0.300445 | L0  51.0 / 51 | dead  0.0%
277.1s 149 step   9700 | loss 0.300575 | L0  51.0 / 51 | dead  0.0%
279.6s 150 shard loaded: shard_0000.pt  (1,000,000 rows)
280.0s 151 step   9800 | loss 0.297739 | L0  51.0 / 51 | dead  0.0%
280.9s 152 step   9900 | loss 0.300574 | L0  51.0 / 51 | dead  0.0%
281.8s 153 step  10000 | loss 0.300892 | L0  51.0 / 51 | dead  0.0%
281.8s 154 checkpoint → sae_m512_ckpt_010000.pt
283.8s 155 shard loaded: shard_0001.pt  (1,000,000 rows)
284.7s 156 step  10100 | loss 0.306443 | L0  51.0 / 51 | dead  0.0%
285.6s 157 step  10200 | loss 0.306039 | L0  51.0 / 51 | dead  0.0%
288.0s 158 shard loaded: shard_0002.pt  (1,000,000 rows)
288.6s 159 step  10300 | loss 0.298045 | L0  51.0 / 51 | dead  0.0%
289.5s 160 step  10400 | loss 0.297566 | L0  51.0 / 51 | dead  0.0%
292.3s 161 shard loaded: shard_0003.pt  (1,000,000 rows)
292.3s 162 step  10500 | loss 0.301424 | L0  51.0 / 51 | dead  0.0%
293.3s 163 step  10600 | loss 0.305205 | L0  51.0 / 51 | dead  0.0%
294.2s 164 step  10700 | loss 0.298431 | L0  51.0 / 51 | dead  0.0%
296.5s 165 shard loaded: shard_0004.pt  (1,000,000 rows)
297.2s 166 step  10800 | loss 0.297762 | L0  51.0 / 51 | dead  0.0%
298.0s 167 step  10900 | loss 0.293743 | L0  51.0 / 51 | dead  0.0%
300.7s 168 shard loaded: shard_0005.pt  (1,000,000 rows)
301.0s 169 step  11000 | loss 0.296861 | L0  51.0 / 51 | dead  0.0%
301.9s 170 step  11100 | loss 0.295724 | L0  51.0 / 51 | dead  0.0%
302.8s 171 step  11200 | loss 0.297986 | L0  51.0 / 51 | dead  0.0%
305.0s 172 shard loaded: shard_0006.pt  (1,000,000 rows)
305.7s 173 step  11300 | loss 0.307444 | L0  51.0 / 51 | dead  0.0%
306.6s 174 step  11400 | loss 0.300933 | L0  51.0 / 51 | dead  0.0%
309.2s 175 shard loaded: shard_0007.pt  (1,000,000 rows)
309.6s 176 step  11500 | loss 0.295894 | L0  51.0 / 51 | dead  0.0%
310.5s 177 step  11600 | loss 0.293736 | L0  51.0 / 51 | dead  0.0%
311.4s 178 step  11700 | loss 0.300692 | L0  51.0 / 51 | dead  0.0%
313.4s 179 shard loaded: shard_0008.pt  (1,000,000 rows)
314.3s 180 step  11800 | loss 0.295372 | L0  51.0 / 51 | dead  0.0%
315.2s 181 step  11900 | loss 0.293114 | L0  51.0 / 51 | dead  0.0%
317.7s 182 shard loaded: shard_0009.pt  (1,000,000 rows)
318.1s 183 step  12000 | loss 0.297200 | L0  51.0 / 51 | dead  0.0%
319.0s 184 step  12100 | loss 0.293522 | L0  51.0 / 51 | dead  0.0%
322.0s 185 shard loaded: shard_0000.pt  (1,000,000 rows)
322.0s 186 step  12200 | loss 0.298612 | L0  51.0 / 51 | dead  0.0%
323.0s 187 step  12300 | loss 0.297755 | L0  51.0 / 51 | dead  0.0%
323.9s 188 step  12400 | loss 0.295279 | L0  51.0 / 51 | dead  0.0%
326.3s 189 shard loaded: shard_0001.pt  (1,000,000 rows)
326.9s 190 step  12500 | loss 0.300408 | L0  51.0 / 51 | dead  0.0%
327.8s 191 step  12600 | loss 0.301759 | L0  51.0 / 51 | dead  0.0%
330.5s 192 shard loaded: shard_0002.pt  (1,000,000 rows)
330.5s 193 step  12700 | loss 0.298318 | L0  51.0 / 51 | dead  0.0%
331.6s 194 step  12800 | loss 0.293705 | L0  51.0 / 51 | dead  0.0%
332.5s 195 step  12900 | loss 0.295467 | L0  51.0 / 51 | dead  0.0%
334.8s 196 shard loaded: shard_0003.pt  (1,000,000 rows)
335.5s 197 step  13000 | loss 0.302944 | L0  51.0 / 51 | dead  0.0%
336.4s 198 step  13100 | loss 0.295712 | L0  51.0 / 51 | dead  0.0%
339.0s 199 shard loaded: shard_0004.pt  (1,000,000 rows)
339.3s 200 step  13200 | loss 0.299617 | L0  51.0 / 51 | dead  0.0%
340.2s 201 step  13300 | loss 0.291320 | L0  51.0 / 51 | dead  0.0%
341.1s 202 step  13400 | loss 0.291738 | L0  51.0 / 51 | dead  0.0%
343.3s 203 shard loaded: shard_0005.pt  (1,000,000 rows)
344.1s 204 step  13500 | loss 0.296512 | L0  51.0 / 51 | dead  0.0%
345.0s 205 step  13600 | loss 0.293614 | L0  51.0 / 51 | dead  0.0%
347.5s 206 shard loaded: shard_0006.pt  (1,000,000 rows)
347.9s 207 step  13700 | loss 0.297851 | L0  51.0 / 51 | dead  0.0%
348.8s 208 step  13800 | loss 0.298790 | L0  51.0 / 51 | dead  0.0%
349.7s 209 step  13900 | loss 0.295249 | L0  51.0 / 51 | dead  0.0%
351.8s 210 shard loaded: shard_0007.pt  (1,000,000 rows)
352.6s 211 step  14000 | loss 0.291918 | L0  51.0 / 51 | dead  0.0%
353.5s 212 step  14100 | loss 0.288828 | L0  51.0 / 51 | dead  0.0%
356.0s 213 shard loaded: shard_0008.pt  (1,000,000 rows)
356.5s 214 step  14200 | loss 0.289157 | L0  51.0 / 51 | dead  0.0%
357.4s 215 step  14300 | loss 0.287988 | L0  51.0 / 51 | dead  0.0%
360.2s 216 shard loaded: shard_0009.pt  (1,000,000 rows)
360.2s 217 step  14400 | loss 0.295039 | L0  51.0 / 51 | dead  0.0%
361.2s 218 step  14500 | loss 0.291631 | L0  51.0 / 51 | dead  0.0%
362.1s 219 step  14600 | loss 0.294481 | L0  51.0 / 51 | dead  0.0%
364.5s 220 shard loaded: shard_0000.pt  (1,000,000 rows)
365.1s 221 step  14700 | loss 0.293357 | L0  51.0 / 51 | dead  0.0%
366.0s 222 step  14800 | loss 0.295207 | L0  51.0 / 51 | dead  0.0%
368.7s 223 shard loaded: shard_0001.pt  (1,000,000 rows)
368.9s 224 step  14900 | loss 0.305576 | L0  51.0 / 51 | dead  0.0%
369.8s 225 step  15000 | loss 0.301814 | L0  51.0 / 51 | dead  0.0%
370.7s 226 step  15100 | loss 0.298444 | L0  51.0 / 51 | dead  0.0%
373.0s 227 shard loaded: shard_0002.pt  (1,000,000 rows)
373.7s 228 step  15200 | loss 0.296640 | L0  51.0 / 51 | dead  0.0%
374.6s 229 step  15300 | loss 0.293892 | L0  51.0 / 51 | dead  0.0%
377.2s 230 shard loaded: shard_0003.pt  (1,000,000 rows)
377.5s 231 step  15400 | loss 0.294267 | L0  51.0 / 51 | dead  0.0%
378.4s 232 step  15500 | loss 0.294930 | L0  51.0 / 51 | dead  0.0%
379.3s 233 step  15600 | loss 0.297367 | L0  51.0 / 51 | dead  0.0%
381.5s 234 shard loaded: shard_0004.pt  (1,000,000 rows)
382.3s 235 step  15700 | loss 0.291670 | L0  51.0 / 51 | dead  0.0%
383.2s 236 step  15800 | loss 0.290051 | L0  51.0 / 51 | dead  0.0%
385.8s 237 shard loaded: shard_0005.pt  (1,000,000 rows)
386.2s 238 step  15900 | loss 0.292414 | L0  51.0 / 51 | dead  0.0%
387.1s 239 step  16000 | loss 0.292695 | L0  51.0 / 51 | dead  0.0%
388.0s 240 step  16100 | loss 0.294387 | L0  51.0 / 51 | dead  0.0%
390.0s 241 shard loaded: shard_0006.pt  (1,000,000 rows)
390.9s 242 step  16200 | loss 0.296512 | L0  51.0 / 51 | dead  0.0%
391.8s 243 step  16300 | loss 0.299215 | L0  51.0 / 51 | dead  0.0%
394.3s 244 shard loaded: shard_0007.pt  (1,000,000 rows)
394.8s 245 step  16400 | loss 0.291469 | L0  51.0 / 51 | dead  0.0%
395.7s 246 step  16500 | loss 0.290799 | L0  51.0 / 51 | dead  0.0%
398.5s 247 shard loaded: shard_0008.pt  (1,000,000 rows)
398.5s 248 step  16600 | loss 0.288622 | L0  51.0 / 51 | dead  0.0%
399.5s 249 step  16700 | loss 0.288352 | L0  51.0 / 51 | dead  0.0%
400.4s 250 step  16800 | loss 0.289805 | L0  51.0 / 51 | dead  0.0%
402.7s 251 shard loaded: shard_0009.pt  (1,000,000 rows)
403.4s 252 step  16900 | loss 0.292282 | L0  51.0 / 51 | dead  0.0%
404.3s 253 step  17000 | loss 0.292430 | L0  51.0 / 51 | dead  0.0%
407.0s 254 shard loaded: shard_0000.pt  (1,000,000 rows)
407.2s 255 step  17100 | loss 0.295620 | L0  51.0 / 51 | dead  0.0%
408.1s 256 step  17200 | loss 0.291860 | L0  51.0 / 51 | dead  0.0%
409.0s 257 step  17300 | loss 0.289727 | L0  51.0 / 51 | dead  0.0%
411.2s 258 shard loaded: shard_0001.pt  (1,000,000 rows)
412.0s 259 step  17400 | loss 0.297411 | L0  51.0 / 51 | dead  0.0%
412.8s 260 step  17500 | loss 0.295280 | L0  51.0 / 51 | dead  0.0%
415.4s 261 shard loaded: shard_0002.pt  (1,000,000 rows)
415.8s 262 step  17600 | loss 0.292502 | L0  51.0 / 51 | dead  0.0%
416.7s 263 step  17700 | loss 0.293502 | L0  51.0 / 51 | dead  0.0%
417.6s 264 step  17800 | loss 0.290120 | L0  51.0 / 51 | dead  0.0%
419.6s 265 shard loaded: shard_0003.pt  (1,000,000 rows)
420.5s 266 step  17900 | loss 0.294374 | L0  51.0 / 51 | dead  0.0%
421.4s 267 step  18000 | loss 0.293206 | L0  51.0 / 51 | dead  0.0%
423.9s 268 shard loaded: shard_0004.pt  (1,000,000 rows)
424.3s 269 step  18100 | loss 0.288726 | L0  51.0 / 51 | dead  0.0%
425.2s 270 step  18200 | loss 0.289598 | L0  51.0 / 51 | dead  0.0%
428.1s 271 shard loaded: shard_0005.pt  (1,000,000 rows)
428.1s 272 step  18300 | loss 0.290884 | L0  51.0 / 51 | dead  0.0%
429.1s 273 step  18400 | loss 0.291172 | L0  51.0 / 51 | dead  0.0%
430.0s 274 step  18500 | loss 0.289309 | L0  51.0 / 51 | dead  0.0%
432.4s 275 shard loaded: shard_0006.pt  (1,000,000 rows)
432.9s 276 step  18600 | loss 0.291573 | L0  51.0 / 51 | dead  0.0%
433.8s 277 step  18700 | loss 0.292077 | L0  51.0 / 51 | dead  0.0%
436.6s 278 shard loaded: shard_0007.pt  (1,000,000 rows)
436.6s 279 step  18800 | loss 0.292941 | L0  51.0 / 51 | dead  0.0%
437.6s 280 step  18900 | loss 0.288221 | L0  51.0 / 51 | dead  0.0%
438.5s 281 step  19000 | loss 0.287669 | L0  51.0 / 51 | dead  0.0%
440.8s 282 shard loaded: shard_0008.pt  (1,000,000 rows)
441.5s 283 step  19100 | loss 0.286932 | L0  51.0 / 51 | dead  0.0%
442.3s 284 step  19200 | loss 0.287095 | L0  51.0 / 51 | dead  0.0%
445.0s 285 shard loaded: shard_0009.pt  (1,000,000 rows)
445.3s 286 step  19300 | loss 0.294011 | L0  51.0 / 51 | dead  0.0%
446.2s 287 step  19400 | loss 0.293134 | L0  51.0 / 51 | dead  0.0%
447.1s 288 step  19500 | loss 0.283864 | L0  51.0 / 51 | dead  0.0%
449.2s 289 shard loaded: shard_0000.pt  (1,000,000 rows)
450.0s 290 step  19600 | loss 0.292448 | L0  51.0 / 51 | dead  0.0%
450.9s 291 step  19700 | loss 0.292264 | L0  51.0 / 51 | dead  0.0%
453.5s 292 shard loaded: shard_0001.pt  (1,000,000 rows)
453.9s 293 step  19800 | loss 0.295546 | L0  51.0 / 51 | dead  0.0%
454.8s 294 step  19900 | loss 0.298320 | L0  51.0 / 51 | dead  0.0%
455.7s 295 step  20000 | loss 0.294326 | L0  51.0 / 51 | dead  0.0%
455.7s 296 checkpoint → sae_m512_ckpt_020000.pt
457.7s 297 shard loaded: shard_0002.pt  (1,000,000 rows)
458.6s 298 step  20100 | loss 0.288876 | L0  51.0 / 51 | dead  0.0%
459.5s 299 step  20200 | loss 0.288678 | L0  51.0 / 51 | dead  0.0%
462.0s 300 shard loaded: shard_0003.pt  (1,000,000 rows)
462.5s 301 step  20300 | loss 0.298832 | L0  51.0 / 51 | dead  0.0%
463.3s 302 step  20400 | loss 0.294624 | L0  51.0 / 51 | dead  0.0%
466.2s 303 shard loaded: shard_0004.pt  (1,000,000 rows)
466.2s 304 step  20500 | loss 0.291993 | L0  51.0 / 51 | dead  0.0%
467.2s 305 step  20600 | loss 0.290998 | L0  51.0 / 51 | dead  0.0%
468.1s 306 step  20700 | loss 0.287359 | L0  51.0 / 51 | dead  0.0%
470.4s 307 shard loaded: shard_0005.pt  (1,000,000 rows)
471.0s 308 step  20800 | loss 0.294419 | L0  51.0 / 51 | dead  0.0%
471.9s 309 step  20900 | loss 0.291609 | L0  51.0 / 51 | dead  0.0%
474.7s 310 shard loaded: shard_0006.pt  (1,000,000 rows)
474.9s 311 step  21000 | loss 0.295009 | L0  51.0 / 51 | dead  0.0%
475.8s 312 step  21100 | loss 0.291498 | L0  51.0 / 51 | dead  0.0%
476.7s 313 step  21200 | loss 0.298547 | L0  51.0 / 51 | dead  0.0%
478.9s 314 shard loaded: shard_0007.pt  (1,000,000 rows)
479.6s 315 step  21300 | loss 0.292668 | L0  51.0 / 51 | dead  0.0%
480.5s 316 step  21400 | loss 0.291758 | L0  51.0 / 51 | dead  0.0%
483.2s 317 shard loaded: shard_0008.pt  (1,000,000 rows)
483.5s 318 step  21500 | loss 0.288265 | L0  51.0 / 51 | dead  0.0%
484.4s 319 step  21600 | loss 0.287623 | L0  51.0 / 51 | dead  0.0%
485.3s 320 step  21700 | loss 0.285310 | L0  51.0 / 51 | dead  0.0%
487.4s 321 shard loaded: shard_0009.pt  (1,000,000 rows)
488.2s 322 step  21800 | loss 0.290263 | L0  51.0 / 51 | dead  0.0%
489.1s 323 step  21900 | loss 0.284549 | L0  51.0 / 51 | dead  0.0%
491.7s 324 shard loaded: shard_0000.pt  (1,000,000 rows)
492.1s 325 step  22000 | loss 0.290455 | L0  51.0 / 51 | dead  0.0%
493.0s 326 step  22100 | loss 0.287075 | L0  51.0 / 51 | dead  0.0%
493.9s 327 step  22200 | loss 0.290528 | L0  51.0 / 51 | dead  0.0%
495.9s 328 shard loaded: shard_0001.pt  (1,000,000 rows)
496.9s 329 step  22300 | loss 0.298627 | L0  51.0 / 51 | dead  0.0%
497.8s 330 step  22400 | loss 0.296434 | L0  51.0 / 51 | dead  0.0%
500.2s 331 shard loaded: shard_0002.pt  (1,000,000 rows)
500.7s 332 step  22500 | loss 0.292421 | L0  51.0 / 51 | dead  0.0%
501.6s 333 step  22600 | loss 0.290415 | L0  51.0 / 51 | dead  0.0%
504.4s 334 shard loaded: shard_0003.pt  (1,000,000 rows)
504.4s 335 step  22700 | loss 0.293460 | L0  51.0 / 51 | dead  0.0%
505.5s 336 step  22800 | loss 0.295047 | L0  51.0 / 51 | dead  0.0%
506.4s 337 step  22900 | loss 0.290409 | L0  51.0 / 51 | dead  0.0%
508.7s 338 shard loaded: shard_0004.pt  (1,000,000 rows)
509.3s 339 step  23000 | loss 0.289144 | L0  51.0 / 51 | dead  0.0%
510.2s 340 step  23100 | loss 0.290455 | L0  51.0 / 51 | dead  0.0%
512.9s 341 shard loaded: shard_0005.pt  (1,000,000 rows)
513.2s 342 step  23200 | loss 0.291208 | L0  51.0 / 51 | dead  0.0%
514.1s 343 step  23300 | loss 0.287776 | L0  51.0 / 51 | dead  0.0%
515.0s 344 step  23400 | loss 0.291615 | L0  51.0 / 51 | dead  0.0%
517.2s 345 shard loaded: shard_0006.pt  (1,000,000 rows)
517.9s 346 step  23500 | loss 0.294585 | L0  51.0 / 51 | dead  0.0%
518.8s 347 step  23600 | loss 0.297160 | L0  51.0 / 51 | dead  0.0%
521.4s 348 shard loaded: shard_0007.pt  (1,000,000 rows)
521.8s 349 step  23700 | loss 0.288269 | L0  51.0 / 51 | dead  0.0%
522.7s 350 step  23800 | loss 0.291465 | L0  51.0 / 51 | dead  0.0%
523.6s 351 step  23900 | loss 0.285443 | L0  51.0 / 51 | dead  0.0%
525.7s 352 shard loaded: shard_0008.pt  (1,000,000 rows)
526.6s 353 step  24000 | loss 0.283330 | L0  51.0 / 51 | dead  0.0%
527.5s 354 step  24100 | loss 0.285941 | L0  51.0 / 51 | dead  0.0%
529.9s 355 shard loaded: shard_0009.pt  (1,000,000 rows)
530.4s 356 step  24200 | loss 0.286856 | L0  51.0 / 51 | dead  0.0%
531.3s 357 step  24300 | loss 0.288710 | L0  51.0 / 51 | dead  0.0%
534.2s 358 shard loaded: shard_0000.pt  (1,000,000 rows)
534.2s 359 step  24400 | loss 0.291294 | L0  51.0 / 51 | dead  0.0%
535.2s 360 step  24500 | loss 0.289637 | L0  51.0 / 51 | dead  0.0%
536.1s 361 step  24600 | loss 0.288336 | L0  51.0 / 51 | dead  0.0%
538.4s 362 shard loaded: shard_0001.pt  (1,000,000 rows)
539.0s 363 step  24700 | loss 0.296448 | L0  51.0 / 51 | dead  0.0%
539.9s 364 step  24800 | loss 0.292716 | L0  51.0 / 51 | dead  0.0%
542.7s 365 shard loaded: shard_0002.pt  (1,000,000 rows)
542.7s 366 step  24900 | loss 0.294315 | L0  51.0 / 51 | dead  0.0%
543.8s 367 step  25000 | loss 0.287557 | L0  51.0 / 51 | dead  0.0%
544.7s 368 step  25100 | loss 0.289338 | L0  51.0 / 51 | dead  0.0%
547.0s 369 shard loaded: shard_0003.pt  (1,000,000 rows)
547.6s 370 step  25200 | loss 0.292599 | L0  51.0 / 51 | dead  0.0%
548.5s 371 step  25300 | loss 0.290017 | L0  51.0 / 51 | dead  0.0%
551.2s 372 shard loaded: shard_0004.pt  (1,000,000 rows)
551.5s 373 step  25400 | loss 0.287107 | L0  51.0 / 51 | dead  0.0%
552.4s 374 step  25500 | loss 0.288218 | L0  51.0 / 51 | dead  0.0%
553.3s 375 step  25600 | loss 0.285853 | L0  51.0 / 51 | dead  0.0%
555.5s 376 shard loaded: shard_0005.pt  (1,000,000 rows)
556.2s 377 step  25700 | loss 0.287427 | L0  51.0 / 51 | dead  0.0%
557.1s 378 step  25800 | loss 0.286760 | L0  51.0 / 51 | dead  0.0%
559.6s 379 shard loaded: shard_0006.pt  (1,000,000 rows)
560.0s 380 step  25900 | loss 0.295840 | L0  51.0 / 51 | dead  0.0%
560.9s 381 step  26000 | loss 0.289851 | L0  51.0 / 51 | dead  0.0%
561.8s 382 step  26100 | loss 0.293467 | L0  51.0 / 51 | dead  0.0%
563.9s 383 shard loaded: shard_0007.pt  (1,000,000 rows)
564.8s 384 step  26200 | loss 0.283208 | L0  51.0 / 51 | dead  0.0%
565.7s 385 step  26300 | loss 0.285343 | L0  51.0 / 51 | dead  0.0%
568.1s 386 shard loaded: shard_0008.pt  (1,000,000 rows)
568.6s 387 step  26400 | loss 0.285858 | L0  51.0 / 51 | dead  0.0%
569.5s 388 step  26500 | loss 0.282574 | L0  51.0 / 51 | dead  0.0%
572.4s 389 shard loaded: shard_0009.pt  (1,000,000 rows)
572.4s 390 step  26600 | loss 0.289219 | L0  51.0 / 51 | dead  0.0%
573.4s 391 step  26700 | loss 0.290415 | L0  51.0 / 51 | dead  0.0%
574.3s 392 step  26800 | loss 0.283966 | L0  51.0 / 51 | dead  0.0%
576.6s 393 shard loaded: shard_0000.pt  (1,000,000 rows)
577.2s 394 step  26900 | loss 0.290771 | L0  51.0 / 51 | dead  0.0%
578.1s 395 step  27000 | loss 0.288522 | L0  51.0 / 51 | dead  0.0%
580.9s 396 shard loaded: shard_0001.pt  (1,000,000 rows)
581.1s 397 step  27100 | loss 0.294224 | L0  51.0 / 51 | dead  0.0%
582.0s 398 step  27200 | loss 0.292845 | L0  51.0 / 51 | dead  0.0%
582.9s 399 step  27300 | loss 0.292276 | L0  51.0 / 51 | dead  0.0%
585.1s 400 shard loaded: shard_0002.pt  (1,000,000 rows)
585.9s 401 step  27400 | loss 0.286187 | L0  51.0 / 51 | dead  0.0%
586.8s 402 step  27500 | loss 0.283967 | L0  51.0 / 51 | dead  0.0%
589.4s 403 shard loaded: shard_0003.pt  (1,000,000 rows)
589.7s 404 step  27600 | loss 0.297941 | L0  51.0 / 51 | dead  0.0%
590.6s 405 step  27700 | loss 0.289768 | L0  51.0 / 51 | dead  0.0%
591.5s 406 step  27800 | loss 0.290472 | L0  51.0 / 51 | dead  0.0%
593.6s 407 shard loaded: shard_0004.pt  (1,000,000 rows)
594.4s 408 step  27900 | loss 0.283974 | L0  51.0 / 51 | dead  0.0%
595.3s 409 step  28000 | loss 0.284446 | L0  51.0 / 51 | dead  0.0%
597.8s 410 shard loaded: shard_0005.pt  (1,000,000 rows)
598.3s 411 step  28100 | loss 0.285959 | L0  51.0 / 51 | dead  0.0%
599.2s 412 step  28200 | loss 0.288805 | L0  51.0 / 51 | dead  0.0%
600.1s 413 step  28300 | loss 0.288075 | L0  51.0 / 51 | dead  0.0%
602.1s 414 shard loaded: shard_0006.pt  (1,000,000 rows)
603.0s 415 step  28400 | loss 0.293245 | L0  51.0 / 51 | dead  0.0%
603.9s 416 step  28500 | loss 0.295284 | L0  51.0 / 51 | dead  0.0%
606.3s 417 shard loaded: shard_0007.pt  (1,000,000 rows)
606.9s 418 step  28600 | loss 0.286736 | L0  51.0 / 51 | dead  0.0%
607.7s 419 step  28700 | loss 0.286553 | L0  51.0 / 51 | dead  0.0%
610.5s 420 shard loaded: shard_0008.pt  (1,000,000 rows)
610.5s 421 step  28800 | loss 0.285748 | L0  51.0 / 51 | dead  0.0%
611.6s 422 step  28900 | loss 0.285554 | L0  51.0 / 51 | dead  0.0%
612.5s 423 step  29000 | loss 0.284289 | L0  51.0 / 51 | dead  0.0%
614.8s 424 shard loaded: shard_0009.pt  (1,000,000 rows)
615.4s 425 step  29100 | loss 0.287712 | L0  51.0 / 51 | dead  0.0%
616.3s 426 step  29200 | loss 0.292585 | L0  51.0 / 51 | dead  0.0%
619.0s 427 shard loaded: shard_0000.pt  (1,000,000 rows)
619.3s 428 step  29300 | loss 0.288511 | L0  51.0 / 51 | dead  0.0%
620.1s 429 step  29400 | loss 0.289854 | L0  51.0 / 51 | dead  0.0%
621.0s 430 step  29500 | loss 0.286247 | L0  51.0 / 51 | dead  0.0%
623.3s 431 shard loaded: shard_0001.pt  (1,000,000 rows)
624.0s 432 step  29600 | loss 0.291741 | L0  51.0 / 51 | dead  0.0%
624.9s 433 step  29700 | loss 0.292664 | L0  51.0 / 51 | dead  0.0%
627.5s 434 shard loaded: shard_0002.pt  (1,000,000 rows)
627.8s 435 step  29800 | loss 0.295565 | L0  51.0 / 51 | dead  0.0%
628.7s 436 step  29900 | loss 0.284220 | L0  51.0 / 51 | dead  0.0%
629.6s 437 step  30000 | loss 0.289564 | L0  51.0 / 51 | dead  0.0%
629.6s 438 checkpoint → sae_m512_ckpt_030000.pt
631.8s 439 shard loaded: shard_0003.pt  (1,000,000 rows)
632.6s 440 step  30100 | loss 0.292543 | L0  51.0 / 51 | dead  0.0%
633.5s 441 step  30200 | loss 0.293365 | L0  51.0 / 51 | dead  0.0%
636.0s 442 shard loaded: shard_0004.pt  (1,000,000 rows)
636.5s 443 step  30300 | loss 0.291929 | L0  51.0 / 51 | dead  0.0%
637.4s 444 step  30400 | loss 0.285472 | L0  51.0 / 51 | dead  0.0%
640.2s 445 shard loaded: shard_0005.pt  (1,000,000 rows)
640.2s 446 step  30500 | loss 0.286769 | L0  51.0 / 51 | dead  0.0%
641.2s 447 step  30600 | loss 0.286524 | L0  51.0 / 51 | dead  0.0%
642.1s 448 step  30700 | loss 0.287287 | L0  51.0 / 51 | dead  0.0%
644.5s 449 shard loaded: shard_0006.pt  (1,000,000 rows)
645.0s 450 step  30800 | loss 0.290902 | L0  51.0 / 51 | dead  0.0%
645.9s 451 step  30900 | loss 0.290694 | L0  51.0 / 51 | dead  0.0%
648.7s 452 shard loaded: shard_0007.pt  (1,000,000 rows)
648.7s 453 step  31000 | loss 0.290102 | L0  51.0 / 51 | dead  0.0%
649.8s 454 step  31100 | loss 0.287820 | L0  51.0 / 51 | dead  0.0%
650.7s 455 step  31200 | loss 0.291592 | L0  51.0 / 51 | dead  0.0%
653.0s 456 shard loaded: shard_0008.pt  (1,000,000 rows)
653.7s 457 step  31300 | loss 0.283955 | L0  51.0 / 51 | dead  0.0%
654.6s 458 step  31400 | loss 0.282627 | L0  51.0 / 51 | dead  0.0%
657.2s 459 shard loaded: shard_0009.pt  (1,000,000 rows)
657.5s 460 step  31500 | loss 0.291536 | L0  51.0 / 51 | dead  0.0%
658.4s 461 step  31600 | loss 0.286740 | L0  51.0 / 51 | dead  0.0%
659.3s 462 step  31700 | loss 0.285845 | L0  51.0 / 51 | dead  0.0%
661.5s 463 shard loaded: shard_0000.pt  (1,000,000 rows)
662.3s 464 step  31800 | loss 0.287102 | L0  51.0 / 51 | dead  0.0%
663.2s 465 step  31900 | loss 0.286579 | L0  51.0 / 51 | dead  0.0%
665.8s 466 shard loaded: shard_0001.pt  (1,000,000 rows)
666.2s 467 step  32000 | loss 0.295772 | L0  51.0 / 51 | dead  0.0%
667.1s 468 step  32100 | loss 0.292584 | L0  51.0 / 51 | dead  0.0%
668.0s 469 step  32200 | loss 0.291521 | L0  51.0 / 51 | dead  0.0%
670.0s 470 shard loaded: shard_0002.pt  (1,000,000 rows)
670.9s 471 step  32300 | loss 0.287257 | L0  51.0 / 51 | dead  0.0%
671.8s 472 step  32400 | loss 0.287200 | L0  51.0 / 51 | dead  0.0%
674.2s 473 shard loaded: shard_0003.pt  (1,000,000 rows)
674.7s 474 step  32500 | loss 0.290310 | L0  51.0 / 51 | dead  0.0%
675.6s 475 step  32600 | loss 0.291061 | L0  51.0 / 51 | dead  0.0%
678.5s 476 shard loaded: shard_0004.pt  (1,000,000 rows)
678.5s 477 step  32700 | loss 0.287092 | L0  51.0 / 51 | dead  0.0%
679.5s 478 step  32800 | loss 0.287906 | L0  51.0 / 51 | dead  0.0%
680.4s 479 step  32900 | loss 0.287381 | L0  51.0 / 51 | dead  0.0%
682.8s 480 shard loaded: shard_0005.pt  (1,000,000 rows)
683.4s 481 step  33000 | loss 0.289719 | L0  51.0 / 51 | dead  0.0%
684.3s 482 step  33100 | loss 0.286990 | L0  51.0 / 51 | dead  0.0%
687.0s 483 shard loaded: shard_0006.pt  (1,000,000 rows)
687.3s 484 step  33200 | loss 0.293330 | L0  51.0 / 51 | dead  0.0%
688.2s 485 step  33300 | loss 0.294695 | L0  51.0 / 51 | dead  0.0%
689.1s 486 step  33400 | loss 0.295543 | L0  51.0 / 51 | dead  0.0%
691.3s 487 shard loaded: shard_0007.pt  (1,000,000 rows)
692.0s 488 step  33500 | loss 0.286768 | L0  51.0 / 51 | dead  0.0%
692.9s 489 step  33600 | loss 0.282908 | L0  51.0 / 51 | dead  0.0%
695.6s 490 shard loaded: shard_0008.pt  (1,000,000 rows)
695.9s 491 step  33700 | loss 0.286936 | L0  51.0 / 51 | dead  0.0%
696.8s 492 step  33800 | loss 0.281792 | L0  51.0 / 51 | dead  0.0%
697.7s 493 step  33900 | loss 0.286316 | L0  51.0 / 51 | dead  0.0%
699.8s 494 shard loaded: shard_0009.pt  (1,000,000 rows)
700.6s 495 step  34000 | loss 0.287913 | L0  51.0 / 51 | dead  0.0%
701.5s 496 step  34100 | loss 0.286324 | L0  51.0 / 51 | dead  0.0%
704.1s 497 shard loaded: shard_0000.pt  (1,000,000 rows)
704.5s 498 step  34200 | loss 0.290935 | L0  51.0 / 51 | dead  0.0%
705.4s 499 step  34300 | loss 0.287598 | L0  51.0 / 51 | dead  0.0%
706.3s 500 step  34400 | loss 0.288163 | L0  51.0 / 51 | dead  0.0%
708.3s 501 shard loaded: shard_0001.pt  (1,000,000 rows)
709.2s 502 step  34500 | loss 0.290330 | L0  51.0 / 51 | dead  0.0%
710.1s 503 step  34600 | loss 0.299193 | L0  51.0 / 51 | dead  0.0%
712.5s 504 shard loaded: shard_0002.pt  (1,000,000 rows)
713.1s 505 step  34700 | loss 0.288212 | L0  51.0 / 51 | dead  0.0%
714.0s 506 step  34800 | loss 0.287354 | L0  51.0 / 51 | dead  0.0%
716.8s 507 shard loaded: shard_0003.pt  (1,000,000 rows)
716.8s 508 step  34900 | loss 0.293130 | L0  51.0 / 51 | dead  0.0%
717.8s 509 step  35000 | loss 0.293309 | L0  51.0 / 51 | dead  0.0%
718.7s 510 step  35100 | loss 0.290887 | L0  51.0 / 51 | dead  0.0%
721.0s 511 shard loaded: shard_0004.pt  (1,000,000 rows)
721.6s 512 step  35200 | loss 0.287298 | L0  51.0 / 51 | dead  0.0%
722.5s 513 step  35300 | loss 0.289666 | L0  51.0 / 51 | dead  0.0%
725.2s 514 shard loaded: shard_0005.pt  (1,000,000 rows)
725.4s 515 step  35400 | loss 0.286956 | L0  51.0 / 51 | dead  0.0%
726.3s 516 step  35500 | loss 0.286955 | L0  51.0 / 51 | dead  0.0%
727.2s 517 step  35600 | loss 0.286302 | L0  51.0 / 51 | dead  0.0%
729.4s 518 shard loaded: shard_0006.pt  (1,000,000 rows)
730.2s 519 step  35700 | loss 0.294495 | L0  51.0 / 51 | dead  0.0%
731.0s 520 step  35800 | loss 0.289988 | L0  51.0 / 51 | dead  0.0%
733.6s 521 shard loaded: shard_0007.pt  (1,000,000 rows)
734.0s 522 step  35900 | loss 0.285322 | L0  51.0 / 51 | dead  0.0%
734.9s 523 step  36000 | loss 0.287813 | L0  51.0 / 51 | dead  0.0%
735.8s 524 step  36100 | loss 0.283717 | L0  51.0 / 51 | dead  0.0%
737.9s 525 shard loaded: shard_0008.pt  (1,000,000 rows)
738.7s 526 step  36200 | loss 0.284732 | L0  51.0 / 51 | dead  0.0%
739.6s 527 step  36300 | loss 0.281950 | L0  51.0 / 51 | dead  0.0%
742.2s 528 shard loaded: shard_0009.pt  (1,000,000 rows)
742.6s 529 step  36400 | loss 0.287313 | L0  51.0 / 51 | dead  0.0%
743.5s 530 step  36500 | loss 0.287106 | L0  51.0 / 51 | dead  0.0%
746.4s 531 shard loaded: shard_0000.pt  (1,000,000 rows)
746.4s 532 step  36600 | loss 0.290360 | L0  51.0 / 51 | dead  0.0%
747.3s 533 step  36700 | loss 0.290708 | L0  51.0 / 51 | dead  0.0%
748.2s 534 step  36800 | loss 0.283535 | L0  51.0 / 51 | dead  0.0%
750.6s 535 shard loaded: shard_0001.pt  (1,000,000 rows)
751.2s 536 step  36900 | loss 0.290184 | L0  51.0 / 51 | dead  0.0%
752.1s 537 step  37000 | loss 0.293439 | L0  51.0 / 51 | dead  0.0%
754.8s 538 shard loaded: shard_0002.pt  (1,000,000 rows)
754.8s 539 step  37100 | loss 0.290737 | L0  51.0 / 51 | dead  0.0%
755.9s 540 step  37200 | loss 0.288042 | L0  51.0 / 51 | dead  0.0%
756.8s 541 step  37300 | loss 0.286131 | L0  51.0 / 51 | dead  0.0%
759.1s 542 shard loaded: shard_0003.pt  (1,000,000 rows)
759.7s 543 step  37400 | loss 0.291725 | L0  51.0 / 51 | dead  0.0%
760.6s 544 step  37500 | loss 0.288094 | L0  51.0 / 51 | dead  0.0%
763.3s 545 shard loaded: shard_0004.pt  (1,000,000 rows)
763.6s 546 step  37600 | loss 0.282499 | L0  51.0 / 51 | dead  0.0%
764.5s 547 step  37700 | loss 0.285121 | L0  51.0 / 51 | dead  0.0%
765.3s 548 step  37800 | loss 0.284030 | L0  51.0 / 51 | dead  0.0%
767.5s 549 shard loaded: shard_0005.pt  (1,000,000 rows)
768.3s 550 step  37900 | loss 0.286519 | L0  51.0 / 51 | dead  0.0%
769.2s 551 step  38000 | loss 0.283933 | L0  51.0 / 51 | dead  0.0%
771.7s 552 shard loaded: shard_0006.pt  (1,000,000 rows)
772.1s 553 step  38100 | loss 0.292128 | L0  51.0 / 51 | dead  0.0%
773.0s 554 step  38200 | loss 0.290332 | L0  51.0 / 51 | dead  0.0%
773.9s 555 step  38300 | loss 0.294925 | L0  51.0 / 51 | dead  0.0%
776.0s 556 shard loaded: shard_0007.pt  (1,000,000 rows)
776.9s 557 step  38400 | loss 0.285681 | L0  51.0 / 51 | dead  0.0%
777.7s 558 step  38500 | loss 0.285652 | L0  51.0 / 51 | dead  0.0%
780.2s 559 shard loaded: shard_0008.pt  (1,000,000 rows)
780.7s 560 step  38600 | loss 0.283441 | L0  51.0 / 51 | dead  0.0%
781.6s 561 step  38700 | loss 0.280546 | L0  51.0 / 51 | dead  0.0%
784.4s 562 shard loaded: shard_0009.pt  (1,000,000 rows)
784.4s 563 step  38800 | loss 0.287436 | L0  51.0 / 51 | dead  0.0%
785.4s 564 step  38900 | loss 0.289979 | L0  51.0 / 51 | dead  0.0%
786.3s 565 step  39000 | loss 0.283616 | L0  51.0 / 51 | dead  0.0%
788.6s 566 shard loaded: shard_0000.pt  (1,000,000 rows)
789.3s 567 step  39100 | loss 0.286159 | L0  51.0 / 51 | dead  0.0%
790.1s 568 step  39200 | loss 0.286376 | L0  51.0 / 51 | dead  0.0%
792.9s 569 shard loaded: shard_0001.pt  (1,000,000 rows)
793.1s 570 step  39300 | loss 0.295224 | L0  51.0 / 51 | dead  0.0%
794.0s 571 step  39400 | loss 0.293392 | L0  51.0 / 51 | dead  0.0%
794.9s 572 step  39500 | loss 0.293706 | L0  51.0 / 51 | dead  0.0%
797.1s 573 shard loaded: shard_0002.pt  (1,000,000 rows)
797.8s 574 step  39600 | loss 0.287189 | L0  51.0 / 51 | dead  0.0%
798.7s 575 step  39700 | loss 0.288325 | L0  51.0 / 51 | dead  0.0%
801.4s 576 shard loaded: shard_0003.pt  (1,000,000 rows)
801.7s 577 step  39800 | loss 0.292936 | L0  51.0 / 51 | dead  0.0%
802.6s 578 step  39900 | loss 0.288599 | L0  51.0 / 51 | dead  0.0%
803.5s 579 step  40000 | loss 0.288603 | L0  51.0 / 51 | dead  0.0%
803.5s 580 checkpoint → sae_m512_ckpt_040000.pt
805.6s 581 shard loaded: shard_0004.pt  (1,000,000 rows)
806.5s 582 step  40100 | loss 0.283174 | L0  51.0 / 51 | dead  0.0%
807.4s 583 step  40200 | loss 0.286052 | L0  51.0 / 51 | dead  0.0%
809.9s 584 shard loaded: shard_0005.pt  (1,000,000 rows)
810.3s 585 step  40300 | loss 0.285852 | L0  51.0 / 51 | dead  0.0%
811.2s 586 step  40400 | loss 0.290980 | L0  51.0 / 51 | dead  0.0%
812.1s 587 step  40500 | loss 0.285472 | L0  51.0 / 51 | dead  0.0%
814.1s 588 shard loaded: shard_0006.pt  (1,000,000 rows)
815.0s 589 step  40600 | loss 0.288558 | L0  51.0 / 51 | dead  0.0%
815.9s 590 step  40700 | loss 0.290754 | L0  51.0 / 51 | dead  0.0%
818.4s 591 shard loaded: shard_0007.pt  (1,000,000 rows)
819.0s 592 step  40800 | loss 0.284036 | L0  51.0 / 51 | dead  0.0%
819.8s 593 step  40900 | loss 0.288868 | L0  51.0 / 51 | dead  0.0%
822.7s 594 shard loaded: shard_0008.pt  (1,000,000 rows)
822.7s 595 step  41000 | loss 0.285134 | L0  51.0 / 51 | dead  0.0%
823.7s 596 step  41100 | loss 0.281318 | L0  51.0 / 51 | dead  0.0%
824.6s 597 step  41200 | loss 0.282436 | L0  51.0 / 51 | dead  0.0%
826.9s 598 shard loaded: shard_0009.pt  (1,000,000 rows)
827.6s 599 step  41300 | loss 0.288853 | L0  51.0 / 51 | dead  0.0%
828.5s 600 step  41400 | loss 0.285193 | L0  51.0 / 51 | dead  0.0%
831.2s 601 shard loaded: shard_0000.pt  (1,000,000 rows)
831.4s 602 step  41500 | loss 0.288337 | L0  51.0 / 51 | dead  0.0%
832.3s 603 step  41600 | loss 0.286554 | L0  51.0 / 51 | dead  0.0%
833.2s 604 step  41700 | loss 0.285862 | L0  51.0 / 51 | dead  0.0%
835.4s 605 shard loaded: shard_0001.pt  (1,000,000 rows)
836.1s 606 step  41800 | loss 0.291745 | L0  51.0 / 51 | dead  0.0%
837.0s 607 step  41900 | loss 0.291625 | L0  51.0 / 51 | dead  0.0%
839.6s 608 shard loaded: shard_0002.pt  (1,000,000 rows)
840.0s 609 step  42000 | loss 0.287743 | L0  51.0 / 51 | dead  0.0%
840.9s 610 step  42100 | loss 0.283374 | L0  51.0 / 51 | dead  0.0%
841.8s 611 step  42200 | loss 0.284598 | L0  51.0 / 51 | dead  0.0%
843.8s 612 shard loaded: shard_0003.pt  (1,000,000 rows)
844.7s 613 step  42300 | loss 0.291652 | L0  51.0 / 51 | dead  0.0%
845.6s 614 step  42400 | loss 0.289556 | L0  51.0 / 51 | dead  0.0%
848.1s 615 shard loaded: shard_0004.pt  (1,000,000 rows)
848.5s 616 step  42500 | loss 0.280966 | L0  51.0 / 51 | dead  0.0%
849.4s 617 step  42600 | loss 0.285475 | L0  51.0 / 51 | dead  0.0%
852.4s 618 shard loaded: shard_0005.pt  (1,000,000 rows)
852.4s 619 step  42700 | loss 0.289169 | L0  51.0 / 51 | dead  0.0%
853.3s 620 step  42800 | loss 0.288837 | L0  51.0 / 51 | dead  0.0%
854.2s 621 step  42900 | loss 0.281162 | L0  51.0 / 51 | dead  0.0%
856.6s 622 shard loaded: shard_0006.pt  (1,000,000 rows)
857.2s 623 step  43000 | loss 0.288262 | L0  51.0 / 51 | dead  0.0%
858.1s 624 step  43100 | loss 0.290230 | L0  51.0 / 51 | dead  0.0%
860.8s 625 shard loaded: shard_0007.pt  (1,000,000 rows)
860.8s 626 step  43200 | loss 0.288535 | L0  51.0 / 51 | dead  0.0%
861.9s 627 step  43300 | loss 0.283412 | L0  51.0 / 51 | dead  0.0%
862.8s 628 step  43400 | loss 0.283482 | L0  51.0 / 51 | dead  0.0%
865.1s 629 shard loaded: shard_0008.pt  (1,000,000 rows)
865.8s 630 step  43500 | loss 0.288170 | L0  51.0 / 51 | dead  0.0%
866.7s 631 step  43600 | loss 0.281973 | L0  51.0 / 51 | dead  0.0%
869.3s 632 shard loaded: shard_0009.pt  (1,000,000 rows)
869.6s 633 step  43700 | loss 0.287154 | L0  51.0 / 51 | dead  0.0%
870.5s 634 step  43800 | loss 0.285238 | L0  51.0 / 51 | dead  0.0%
871.4s 635 step  43900 | loss 0.285303 | L0  51.0 / 51 | dead  0.0%
873.6s 636 shard loaded: shard_0000.pt  (1,000,000 rows)
874.4s 637 step  44000 | loss 0.289989 | L0  51.0 / 51 | dead  0.0%
875.3s 638 step  44100 | loss 0.286950 | L0  51.0 / 51 | dead  0.0%
877.8s 639 shard loaded: shard_0001.pt  (1,000,000 rows)
878.2s 640 step  44200 | loss 0.294221 | L0  51.0 / 51 | dead  0.0%
879.1s 641 step  44300 | loss 0.289827 | L0  51.0 / 51 | dead  0.0%
880.0s 642 step  44400 | loss 0.290625 | L0  51.0 / 51 | dead  0.0%
882.1s 643 shard loaded: shard_0002.pt  (1,000,000 rows)
883.0s 644 step  44500 | loss 0.286973 | L0  51.0 / 51 | dead  0.0%
883.9s 645 step  44600 | loss 0.285180 | L0  51.0 / 51 | dead  0.0%
886.4s 646 shard loaded: shard_0003.pt  (1,000,000 rows)
886.9s 647 step  44700 | loss 0.291683 | L0  51.0 / 51 | dead  0.0%
887.8s 648 step  44800 | loss 0.288334 | L0  51.0 / 51 | dead  0.0%
890.6s 649 shard loaded: shard_0004.pt  (1,000,000 rows)
890.6s 650 step  44900 | loss 0.285814 | L0  51.0 / 51 | dead  0.0%
891.7s 651 step  45000 | loss 0.280819 | L0  51.0 / 51 | dead  0.0%
892.5s 652 step  45100 | loss 0.283384 | L0  51.0 / 51 | dead  0.0%
894.9s 653 shard loaded: shard_0005.pt  (1,000,000 rows)
895.5s 654 step  45200 | loss 0.286432 | L0  51.0 / 51 | dead  0.0%
896.4s 655 step  45300 | loss 0.287030 | L0  51.0 / 51 | dead  0.0%
899.1s 656 shard loaded: shard_0006.pt  (1,000,000 rows)
899.3s 657 step  45400 | loss 0.297489 | L0  51.0 / 51 | dead  0.0%
900.2s 658 step  45500 | loss 0.287594 | L0  51.0 / 51 | dead  0.0%
901.1s 659 step  45600 | loss 0.287521 | L0  51.0 / 51 | dead  0.0%
903.3s 660 shard loaded: shard_0007.pt  (1,000,000 rows)
904.1s 661 step  45700 | loss 0.284886 | L0  51.0 / 51 | dead  0.0%
905.0s 662 step  45800 | loss 0.288811 | L0  51.0 / 51 | dead  0.0%
907.6s 663 shard loaded: shard_0008.pt  (1,000,000 rows)
907.9s 664 step  45900 | loss 0.285284 | L0  51.0 / 51 | dead  0.0%
908.8s 665 step  46000 | loss 0.285125 | L0  51.0 / 51 | dead  0.0%
909.7s 666 step  46100 | loss 0.283291 | L0  51.0 / 51 | dead  0.0%
911.8s 667 shard loaded: shard_0009.pt  (1,000,000 rows)
912.7s 668 step  46200 | loss 0.287573 | L0  51.0 / 51 | dead  0.0%
913.6s 669 step  46300 | loss 0.285060 | L0  51.0 / 51 | dead  0.0%
916.1s 670 shard loaded: shard_0000.pt  (1,000,000 rows)
916.6s 671 step  46400 | loss 0.292228 | L0  51.0 / 51 | dead  0.0%
917.5s 672 step  46500 | loss 0.290487 | L0  51.0 / 51 | dead  0.0%
918.4s 673 step  46600 | loss 0.282391 | L0  51.0 / 51 | dead  0.0%
920.4s 674 shard loaded: shard_0001.pt  (1,000,000 rows)
921.3s 675 step  46700 | loss 0.293302 | L0  51.0 / 51 | dead  0.0%
922.2s 676 step  46800 | loss 0.290765 | L0  51.0 / 51 | dead  0.0%
924.6s 677 shard loaded: shard_0002.pt  (1,000,000 rows)
925.2s 678 step  46900 | loss 0.289436 | L0  51.0 / 51 | dead  0.0%
926.0s 679 step  47000 | loss 0.286422 | L0  51.0 / 51 | dead  0.0%
928.9s 680 shard loaded: shard_0003.pt  (1,000,000 rows)
928.9s 681 step  47100 | loss 0.296360 | L0  51.0 / 51 | dead  0.0%
929.9s 682 step  47200 | loss 0.292917 | L0  51.0 / 51 | dead  0.0%
930.8s 683 step  47300 | loss 0.285047 | L0  51.0 / 51 | dead  0.0%
933.1s 684 shard loaded: shard_0004.pt  (1,000,000 rows)
933.8s 685 step  47400 | loss 0.288091 | L0  51.0 / 51 | dead  0.0%
934.7s 686 step  47500 | loss 0.284492 | L0  51.0 / 51 | dead  0.0%
937.4s 687 shard loaded: shard_0005.pt  (1,000,000 rows)
937.6s 688 step  47600 | loss 0.286647 | L0  51.0 / 51 | dead  0.0%
938.5s 689 step  47700 | loss 0.284505 | L0  51.0 / 51 | dead  0.0%
939.4s 690 step  47800 | loss 0.287283 | L0  51.0 / 51 | dead  0.0%
941.7s 691 shard loaded: shard_0006.pt  (1,000,000 rows)
942.4s 692 step  47900 | loss 0.294091 | L0  51.0 / 51 | dead  0.0%
943.3s 693 step  48000 | loss 0.291067 | L0  51.0 / 51 | dead  0.0%
945.9s 694 shard loaded: shard_0007.pt  (1,000,000 rows)
946.3s 695 step  48100 | loss 0.286884 | L0  51.0 / 51 | dead  0.0%
947.2s 696 step  48200 | loss 0.288261 | L0  51.0 / 51 | dead  0.0%
948.1s 697 step  48300 | loss 0.285319 | L0  51.0 / 51 | dead  0.0%
950.2s 698 shard loaded: shard_0008.pt  (1,000,000 rows)
951.0s 699 step  48400 | loss 0.281300 | L0  51.0 / 51 | dead  0.0%
951.9s 700 step  48500 | loss 0.277977 | L0  51.0 / 51 | dead  0.0%
954.4s 701 shard loaded: shard_0009.pt  (1,000,000 rows)
954.9s 702 step  48600 | loss 0.286086 | L0  51.0 / 51 | dead  0.0%
955.8s 703 step  48700 | loss 0.285351 | L0  51.0 / 51 | dead  0.0%
958.6s 704 shard loaded: shard_0000.pt  (1,000,000 rows)
958.6s 705 step  48800 | loss 0.287878 | L0  51.0 / 51 | dead  0.0%
959.6s 706 step  48900 | loss 0.287198 | L0  51.0 / 51 | dead  0.0%
960.5s 707 step  49000 | loss 0.287175 | L0  51.0 / 51 | dead  0.0%
962.9s 708 shard loaded: shard_0001.pt  (1,000,000 rows)
963.5s 709 step  49100 | loss 0.291061 | L0  51.0 / 51 | dead  0.0%
964.4s 710 step  49200 | loss 0.288914 | L0  51.0 / 51 | dead  0.0%
967.1s 711 shard loaded: shard_0002.pt  (1,000,000 rows)
967.1s 712 step  49300 | loss 0.290237 | L0  51.0 / 51 | dead  0.0%
968.2s 713 step  49400 | loss 0.284304 | L0  51.0 / 51 | dead  0.0%
969.1s 714 step  49500 | loss 0.286808 | L0  51.0 / 51 | dead  0.0%
971.4s 715 shard loaded: shard_0003.pt  (1,000,000 rows)
972.0s 716 step  49600 | loss 0.292853 | L0  51.0 / 51 | dead  0.0%
972.9s 717 step  49700 | loss 0.289806 | L0  51.0 / 51 | dead  0.0%
975.6s 718 shard loaded: shard_0004.pt  (1,000,000 rows)
975.9s 719 step  49800 | loss 0.286569 | L0  51.0 / 51 | dead  0.0%
976.8s 720 step  49900 | loss 0.284059 | L0  51.0 / 51 | dead  0.0%
977.7s 721 step  50000 | loss 0.286857 | L0  51.0 / 51 | dead  0.0%
977.7s 722 checkpoint → sae_m512_ckpt_050000.pt
979.8s 723 shard loaded: shard_0005.pt  (1,000,000 rows)
980.6s 724 step  50100 | loss 0.287610 | L0  51.0 / 51 | dead  0.0%
981.5s 725 step  50200 | loss 0.286698 | L0  51.0 / 51 | dead  0.0%
984.0s 726 shard loaded: shard_0006.pt  (1,000,000 rows)
984.4s 727 step  50300 | loss 0.292077 | L0  51.0 / 51 | dead  0.0%
985.3s 728 step  50400 | loss 0.288188 | L0  51.0 / 51 | dead  0.0%
986.2s 729 step  50500 | loss 0.289707 | L0  51.0 / 51 | dead  0.0%
988.3s 730 shard loaded: shard_0007.pt  (1,000,000 rows)
989.2s 731 step  50600 | loss 0.284701 | L0  51.0 / 51 | dead  0.0%
990.1s 732 step  50700 | loss 0.283679 | L0  51.0 / 51 | dead  0.0%
992.6s 733 shard loaded: shard_0008.pt  (1,000,000 rows)
993.1s 734 step  50800 | loss 0.281458 | L0  51.0 / 51 | dead  0.0%
994.0s 735 step  50900 | loss 0.283410 | L0  51.0 / 51 | dead  0.0%
996.8s 736 shard loaded: shard_0009.pt  (1,000,000 rows)
996.8s 737 step  51000 | loss 0.285920 | L0  51.0 / 51 | dead  0.0%
997.8s 738 step  51100 | loss 0.286537 | L0  51.0 / 51 | dead  0.0%
998.7s 739 step  51200 | loss 0.283472 | L0  51.0 / 51 | dead  0.0%
1001.1s 740 shard loaded: shard_0000.pt  (1,000,000 rows)
1001.7s 741 step  51300 | loss 0.287080 | L0  51.0 / 51 | dead  0.0%
1002.6s 742 step  51400 | loss 0.287425 | L0  51.0 / 51 | dead  0.0%
1005.4s 743 shard loaded: shard_0001.pt  (1,000,000 rows)
1005.6s 744 step  51500 | loss 0.295179 | L0  51.0 / 51 | dead  0.0%
1006.5s 745 step  51600 | loss 0.287028 | L0  51.0 / 51 | dead  0.0%
1007.4s 746 step  51700 | loss 0.288073 | L0  51.0 / 51 | dead  0.0%
1009.6s 747 shard loaded: shard_0002.pt  (1,000,000 rows)
1010.4s 748 step  51800 | loss 0.289614 | L0  51.0 / 51 | dead  0.0%
1011.2s 749 step  51900 | loss 0.286912 | L0  51.0 / 51 | dead  0.0%
1013.9s 750 shard loaded: shard_0003.pt  (1,000,000 rows)
1014.2s 751 step  52000 | loss 0.293816 | L0  51.0 / 51 | dead  0.0%
1015.1s 752 step  52100 | loss 0.285963 | L0  51.0 / 51 | dead  0.0%
1016.0s 753 step  52200 | loss 0.289977 | L0  51.0 / 51 | dead  0.0%
1018.1s 754 shard loaded: shard_0004.pt  (1,000,000 rows)
1019.0s 755 step  52300 | loss 0.283548 | L0  51.0 / 51 | dead  0.0%
1019.8s 756 step  52400 | loss 0.283365 | L0  51.0 / 51 | dead  0.0%
1022.4s 757 shard loaded: shard_0005.pt  (1,000,000 rows)
1022.9s 758 step  52500 | loss 0.284802 | L0  51.0 / 51 | dead  0.0%
1023.8s 759 step  52600 | loss 0.285070 | L0  51.0 / 51 | dead  0.0%
1024.7s 760 step  52700 | loss 0.290763 | L0  51.0 / 51 | dead  0.0%
1026.7s 761 shard loaded: shard_0006.pt  (1,000,000 rows)
1027.6s 762 step  52800 | loss 0.293779 | L0  51.0 / 51 | dead  0.0%
1028.5s 763 step  52900 | loss 0.292523 | L0  51.0 / 51 | dead  0.0%
1031.0s 764 shard loaded: shard_0007.pt  (1,000,000 rows)
1031.5s 765 step  53000 | loss 0.284007 | L0  51.0 / 51 | dead  0.0%
1032.4s 766 step  53100 | loss 0.283476 | L0  51.0 / 51 | dead  0.0%
1035.2s 767 shard loaded: shard_0008.pt  (1,000,000 rows)
1035.2s 768 step  53200 | loss 0.282294 | L0  51.0 / 51 | dead  0.0%
1036.2s 769 step  53300 | loss 0.285043 | L0  51.0 / 51 | dead  0.0%
1037.1s 770 step  53400 | loss 0.283086 | L0  51.0 / 51 | dead  0.0%
1039.4s 771 shard loaded: shard_0009.pt  (1,000,000 rows)
1040.1s 772 step  53500 | loss 0.291198 | L0  51.0 / 51 | dead  0.0%
1041.0s 773 step  53600 | loss 0.283372 | L0  51.0 / 51 | dead  0.0%
1043.7s 774 shard loaded: shard_0000.pt  (1,000,000 rows)
1044.0s 775 step  53700 | loss 0.286472 | L0  51.0 / 51 | dead  0.0%
1044.8s 776 step  53800 | loss 0.288768 | L0  51.0 / 51 | dead  0.0%
1045.7s 777 step  53900 | loss 0.286452 | L0  51.0 / 51 | dead  0.0%
1048.0s 778 shard loaded: shard_0001.pt  (1,000,000 rows)
1048.7s 779 step  54000 | loss 0.292591 | L0  51.0 / 51 | dead  0.0%
1049.6s 780 step  54100 | loss 0.293257 | L0  51.0 / 51 | dead  0.0%
1052.2s 781 shard loaded: shard_0002.pt  (1,000,000 rows)
1052.7s 782 step  54200 | loss 0.286943 | L0  51.0 / 51 | dead  0.0%
1053.5s 783 step  54300 | loss 0.287637 | L0  51.0 / 51 | dead  0.0%
1054.4s 784 step  54400 | loss 0.285377 | L0  51.0 / 51 | dead  0.0%
1056.5s 785 shard loaded: shard_0003.pt  (1,000,000 rows)
1057.4s 786 step  54500 | loss 0.289167 | L0  51.0 / 51 | dead  0.0%
1058.3s 787 step  54600 | loss 0.292030 | L0  51.0 / 51 | dead  0.0%
1060.8s 788 shard loaded: shard_0004.pt  (1,000,000 rows)
1061.2s 789 step  54700 | loss 0.285487 | L0  51.0 / 51 | dead  0.0%
1062.1s 790 step  54800 | loss 0.283247 | L0  51.0 / 51 | dead  0.0%
1065.0s 791 shard loaded: shard_0005.pt  (1,000,000 rows)
1065.0s 792 step  54900 | loss 0.287668 | L0  51.0 / 51 | dead  0.0%
1066.0s 793 step  55000 | loss 0.288616 | L0  51.0 / 51 | dead  0.0%
1066.9s 794 step  55100 | loss 0.287145 | L0  51.0 / 51 | dead  0.0%
1069.3s 795 shard loaded: shard_0006.pt  (1,000,000 rows)
1069.8s 796 step  55200 | loss 0.290713 | L0  51.0 / 51 | dead  0.0%
1070.7s 797 step  55300 | loss 0.291921 | L0  51.0 / 51 | dead  0.0%
1073.5s 798 shard loaded: shard_0007.pt  (1,000,000 rows)
1073.5s 799 step  55400 | loss 0.284783 | L0  51.0 / 51 | dead  0.0%
1074.6s 800 step  55500 | loss 0.283841 | L0  51.0 / 51 | dead  0.0%
1075.4s 801 step  55600 | loss 0.284340 | L0  51.0 / 51 | dead  0.0%
1077.7s 802 shard loaded: shard_0008.pt  (1,000,000 rows)
1078.4s 803 step  55700 | loss 0.281807 | L0  51.0 / 51 | dead  0.0%
1079.3s 804 step  55800 | loss 0.282965 | L0  51.0 / 51 | dead  0.0%
1082.0s 805 shard loaded: shard_0009.pt  (1,000,000 rows)
1082.2s 806 step  55900 | loss 0.287039 | L0  51.0 / 51 | dead  0.0%
1083.2s 807 step  56000 | loss 0.285709 | L0  51.0 / 51 | dead  0.0%
1084.0s 808 step  56100 | loss 0.286544 | L0  51.0 / 51 | dead  0.0%
1086.2s 809 shard loaded: shard_0000.pt  (1,000,000 rows)
1087.0s 810 step  56200 | loss 0.286709 | L0  51.0 / 51 | dead  0.0%
1087.9s 811 step  56300 | loss 0.285773 | L0  51.0 / 51 | dead  0.0%
1090.4s 812 shard loaded: shard_0001.pt  (1,000,000 rows)
1090.8s 813 step  56400 | loss 0.290316 | L0  51.0 / 51 | dead  0.0%
1091.7s 814 step  56500 | loss 0.289072 | L0  51.0 / 51 | dead  0.0%
1092.6s 815 step  56600 | loss 0.288836 | L0  51.0 / 51 | dead  0.0%
1094.7s 816 shard loaded: shard_0002.pt  (1,000,000 rows)
1095.5s 817 step  56700 | loss 0.283119 | L0  51.0 / 51 | dead  0.0%
1096.4s 818 step  56800 | loss 0.288939 | L0  51.0 / 51 | dead  0.0%
1098.9s 819 shard loaded: shard_0003.pt  (1,000,000 rows)
1099.4s 820 step  56900 | loss 0.293261 | L0  51.0 / 51 | dead  0.0%
1100.3s 821 step  57000 | loss 0.290574 | L0  51.0 / 51 | dead  0.0%
1103.2s 822 shard loaded: shard_0004.pt  (1,000,000 rows)
1103.2s 823 step  57100 | loss 0.285739 | L0  51.0 / 51 | dead  0.0%
1104.2s 824 step  57200 | loss 0.286383 | L0  51.0 / 51 | dead  0.0%
1105.1s 825 step  57300 | loss 0.284859 | L0  51.0 / 51 | dead  0.0%
1107.4s 826 shard loaded: shard_0005.pt  (1,000,000 rows)
1108.0s 827 step  57400 | loss 0.289018 | L0  51.0 / 51 | dead  0.0%
1108.9s 828 step  57500 | loss 0.285402 | L0  51.0 / 51 | dead  0.0%
1111.7s 829 shard loaded: shard_0006.pt  (1,000,000 rows)
1111.9s 830 step  57600 | loss 0.292014 | L0  51.0 / 51 | dead  0.0%
1112.8s 831 step  57700 | loss 0.290311 | L0  51.0 / 51 | dead  0.0%
1113.8s 832 step  57800 | loss 0.292775 | L0  51.0 / 51 | dead  0.0%
1116.0s 833 shard loaded: shard_0007.pt  (1,000,000 rows)
1116.7s 834 step  57900 | loss 0.284254 | L0  51.0 / 51 | dead  0.0%
1117.6s 835 step  58000 | loss 0.283510 | L0  51.0 / 51 | dead  0.0%
1120.2s 836 shard loaded: shard_0008.pt  (1,000,000 rows)
1120.6s 837 step  58100 | loss 0.286233 | L0  51.0 / 51 | dead  0.0%
1121.5s 838 step  58200 | loss 0.282743 | L0  51.0 / 51 | dead  0.0%
1122.4s 839 step  58300 | loss 0.278729 | L0  51.0 / 51 | dead  0.0%
1124.5s 840 shard loaded: shard_0009.pt  (1,000,000 rows)
1125.3s 841 step  58400 | loss 0.285740 | L0  51.0 / 51 | dead  0.0%
1126.2s 842 step  58500 | loss 0.285288 | L0  51.0 / 51 | dead  0.0%
1128.7s 843 shard loaded: shard_0000.pt  (1,000,000 rows)
1129.2s 844 step  58600 | loss 0.285032 | L0  51.0 / 51 | dead  0.0%
1130.1s 845 step  58700 | loss 0.284949 | L0  51.0 / 51 | dead  0.0%
1131.0s 846 step  58800 | loss 0.287502 | L0  51.0 / 51 | dead  0.0%
1133.0s 847 shard loaded: shard_0001.pt  (1,000,000 rows)
1134.0s 848 step  58900 | loss 0.289527 | L0  51.0 / 51 | dead  0.0%
1134.9s 849 step  59000 | loss 0.291740 | L0  51.0 / 51 | dead  0.0%
1137.3s 850 shard loaded: shard_0002.pt  (1,000,000 rows)
1137.8s 851 step  59100 | loss 0.285392 | L0  51.0 / 51 | dead  0.0%
1138.7s 852 step  59200 | loss 0.288000 | L0  51.0 / 51 | dead  0.0%
1141.5s 853 shard loaded: shard_0003.pt  (1,000,000 rows)
1141.5s 854 step  59300 | loss 0.292123 | L0  51.0 / 51 | dead  0.0%
1142.6s 855 step  59400 | loss 0.291139 | L0  51.0 / 51 | dead  0.0%
1143.5s 856 step  59500 | loss 0.291406 | L0  51.0 / 51 | dead  0.0%
1145.8s 857 shard loaded: shard_0004.pt  (1,000,000 rows)
1146.4s 858 step  59600 | loss 0.286223 | L0  51.0 / 51 | dead  0.0%
1147.3s 859 step  59700 | loss 0.285744 | L0  51.0 / 51 | dead  0.0%
1150.0s 860 shard loaded: shard_0005.pt  (1,000,000 rows)
1150.3s 861 step  59800 | loss 0.285176 | L0  51.0 / 51 | dead  0.0%
1151.2s 862 step  59900 | loss 0.288166 | L0  51.0 / 51 | dead  0.0%
1152.1s 863 step  60000 | loss 0.285084 | L0  51.0 / 51 | dead  0.0%
1152.1s 864 checkpoint → sae_m512_ckpt_060000.pt
1154.3s 865 shard loaded: shard_0006.pt  (1,000,000 rows)
1155.0s 866 step  60100 | loss 0.290786 | L0  51.0 / 51 | dead  0.0%
1155.9s 867 step  60200 | loss 0.285159 | L0  51.0 / 51 | dead  0.0%
1158.5s 868 shard loaded: shard_0007.pt  (1,000,000 rows)
1158.9s 869 step  60300 | loss 0.283832 | L0  51.0 / 51 | dead  0.0%
1159.8s 870 step  60400 | loss 0.283346 | L0  51.0 / 51 | dead  0.0%
1160.6s 871 step  60500 | loss 0.281490 | L0  51.0 / 51 | dead  0.0%
1162.8s 872 shard loaded: shard_0008.pt  (1,000,000 rows)
1163.7s 873 step  60600 | loss 0.287118 | L0  51.0 / 51 | dead  0.0%
1164.6s 874 step  60700 | loss 0.281015 | L0  51.0 / 51 | dead  0.0%
1167.0s 875 shard loaded: shard_0009.pt  (1,000,000 rows)
1167.5s 876 step  60800 | loss 0.285782 | L0  51.0 / 51 | dead  0.0%
1168.4s 877 step  60900 | loss 0.290182 | L0  51.0 / 51 | dead  0.0%
1171.3s 878 shard loaded: shard_0000.pt  (1,000,000 rows)
1171.3s 879 step  61000 | loss 0.291112 | L0  51.0 / 51 | dead  0.0%
1172.3s 880 step  61100 | loss 0.286768 | L0  51.0 / 51 | dead  0.0%
1173.2s 881 step  61200 | loss 0.284464 | L0  51.0 / 51 | dead  0.0%
1175.6s 882 shard loaded: shard_0001.pt  (1,000,000 rows)
1176.2s 883 step  61300 | loss 0.292923 | L0  51.0 / 51 | dead  0.0%
1177.1s 884 step  61400 | loss 0.295947 | L0  51.0 / 51 | dead  0.0%
1179.8s 885 shard loaded: shard_0002.pt  (1,000,000 rows)
1179.8s 886 step  61500 | loss 0.282878 | L0  51.0 / 51 | dead  0.0%
1180.9s 887 step  61600 | loss 0.283682 | L0  51.0 / 51 | dead  0.0%
1181.8s 888 step  61700 | loss 0.285510 | L0  51.0 / 51 | dead  0.0%
1184.1s 889 shard loaded: shard_0003.pt  (1,000,000 rows)
1184.8s 890 step  61800 | loss 0.290340 | L0  51.0 / 51 | dead  0.0%
1185.7s 891 step  61900 | loss 0.289815 | L0  51.0 / 51 | dead  0.0%
1188.4s 892 shard loaded: shard_0004.pt  (1,000,000 rows)
1188.6s 893 step  62000 | loss 0.287509 | L0  51.0 / 51 | dead  0.0%
1189.5s 894 step  62100 | loss 0.286441 | L0  51.0 / 51 | dead  0.0%
1190.4s 895 step  62200 | loss 0.282364 | L0  51.0 / 51 | dead  0.0%
1192.6s 896 shard loaded: shard_0005.pt  (1,000,000 rows)
1193.5s 897 step  62300 | loss 0.287231 | L0  51.0 / 51 | dead  0.0%
1194.3s 898 step  62400 | loss 0.284175 | L0  51.0 / 51 | dead  0.0%
1196.9s 899 shard loaded: shard_0006.pt  (1,000,000 rows)
1197.3s 900 step  62500 | loss 0.289593 | L0  51.0 / 51 | dead  0.0%
1198.2s 901 step  62600 | loss 0.288536 | L0  51.0 / 51 | dead  0.0%
1199.1s 902 step  62700 | loss 0.288730 | L0  51.0 / 51 | dead  0.0%
1201.2s 903 shard loaded: shard_0007.pt  (1,000,000 rows)
1202.1s 904 step  62800 | loss 0.282158 | L0  51.0 / 51 | dead  0.0%
1203.0s 905 step  62900 | loss 0.285542 | L0  51.0 / 51 | dead  0.0%
1205.4s 906 shard loaded: shard_0008.pt  (1,000,000 rows)
1205.9s 907 step  63000 | loss 0.287115 | L0  51.0 / 51 | dead  0.0%
1206.8s 908 step  63100 | loss 0.280934 | L0  51.0 / 51 | dead  0.0%
1209.6s 909 shard loaded: shard_0009.pt  (1,000,000 rows)
1209.6s 910 step  63200 | loss 0.281707 | L0  51.0 / 51 | dead  0.0%
1210.6s 911 step  63300 | loss 0.285356 | L0  51.0 / 51 | dead  0.0%
1211.5s 912 step  63400 | loss 0.283899 | L0  51.0 / 51 | dead  0.0%
1213.9s 913 shard loaded: shard_0000.pt  (1,000,000 rows)
1214.5s 914 step  63500 | loss 0.284684 | L0  51.0 / 51 | dead  0.0%
1215.4s 915 step  63600 | loss 0.286767 | L0  51.0 / 51 | dead  0.0%
1218.1s 916 shard loaded: shard_0001.pt  (1,000,000 rows)
1218.3s 917 step  63700 | loss 0.292108 | L0  51.0 / 51 | dead  0.0%
1219.2s 918 step  63800 | loss 0.293317 | L0  51.0 / 51 | dead  0.0%
1220.1s 919 step  63900 | loss 0.291752 | L0  51.0 / 51 | dead  0.0%
1222.4s 920 shard loaded: shard_0002.pt  (1,000,000 rows)
1223.1s 921 step  64000 | loss 0.287343 | L0  51.0 / 51 | dead  0.0%
1224.0s 922 step  64100 | loss 0.284297 | L0  51.0 / 51 | dead  0.0%
1226.6s 923 shard loaded: shard_0003.pt  (1,000,000 rows)
1226.9s 924 step  64200 | loss 0.293216 | L0  51.0 / 51 | dead  0.0%
1227.8s 925 step  64300 | loss 0.288955 | L0  51.0 / 51 | dead  0.0%
1228.7s 926 step  64400 | loss 0.290704 | L0  51.0 / 51 | dead  0.0%
1230.9s 927 shard loaded: shard_0004.pt  (1,000,000 rows)
1231.7s 928 step  64500 | loss 0.280457 | L0  51.0 / 51 | dead  0.0%
1232.6s 929 step  64600 | loss 0.284635 | L0  51.0 / 51 | dead  0.0%
1235.1s 930 shard loaded: shard_0005.pt  (1,000,000 rows)
1235.5s 931 step  64700 | loss 0.287446 | L0  51.0 / 51 | dead  0.0%
1236.4s 932 step  64800 | loss 0.285572 | L0  51.0 / 51 | dead  0.0%
1237.3s 933 step  64900 | loss 0.283941 | L0  51.0 / 51 | dead  0.0%
1239.3s 934 shard loaded: shard_0006.pt  (1,000,000 rows)
1240.2s 935 step  65000 | loss 0.296332 | L0  51.0 / 51 | dead  0.0%
1241.1s 936 step  65100 | loss 0.289860 | L0  51.0 / 51 | dead  0.0%
1243.5s 937 shard loaded: shard_0007.pt  (1,000,000 rows)
1244.0s 938 step  65200 | loss 0.287914 | L0  51.0 / 51 | dead  0.0%
1244.9s 939 step  65300 | loss 0.281547 | L0  51.0 / 51 | dead  0.0%
1247.7s 940 shard loaded: shard_0008.pt  (1,000,000 rows)
1247.7s 941 step  65400 | loss 0.281123 | L0  51.0 / 51 | dead  0.0%
1248.8s 942 step  65500 | loss 0.283506 | L0  51.0 / 51 | dead  0.0%
1249.7s 943 step  65600 | loss 0.280087 | L0  51.0 / 51 | dead  0.0%
1252.0s 944 shard loaded: shard_0009.pt  (1,000,000 rows)
1252.6s 945 step  65700 | loss 0.284584 | L0  51.0 / 51 | dead  0.0%
1253.5s 946 step  65800 | loss 0.285199 | L0  51.0 / 51 | dead  0.0%
1256.2s 947 shard loaded: shard_0000.pt  (1,000,000 rows)
1256.5s 948 step  65900 | loss 0.287831 | L0  51.0 / 51 | dead  0.0%
1257.4s 949 step  66000 | loss 0.284348 | L0  51.0 / 51 | dead  0.0%
1258.3s 950 step  66100 | loss 0.289463 | L0  51.0 / 51 | dead  0.0%
1260.5s 951 shard loaded: shard_0001.pt  (1,000,000 rows)
1261.2s 952 step  66200 | loss 0.296001 | L0  51.0 / 51 | dead  0.0%
1262.1s 953 step  66300 | loss 0.286764 | L0  51.0 / 51 | dead  0.0%
1264.7s 954 shard loaded: shard_0002.pt  (1,000,000 rows)
1265.1s 955 step  66400 | loss 0.286480 | L0  51.0 / 51 | dead  0.0%
1266.0s 956 step  66500 | loss 0.282574 | L0  51.0 / 51 | dead  0.0%
1266.9s 957 step  66600 | loss 0.284746 | L0  51.0 / 51 | dead  0.0%
1269.0s 958 shard loaded: shard_0003.pt  (1,000,000 rows)
1269.8s 959 step  66700 | loss 0.291041 | L0  51.0 / 51 | dead  0.0%
1270.7s 960 step  66800 | loss 0.291677 | L0  51.0 / 51 | dead  0.0%
1273.2s 961 shard loaded: shard_0004.pt  (1,000,000 rows)
1273.7s 962 step  66900 | loss 0.283236 | L0  51.0 / 51 | dead  0.0%
1274.6s 963 step  67000 | loss 0.288149 | L0  51.0 / 51 | dead  0.0%
1277.5s 964 shard loaded: shard_0005.pt  (1,000,000 rows)
1277.5s 965 step  67100 | loss 0.288500 | L0  51.0 / 51 | dead  0.0%
1278.5s 966 step  67200 | loss 0.286560 | L0  51.0 / 51 | dead  0.0%
1279.4s 967 step  67300 | loss 0.283886 | L0  51.0 / 51 | dead  0.0%
1281.8s 968 shard loaded: shard_0006.pt  (1,000,000 rows)
1282.4s 969 step  67400 | loss 0.290668 | L0  51.0 / 51 | dead  0.0%
1283.2s 970 step  67500 | loss 0.290105 | L0  51.0 / 51 | dead  0.0%
1286.0s 971 shard loaded: shard_0007.pt  (1,000,000 rows)
1286.0s 972 step  67600 | loss 0.287721 | L0  51.0 / 51 | dead  0.0%
1287.1s 973 step  67700 | loss 0.284948 | L0  51.0 / 51 | dead  0.0%
1288.0s 974 step  67800 | loss 0.284560 | L0  51.0 / 51 | dead  0.0%
1290.3s 975 shard loaded: shard_0008.pt  (1,000,000 rows)
1291.0s 976 step  67900 | loss 0.282857 | L0  51.0 / 51 | dead  0.0%
1291.9s 977 step  68000 | loss 0.281114 | L0  51.0 / 51 | dead  0.0%
1294.5s 978 shard loaded: shard_0009.pt  (1,000,000 rows)
1294.8s 979 step  68100 | loss 0.287686 | L0  51.0 / 51 | dead  0.0%
1295.7s 980 step  68200 | loss 0.284314 | L0  51.0 / 51 | dead  0.0%
1296.6s 981 step  68300 | loss 0.287826 | L0  51.0 / 51 | dead  0.0%
1298.8s 982 shard loaded: shard_0000.pt  (1,000,000 rows)
1299.6s 983 step  68400 | loss 0.289333 | L0  51.0 / 51 | dead  0.0%
1300.5s 984 step  68500 | loss 0.284221 | L0  51.0 / 51 | dead  0.0%
1303.1s 985 shard loaded: shard_0001.pt  (1,000,000 rows)
1303.5s 986 step  68600 | loss 0.289276 | L0  51.0 / 51 | dead  0.0%
1304.4s 987 step  68700 | loss 0.291576 | L0  51.0 / 51 | dead  0.0%
1305.3s 988 step  68800 | loss 0.290635 | L0  51.0 / 51 | dead  0.0%
1307.3s 989 shard loaded: shard_0002.pt  (1,000,000 rows)
1308.2s 990 step  68900 | loss 0.282105 | L0  51.0 / 51 | dead  0.0%
1309.1s 991 step  69000 | loss 0.283384 | L0  51.0 / 51 | dead  0.0%
1311.6s 992 shard loaded: shard_0003.pt  (1,000,000 rows)
1312.1s 993 step  69100 | loss 0.287942 | L0  51.0 / 51 | dead  0.0%
1313.0s 994 step  69200 | loss 0.286480 | L0  51.0 / 51 | dead  0.0%
1315.9s 995 shard loaded: shard_0004.pt  (1,000,000 rows)
1315.9s 996 step  69300 | loss 0.281214 | L0  51.0 / 51 | dead  0.0%
1316.9s 997 step  69400 | loss 0.285054 | L0  51.0 / 51 | dead  0.0%
1317.8s 998 step  69500 | loss 0.280109 | L0  51.0 / 51 | dead  0.0%
1320.1s 999 shard loaded: shard_0005.pt  (1,000,000 rows)
1320.8s 1000 step  69600 | loss 0.282230 | L0  51.0 / 51 | dead  0.0%
1321.7s 1001 step  69700 | loss 0.285516 | L0  51.0 / 51 | dead  0.0%
1324.4s 1002 shard loaded: shard_0006.pt  (1,000,000 rows)
1324.6s 1003 step  69800 | loss 0.288358 | L0  51.0 / 51 | dead  0.0%
1325.5s 1004 step  69900 | loss 0.289495 | L0  51.0 / 51 | dead  0.0%
1326.4s 1005 step  70000 | loss 0.289406 | L0  51.0 / 51 | dead  0.0%
1326.4s 1006 checkpoint → sae_m512_ckpt_070000.pt
1328.7s 1007 shard loaded: shard_0007.pt  (1,000,000 rows)
1329.4s 1008 step  70100 | loss 0.283567 | L0  51.0 / 51 | dead  0.0%
1330.3s 1009 step  70200 | loss 0.281556 | L0  51.0 / 51 | dead  0.0%
1333.0s 1010 shard loaded: shard_0008.pt  (1,000,000 rows)
1333.3s 1011 step  70300 | loss 0.285438 | L0  51.0 / 51 | dead  0.0%
1334.2s 1012 step  70400 | loss 0.284076 | L0  51.0 / 51 | dead  0.0%
1335.1s 1013 step  70500 | loss 0.280760 | L0  51.0 / 51 | dead  0.0%
1337.2s 1014 shard loaded: shard_0009.pt  (1,000,000 rows)
1338.0s 1015 step  70600 | loss 0.282254 | L0  51.0 / 51 | dead  0.0%
1338.9s 1016 step  70700 | loss 0.289330 | L0  51.0 / 51 | dead  0.0%
1341.4s 1017 shard loaded: shard_0000.pt  (1,000,000 rows)
1341.9s 1018 step  70800 | loss 0.285154 | L0  51.0 / 51 | dead  0.0%
1342.8s 1019 step  70900 | loss 0.287324 | L0  51.0 / 51 | dead  0.0%
1343.7s 1020 step  71000 | loss 0.282605 | L0  51.0 / 51 | dead  0.0%
1345.7s 1021 shard loaded: shard_0001.pt  (1,000,000 rows)
1346.6s 1022 step  71100 | loss 0.289745 | L0  51.0 / 51 | dead  0.0%
1347.5s 1023 step  71200 | loss 0.289873 | L0  51.0 / 51 | dead  0.0%
1349.9s 1024 shard loaded: shard_0002.pt  (1,000,000 rows)
1350.5s 1025 step  71300 | loss 0.288794 | L0  51.0 / 51 | dead  0.0%
1351.3s 1026 step  71400 | loss 0.283778 | L0  51.0 / 51 | dead  0.0%
1354.1s 1027 shard loaded: shard_0003.pt  (1,000,000 rows)
1354.1s 1028 step  71500 | loss 0.295019 | L0  51.0 / 51 | dead  0.0%
1355.2s 1029 step  71600 | loss 0.287539 | L0  51.0 / 51 | dead  0.0%
1356.1s 1030 step  71700 | loss 0.291011 | L0  51.0 / 51 | dead  0.0%
1358.4s 1031 shard loaded: shard_0004.pt  (1,000,000 rows)
1359.1s 1032 step  71800 | loss 0.283109 | L0  51.0 / 51 | dead  0.0%
1360.0s 1033 step  71900 | loss 0.281337 | L0  51.0 / 51 | dead  0.0%
1362.7s 1034 shard loaded: shard_0005.pt  (1,000,000 rows)
1363.0s 1035 step  72000 | loss 0.287309 | L0  51.0 / 51 | dead  0.0%
1363.9s 1036 step  72100 | loss 0.283033 | L0  51.0 / 51 | dead  0.0%
1364.7s 1037 step  72200 | loss 0.276535 | L0  51.0 / 51 | dead  0.0%
1367.0s 1038 shard loaded: shard_0006.pt  (1,000,000 rows)
1367.7s 1039 step  72300 | loss 0.287383 | L0  51.0 / 51 | dead  0.0%
1368.6s 1040 step  72400 | loss 0.290554 | L0  51.0 / 51 | dead  0.0%
1371.2s 1041 shard loaded: shard_0007.pt  (1,000,000 rows)
1371.6s 1042 step  72500 | loss 0.283357 | L0  51.0 / 51 | dead  0.0%
1372.5s 1043 step  72600 | loss 0.281830 | L0  51.0 / 51 | dead  0.0%
1373.4s 1044 step  72700 | loss 0.279847 | L0  51.0 / 51 | dead  0.0%
1375.5s 1045 shard loaded: shard_0008.pt  (1,000,000 rows)
1376.3s 1046 step  72800 | loss 0.283582 | L0  51.0 / 51 | dead  0.0%
1377.2s 1047 step  72900 | loss 0.285719 | L0  51.0 / 51 | dead  0.0%
1379.7s 1048 shard loaded: shard_0009.pt  (1,000,000 rows)
1380.1s 1049 step  73000 | loss 0.286945 | L0  51.0 / 51 | dead  0.0%
1381.0s 1050 step  73100 | loss 0.287538 | L0  51.0 / 51 | dead  0.0%
1384.0s 1051 shard loaded: shard_0000.pt  (1,000,000 rows)
1384.0s 1052 step  73200 | loss 0.285921 | L0  51.0 / 51 | dead  0.0%
1384.9s 1053 step  73300 | loss 0.286505 | L0  51.0 / 51 | dead  0.0%
1385.8s 1054 step  73400 | loss 0.285025 | L0  51.0 / 51 | dead  0.0%
1388.2s 1055 shard loaded: shard_0001.pt  (1,000,000 rows)
1388.8s 1056 step  73500 | loss 0.292668 | L0  51.0 / 51 | dead  0.0%
1389.7s 1057 step  73600 | loss 0.284955 | L0  51.0 / 51 | dead  0.0%
1392.5s 1058 shard loaded: shard_0002.pt  (1,000,000 rows)
1392.5s 1059 step  73700 | loss 0.290355 | L0  51.0 / 51 | dead  0.0%
1393.6s 1060 step  73800 | loss 0.284708 | L0  51.0 / 51 | dead  0.0%
1394.5s 1061 step  73900 | loss 0.287868 | L0  51.0 / 51 | dead  0.0%
1396.7s 1062 shard loaded: shard_0003.pt  (1,000,000 rows)
1397.4s 1063 step  74000 | loss 0.292528 | L0  51.0 / 51 | dead  0.0%
1398.3s 1064 step  74100 | loss 0.284113 | L0  51.0 / 51 | dead  0.0%
1401.0s 1065 shard loaded: shard_0004.pt  (1,000,000 rows)
1401.3s 1066 step  74200 | loss 0.282839 | L0  51.0 / 51 | dead  0.0%
1402.2s 1067 step  74300 | loss 0.283119 | L0  51.0 / 51 | dead  0.0%
1403.1s 1068 step  74400 | loss 0.281945 | L0  51.0 / 51 | dead  0.0%
1405.2s 1069 shard loaded: shard_0005.pt  (1,000,000 rows)
1406.0s 1070 step  74500 | loss 0.283223 | L0  51.0 / 51 | dead  0.0%
1406.9s 1071 step  74600 | loss 0.283669 | L0  51.0 / 51 | dead  0.0%
1409.5s 1072 shard loaded: shard_0006.pt  (1,000,000 rows)
1409.9s 1073 step  74700 | loss 0.290699 | L0  51.0 / 51 | dead  0.0%
1410.8s 1074 step  74800 | loss 0.288261 | L0  51.0 / 51 | dead  0.0%
1411.7s 1075 step  74900 | loss 0.289897 | L0  51.0 / 51 | dead  0.0%
1413.7s 1076 shard loaded: shard_0007.pt  (1,000,000 rows)
1414.6s 1077 step  75000 | loss 0.280355 | L0  51.0 / 51 | dead  0.0%
1415.5s 1078 step  75100 | loss 0.282022 | L0  51.0 / 51 | dead  0.0%
1417.9s 1079 shard loaded: shard_0008.pt  (1,000,000 rows)
1418.4s 1080 step  75200 | loss 0.277903 | L0  51.0 / 51 | dead  0.0%
1419.3s 1081 step  75300 | loss 0.282439 | L0  51.0 / 51 | dead  0.0%
1422.2s 1082 shard loaded: shard_0009.pt  (1,000,000 rows)
1422.2s 1083 step  75400 | loss 0.287445 | L0  51.0 / 51 | dead  0.0%
1423.2s 1084 step  75500 | loss 0.282036 | L0  51.0 / 51 | dead  0.0%
1424.1s 1085 step  75600 | loss 0.284920 | L0  51.0 / 51 | dead  0.0%
1426.4s 1086 shard loaded: shard_0000.pt  (1,000,000 rows)
1427.0s 1087 step  75700 | loss 0.286511 | L0  51.0 / 51 | dead  0.0%
1427.9s 1088 step  75800 | loss 0.287802 | L0  51.0 / 51 | dead  0.0%
1430.7s 1089 shard loaded: shard_0001.pt  (1,000,000 rows)
1430.9s 1090 step  75900 | loss 0.289860 | L0  51.0 / 51 | dead  0.0%
1431.8s 1091 step  76000 | loss 0.292209 | L0  51.0 / 51 | dead  0.0%
1432.6s 1092 step  76100 | loss 0.290097 | L0  51.0 / 51 | dead  0.0%
1434.9s 1093 shard loaded: shard_0002.pt  (1,000,000 rows)
1435.6s 1094 step  76200 | loss 0.288989 | L0  51.0 / 51 | dead  0.0%
1436.5s 1095 step  76300 | loss 0.285218 | L0  51.0 / 51 | dead  0.0%
1439.1s 1096 shard loaded: shard_0003.pt  (1,000,000 rows)
1439.4s 1097 step  76400 | loss 0.292236 | L0  51.0 / 51 | dead  0.0%
1440.3s 1098 step  76500 | loss 0.288546 | L0  51.0 / 51 | dead  0.0%
1441.2s 1099 step  76600 | loss 0.291606 | L0  51.0 / 51 | dead  0.0%
1443.3s 1100 shard loaded: shard_0004.pt  (1,000,000 rows)
1444.1s 1101 step  76700 | loss 0.286123 | L0  51.0 / 51 | dead  0.0%
1445.0s 1102 step  76800 | loss 0.283150 | L0  51.0 / 51 | dead  0.0%
1447.5s 1103 shard loaded: shard_0005.pt  (1,000,000 rows)
1447.9s 1104 step  76900 | loss 0.285335 | L0  51.0 / 51 | dead  0.0%
1448.8s 1105 step  77000 | loss 0.286343 | L0  51.0 / 51 | dead  0.0%
1449.7s 1106 step  77100 | loss 0.281993 | L0  51.0 / 51 | dead  0.0%
1451.8s 1107 shard loaded: shard_0006.pt  (1,000,000 rows)
1452.7s 1108 step  77200 | loss 0.294989 | L0  51.0 / 51 | dead  0.0%
1453.6s 1109 step  77300 | loss 0.291938 | L0  51.0 / 51 | dead  0.0%
1456.1s 1110 shard loaded: shard_0007.pt  (1,000,000 rows)
1456.5s 1111 step  77400 | loss 0.287614 | L0  51.0 / 51 | dead  0.0%
1457.4s 1112 step  77500 | loss 0.279719 | L0  51.0 / 51 | dead  0.0%
1460.2s 1113 shard loaded: shard_0008.pt  (1,000,000 rows)
1460.2s 1114 step  77600 | loss 0.284173 | L0  51.0 / 51 | dead  0.0%
1461.3s 1115 step  77700 | loss 0.281357 | L0  51.0 / 51 | dead  0.0%
1462.2s 1116 step  77800 | loss 0.280496 | L0  51.0 / 51 | dead  0.0%
1464.5s 1117 shard loaded: shard_0009.pt  (1,000,000 rows)
1465.1s 1118 step  77900 | loss 0.287155 | L0  51.0 / 51 | dead  0.0%
1466.0s 1119 step  78000 | loss 0.286154 | L0  51.0 / 51 | dead  0.0%
1468.7s 1120 shard loaded: shard_0000.pt  (1,000,000 rows)
1469.0s 1121 step  78100 | loss 0.287227 | L0  51.0 / 51 | dead  0.0%
1469.9s 1122 step  78200 | loss 0.283789 | L0  51.0 / 51 | dead  0.0%
1470.8s 1123 step  78300 | loss 0.284742 | L0  51.0 / 51 | dead  0.0%
1473.0s 1124 shard loaded: shard_0001.pt  (1,000,000 rows)
1473.7s 1125 step  78400 | loss 0.290553 | L0  51.0 / 51 | dead  0.0%
1474.6s 1126 step  78500 | loss 0.292230 | L0  51.0 / 51 | dead  0.0%
1477.2s 1127 shard loaded: shard_0002.pt  (1,000,000 rows)
1477.6s 1128 step  78600 | loss 0.288519 | L0  51.0 / 51 | dead  0.0%
1478.5s 1129 step  78700 | loss 0.283806 | L0  51.0 / 51 | dead  0.0%
1479.4s 1130 step  78800 | loss 0.283817 | L0  51.0 / 51 | dead  0.0%
1481.5s 1131 shard loaded: shard_0003.pt  (1,000,000 rows)
1482.4s 1132 step  78900 | loss 0.291903 | L0  51.0 / 51 | dead  0.0%
1483.3s 1133 step  79000 | loss 0.289044 | L0  51.0 / 51 | dead  0.0%
1485.8s 1134 shard loaded: shard_0004.pt  (1,000,000 rows)
1486.3s 1135 step  79100 | loss 0.286475 | L0  51.0 / 51 | dead  0.0%
1487.2s 1136 step  79200 | loss 0.281199 | L0  51.0 / 51 | dead  0.0%
1490.0s 1137 shard loaded: shard_0005.pt  (1,000,000 rows)
1490.0s 1138 step  79300 | loss 0.286663 | L0  51.0 / 51 | dead  0.0%
1491.0s 1139 step  79400 | loss 0.283945 | L0  51.0 / 51 | dead  0.0%
1491.9s 1140 step  79500 | loss 0.289552 | L0  51.0 / 51 | dead  0.0%
1494.3s 1141 shard loaded: shard_0006.pt  (1,000,000 rows)
1494.9s 1142 step  79600 | loss 0.289400 | L0  51.0 / 51 | dead  0.0%
1495.8s 1143 step  79700 | loss 0.293588 | L0  51.0 / 51 | dead  0.0%
1498.5s 1144 shard loaded: shard_0007.pt  (1,000,000 rows)
1498.5s 1145 step  79800 | loss 0.288020 | L0  51.0 / 51 | dead  0.0%
1499.6s 1146 step  79900 | loss 0.283625 | L0  51.0 / 51 | dead  0.0%
1500.5s 1147 step  80000 | loss 0.281920 | L0  51.0 / 51 | dead  0.0%
1500.5s 1148 checkpoint → sae_m512_ckpt_080000.pt
1502.8s 1149 shard loaded: shard_0008.pt  (1,000,000 rows)
1503.5s 1150 step  80100 | loss 0.284098 | L0  51.0 / 51 | dead  0.0%
1504.4s 1151 step  80200 | loss 0.280465 | L0  51.0 / 51 | dead  0.0%
1507.0s 1152 shard loaded: shard_0009.pt  (1,000,000 rows)
1507.3s 1153 step  80300 | loss 0.286626 | L0  51.0 / 51 | dead  0.0%
1508.2s 1154 step  80400 | loss 0.281932 | L0  51.0 / 51 | dead  0.0%
1509.1s 1155 step  80500 | loss 0.285085 | L0  51.0 / 51 | dead  0.0%
1511.3s 1156 shard loaded: shard_0000.pt  (1,000,000 rows)
1512.1s 1157 step  80600 | loss 0.286985 | L0  51.0 / 51 | dead  0.0%
1512.9s 1158 step  80700 | loss 0.290067 | L0  51.0 / 51 | dead  0.0%
1515.5s 1159 shard loaded: shard_0001.pt  (1,000,000 rows)
1515.9s 1160 step  80800 | loss 0.292835 | L0  51.0 / 51 | dead  0.0%
1516.8s 1161 step  80900 | loss 0.288671 | L0  51.0 / 51 | dead  0.0%
1517.7s 1162 step  81000 | loss 0.287957 | L0  51.0 / 51 | dead  0.0%
1519.7s 1163 shard loaded: shard_0002.pt  (1,000,000 rows)
1520.6s 1164 step  81100 | loss 0.286707 | L0  51.0 / 51 | dead  0.0%
1521.5s 1165 step  81200 | loss 0.283444 | L0  51.0 / 51 | dead  0.0%
1524.0s 1166 shard loaded: shard_0003.pt  (1,000,000 rows)
1524.5s 1167 step  81300 | loss 0.294382 | L0  51.0 / 51 | dead  0.0%
1525.4s 1168 step  81400 | loss 0.292811 | L0  51.0 / 51 | dead  0.0%
1528.2s 1169 shard loaded: shard_0004.pt  (1,000,000 rows)
1528.2s 1170 step  81500 | loss 0.288334 | L0  51.0 / 51 | dead  0.0%
1529.3s 1171 step  81600 | loss 0.279819 | L0  51.0 / 51 | dead  0.0%
1530.2s 1172 step  81700 | loss 0.285518 | L0  51.0 / 51 | dead  0.0%
1532.5s 1173 shard loaded: shard_0005.pt  (1,000,000 rows)
1533.1s 1174 step  81800 | loss 0.286868 | L0  51.0 / 51 | dead  0.0%
1534.0s 1175 step  81900 | loss 0.284229 | L0  51.0 / 51 | dead  0.0%
1536.8s 1176 shard loaded: shard_0006.pt  (1,000,000 rows)
1537.0s 1177 step  82000 | loss 0.291218 | L0  51.0 / 51 | dead  0.0%
1537.9s 1178 step  82100 | loss 0.289342 | L0  51.0 / 51 | dead  0.0%
1538.8s 1179 step  82200 | loss 0.289754 | L0  51.0 / 51 | dead  0.0%
1541.0s 1180 shard loaded: shard_0007.pt  (1,000,000 rows)
1541.7s 1181 step  82300 | loss 0.284136 | L0  51.0 / 51 | dead  0.0%
1542.6s 1182 step  82400 | loss 0.281177 | L0  51.0 / 51 | dead  0.0%
1545.3s 1183 shard loaded: shard_0008.pt  (1,000,000 rows)
1545.6s 1184 step  82500 | loss 0.283215 | L0  51.0 / 51 | dead  0.0%
1546.5s 1185 step  82600 | loss 0.279368 | L0  51.0 / 51 | dead  0.0%
1547.4s 1186 step  82700 | loss 0.280440 | L0  51.0 / 51 | dead  0.0%
1549.5s 1187 shard loaded: shard_0009.pt  (1,000,000 rows)
1550.3s 1188 step  82800 | loss 0.285822 | L0  51.0 / 51 | dead  0.0%
1551.2s 1189 step  82900 | loss 0.288081 | L0  51.0 / 51 | dead  0.0%
1553.8s 1190 shard loaded: shard_0000.pt  (1,000,000 rows)
1554.2s 1191 step  83000 | loss 0.287681 | L0  51.0 / 51 | dead  0.0%
1555.1s 1192 step  83100 | loss 0.288003 | L0  51.0 / 51 | dead  0.0%
1556.0s 1193 step  83200 | loss 0.284576 | L0  51.0 / 51 | dead  0.0%
1558.0s 1194 shard loaded: shard_0001.pt  (1,000,000 rows)
1558.9s 1195 step  83300 | loss 0.294910 | L0  51.0 / 51 | dead  0.0%
1559.8s 1196 step  83400 | loss 0.296001 | L0  51.0 / 51 | dead  0.0%
1562.3s 1197 shard loaded: shard_0002.pt  (1,000,000 rows)
1562.8s 1198 step  83500 | loss 0.288582 | L0  51.0 / 51 | dead  0.0%
1563.7s 1199 step  83600 | loss 0.285492 | L0  51.0 / 51 | dead  0.0%
1566.6s 1200 shard loaded: shard_0003.pt  (1,000,000 rows)
1566.6s 1201 step  83700 | loss 0.289923 | L0  51.0 / 51 | dead  0.0%
1567.6s 1202 step  83800 | loss 0.292089 | L0  51.0 / 51 | dead  0.0%
1568.5s 1203 step  83900 | loss 0.285212 | L0  51.0 / 51 | dead  0.0%
1570.8s 1204 shard loaded: shard_0004.pt  (1,000,000 rows)
1571.5s 1205 step  84000 | loss 0.284978 | L0  51.0 / 51 | dead  0.0%
1572.3s 1206 step  84100 | loss 0.284268 | L0  51.0 / 51 | dead  0.0%
1575.0s 1207 shard loaded: shard_0005.pt  (1,000,000 rows)
1575.3s 1208 step  84200 | loss 0.282255 | L0  51.0 / 51 | dead  0.0%
1576.2s 1209 step  84300 | loss 0.284160 | L0  51.0 / 51 | dead  0.0%
1577.1s 1210 step  84400 | loss 0.282498 | L0  51.0 / 51 | dead  0.0%
1579.3s 1211 shard loaded: shard_0006.pt  (1,000,000 rows)
1580.0s 1212 step  84500 | loss 0.288906 | L0  51.0 / 51 | dead  0.0%
1580.9s 1213 step  84600 | loss 0.291628 | L0  51.0 / 51 | dead  0.0%
1583.5s 1214 shard loaded: shard_0007.pt  (1,000,000 rows)
1583.9s 1215 step  84700 | loss 0.287436 | L0  51.0 / 51 | dead  0.0%
1584.8s 1216 step  84800 | loss 0.282041 | L0  51.0 / 51 | dead  0.0%
1585.7s 1217 step  84900 | loss 0.282531 | L0  51.0 / 51 | dead  0.0%
1587.8s 1218 shard loaded: shard_0008.pt  (1,000,000 rows)
1588.6s 1219 step  85000 | loss 0.281243 | L0  51.0 / 51 | dead  0.0%
1589.5s 1220 step  85100 | loss 0.281658 | L0  51.0 / 51 | dead  0.0%
1592.0s 1221 shard loaded: shard_0009.pt  (1,000,000 rows)
1592.5s 1222 step  85200 | loss 0.283875 | L0  51.0 / 51 | dead  0.0%
1593.4s 1223 step  85300 | loss 0.285382 | L0  51.0 / 51 | dead  0.0%
1596.2s 1224 shard loaded: shard_0000.pt  (1,000,000 rows)
1596.2s 1225 step  85400 | loss 0.291228 | L0  51.0 / 51 | dead  0.0%
1597.2s 1226 step  85500 | loss 0.283771 | L0  51.0 / 51 | dead  0.0%
1598.1s 1227 step  85600 | loss 0.286051 | L0  51.0 / 51 | dead  0.0%
1600.5s 1228 shard loaded: shard_0001.pt  (1,000,000 rows)
1601.0s 1229 step  85700 | loss 0.290089 | L0  51.0 / 51 | dead  0.0%
1601.9s 1230 step  85800 | loss 0.290530 | L0  51.0 / 51 | dead  0.0%
1604.7s 1231 shard loaded: shard_0002.pt  (1,000,000 rows)
1604.7s 1232 step  85900 | loss 0.283844 | L0  51.0 / 51 | dead  0.0%
1605.8s 1233 step  86000 | loss 0.284331 | L0  51.0 / 51 | dead  0.0%
1606.7s 1234 step  86100 | loss 0.284259 | L0  51.0 / 51 | dead  0.0%
1608.9s 1235 shard loaded: shard_0003.pt  (1,000,000 rows)
1609.7s 1236 step  86200 | loss 0.287770 | L0  51.0 / 51 | dead  0.0%
1610.5s 1237 step  86300 | loss 0.288108 | L0  51.0 / 51 | dead  0.0%
1613.2s 1238 shard loaded: shard_0004.pt  (1,000,000 rows)
1613.5s 1239 step  86400 | loss 0.284681 | L0  51.0 / 51 | dead  0.0%
1614.4s 1240 step  86500 | loss 0.285076 | L0  51.0 / 51 | dead  0.0%
1615.3s 1241 step  86600 | loss 0.281002 | L0  51.0 / 51 | dead  0.0%
1617.4s 1242 shard loaded: shard_0005.pt  (1,000,000 rows)
1618.2s 1243 step  86700 | loss 0.282148 | L0  51.0 / 51 | dead  0.0%
1619.1s 1244 step  86800 | loss 0.282474 | L0  51.0 / 51 | dead  0.0%
1621.7s 1245 shard loaded: shard_0006.pt  (1,000,000 rows)
1622.1s 1246 step  86900 | loss 0.289904 | L0  51.0 / 51 | dead  0.0%
1623.0s 1247 step  87000 | loss 0.287229 | L0  51.0 / 51 | dead  0.0%
1623.9s 1248 step  87100 | loss 0.289727 | L0  51.0 / 51 | dead  0.0%
1625.9s 1249 shard loaded: shard_0007.pt  (1,000,000 rows)
1626.8s 1250 step  87200 | loss 0.287794 | L0  51.0 / 51 | dead  0.0%
1627.7s 1251 step  87300 | loss 0.282611 | L0  51.0 / 51 | dead  0.0%
1630.1s 1252 shard loaded: shard_0008.pt  (1,000,000 rows)
1630.6s 1253 step  87400 | loss 0.280064 | L0  51.0 / 51 | dead  0.0%
1631.5s 1254 step  87500 | loss 0.282130 | L0  51.0 / 51 | dead  0.0%
1634.4s 1255 shard loaded: shard_0009.pt  (1,000,000 rows)
1634.4s 1256 step  87600 | loss 0.288412 | L0  51.0 / 51 | dead  0.0%
1635.4s 1257 step  87700 | loss 0.286976 | L0  51.0 / 51 | dead  0.0%
1636.2s 1258 step  87800 | loss 0.283856 | L0  51.0 / 51 | dead  0.0%
1638.6s 1259 shard loaded: shard_0000.pt  (1,000,000 rows)
1639.3s 1260 step  87900 | loss 0.284749 | L0  51.0 / 51 | dead  0.0%
1640.2s 1261 step  88000 | loss 0.284579 | L0  51.0 / 51 | dead  0.0%
1642.9s 1262 shard loaded: shard_0001.pt  (1,000,000 rows)
1643.2s 1263 step  88100 | loss 0.294041 | L0  51.0 / 51 | dead  0.0%
1644.0s 1264 step  88200 | loss 0.288713 | L0  51.0 / 51 | dead  0.0%
1644.9s 1265 step  88300 | loss 0.287147 | L0  51.0 / 51 | dead  0.0%
1647.2s 1266 shard loaded: shard_0002.pt  (1,000,000 rows)
1647.9s 1267 step  88400 | loss 0.286908 | L0  51.0 / 51 | dead  0.0%
1648.8s 1268 step  88500 | loss 0.285092 | L0  51.0 / 51 | dead  0.0%
1651.4s 1269 shard loaded: shard_0003.pt  (1,000,000 rows)
1651.8s 1270 step  88600 | loss 0.292634 | L0  51.0 / 51 | dead  0.0%
1652.7s 1271 step  88700 | loss 0.287856 | L0  51.0 / 51 | dead  0.0%
1653.6s 1272 step  88800 | loss 0.288489 | L0  51.0 / 51 | dead  0.0%
1655.7s 1273 shard loaded: shard_0004.pt  (1,000,000 rows)
1656.5s 1274 step  88900 | loss 0.285192 | L0  51.0 / 51 | dead  0.0%
1657.4s 1275 step  89000 | loss 0.280157 | L0  51.0 / 51 | dead  0.0%
1660.0s 1276 shard loaded: shard_0005.pt  (1,000,000 rows)
1660.4s 1277 step  89100 | loss 0.287135 | L0  51.0 / 51 | dead  0.0%
1661.3s 1278 step  89200 | loss 0.285524 | L0  51.0 / 51 | dead  0.0%
1662.2s 1279 step  89300 | loss 0.283554 | L0  51.0 / 51 | dead  0.0%
1664.2s 1280 shard loaded: shard_0006.pt  (1,000,000 rows)
1665.2s 1281 step  89400 | loss 0.291169 | L0  51.0 / 51 | dead  0.0%
1666.1s 1282 step  89500 | loss 0.285814 | L0  51.0 / 51 | dead  0.0%
1668.5s 1283 shard loaded: shard_0007.pt  (1,000,000 rows)
1669.0s 1284 step  89600 | loss 0.282633 | L0  51.0 / 51 | dead  0.0%
1669.9s 1285 step  89700 | loss 0.284707 | L0  51.0 / 51 | dead  0.0%
1672.8s 1286 shard loaded: shard_0008.pt  (1,000,000 rows)
1672.8s 1287 step  89800 | loss 0.283158 | L0  51.0 / 51 | dead  0.0%
1673.8s 1288 step  89900 | loss 0.283333 | L0  51.0 / 51 | dead  0.0%
1674.7s 1289 step  90000 | loss 0.281247 | L0  51.0 / 51 | dead  0.0%
1674.7s 1290 checkpoint → sae_m512_ckpt_090000.pt
1677.0s 1291 shard loaded: shard_0009.pt  (1,000,000 rows)
1677.7s 1292 step  90100 | loss 0.285139 | L0  51.0 / 51 | dead  0.0%
1678.5s 1293 step  90200 | loss 0.283740 | L0  51.0 / 51 | dead  0.0%
1681.3s 1294 shard loaded: shard_0000.pt  (1,000,000 rows)
1681.5s 1295 step  90300 | loss 0.287349 | L0  51.0 / 51 | dead  0.0%
1682.4s 1296 step  90400 | loss 0.284738 | L0  51.0 / 51 | dead  0.0%
1683.3s 1297 step  90500 | loss 0.287035 | L0  51.0 / 51 | dead  0.0%
1685.5s 1298 shard loaded: shard_0001.pt  (1,000,000 rows)
1686.3s 1299 step  90600 | loss 0.291508 | L0  51.0 / 51 | dead  0.0%
1687.2s 1300 step  90700 | loss 0.289903 | L0  51.0 / 51 | dead  0.0%
1689.8s 1301 shard loaded: shard_0002.pt  (1,000,000 rows)
1690.1s 1302 step  90800 | loss 0.289433 | L0  51.0 / 51 | dead  0.0%
1691.0s 1303 step  90900 | loss 0.288222 | L0  51.0 / 51 | dead  0.0%
1691.9s 1304 step  91000 | loss 0.283308 | L0  51.0 / 51 | dead  0.0%
1694.0s 1305 shard loaded: shard_0003.pt  (1,000,000 rows)
1694.9s 1306 step  91100 | loss 0.287818 | L0  51.0 / 51 | dead  0.0%
1695.8s 1307 step  91200 | loss 0.287674 | L0  51.0 / 51 | dead  0.0%
1698.2s 1308 shard loaded: shard_0004.pt  (1,000,000 rows)
1698.7s 1309 step  91300 | loss 0.285463 | L0  51.0 / 51 | dead  0.0%
1699.6s 1310 step  91400 | loss 0.281725 | L0  51.0 / 51 | dead  0.0%
1702.5s 1311 shard loaded: shard_0005.pt  (1,000,000 rows)
1702.5s 1312 step  91500 | loss 0.290743 | L0  51.0 / 51 | dead  0.0%
1703.5s 1313 step  91600 | loss 0.281936 | L0  51.0 / 51 | dead  0.0%
1704.3s 1314 step  91700 | loss 0.285403 | L0  51.0 / 51 | dead  0.0%
1706.7s 1315 shard loaded: shard_0006.pt  (1,000,000 rows)
1707.3s 1316 step  91800 | loss 0.288403 | L0  51.0 / 51 | dead  0.0%
1708.2s 1317 step  91900 | loss 0.287980 | L0  51.0 / 51 | dead  0.0%
1710.9s 1318 shard loaded: shard_0007.pt  (1,000,000 rows)
1710.9s 1319 step  92000 | loss 0.284349 | L0  51.0 / 51 | dead  0.0%
1712.0s 1320 step  92100 | loss 0.286324 | L0  51.0 / 51 | dead  0.0%
1712.9s 1321 step  92200 | loss 0.282037 | L0  51.0 / 51 | dead  0.0%
1715.2s 1322 shard loaded: shard_0008.pt  (1,000,000 rows)
1715.9s 1323 step  92300 | loss 0.283511 | L0  51.0 / 51 | dead  0.0%
1716.8s 1324 step  92400 | loss 0.281669 | L0  51.0 / 51 | dead  0.0%
1719.4s 1325 shard loaded: shard_0009.pt  (1,000,000 rows)
1719.7s 1326 step  92500 | loss 0.285158 | L0  51.0 / 51 | dead  0.0%
1720.6s 1327 step  92600 | loss 0.283679 | L0  51.0 / 51 | dead  0.0%
1721.5s 1328 step  92700 | loss 0.283771 | L0  51.0 / 51 | dead  0.0%
1723.7s 1329 shard loaded: shard_0000.pt  (1,000,000 rows)
1724.5s 1330 step  92800 | loss 0.285256 | L0  51.0 / 51 | dead  0.0%
1725.4s 1331 step  92900 | loss 0.285424 | L0  51.0 / 51 | dead  0.0%
1728.0s 1332 shard loaded: shard_0001.pt  (1,000,000 rows)
1728.4s 1333 step  93000 | loss 0.288019 | L0  51.0 / 51 | dead  0.0%
1729.3s 1334 step  93100 | loss 0.288303 | L0  51.0 / 51 | dead  0.0%
1730.2s 1335 step  93200 | loss 0.289674 | L0  51.0 / 51 | dead  0.0%
1732.3s 1336 shard loaded: shard_0002.pt  (1,000,000 rows)
1733.2s 1337 step  93300 | loss 0.284783 | L0  51.0 / 51 | dead  0.0%
1734.2s 1338 step  93400 | loss 0.281173 | L0  51.0 / 51 | dead  0.0%
1736.6s 1339 shard loaded: shard_0003.pt  (1,000,000 rows)
1737.1s 1340 step  93500 | loss 0.290011 | L0  51.0 / 51 | dead  0.0%
1738.0s 1341 step  93600 | loss 0.289101 | L0  51.0 / 51 | dead  0.0%
1740.9s 1342 shard loaded: shard_0004.pt  (1,000,000 rows)
1740.9s 1343 step  93700 | loss 0.285150 | L0  51.0 / 51 | dead  0.0%
1741.9s 1344 step  93800 | loss 0.285662 | L0  51.0 / 51 | dead  0.0%
1742.8s 1345 step  93900 | loss 0.282013 | L0  51.0 / 51 | dead  0.0%
1745.1s 1346 shard loaded: shard_0005.pt  (1,000,000 rows)
1745.7s 1347 step  94000 | loss 0.285527 | L0  51.0 / 51 | dead  0.0%
1746.6s 1348 step  94100 | loss 0.285636 | L0  51.0 / 51 | dead  0.0%
1749.4s 1349 shard loaded: shard_0006.pt  (1,000,000 rows)
1749.6s 1350 step  94200 | loss 0.288522 | L0  51.0 / 51 | dead  0.0%
1750.5s 1351 step  94300 | loss 0.290202 | L0  51.0 / 51 | dead  0.0%
1751.4s 1352 step  94400 | loss 0.289830 | L0  51.0 / 51 | dead  0.0%
1753.6s 1353 shard loaded: shard_0007.pt  (1,000,000 rows)
1754.4s 1354 step  94500 | loss 0.286293 | L0  51.0 / 51 | dead  0.0%
1755.3s 1355 step  94600 | loss 0.283420 | L0  51.0 / 51 | dead  0.0%
1757.9s 1356 shard loaded: shard_0008.pt  (1,000,000 rows)
1758.3s 1357 step  94700 | loss 0.287400 | L0  51.0 / 51 | dead  0.0%
1759.2s 1358 step  94800 | loss 0.282130 | L0  51.0 / 51 | dead  0.0%
1760.1s 1359 step  94900 | loss 0.281634 | L0  51.0 / 51 | dead  0.0%
1762.2s 1360 shard loaded: shard_0009.pt  (1,000,000 rows)
1763.0s 1361 step  95000 | loss 0.284006 | L0  51.0 / 51 | dead  0.0%
1763.9s 1362 step  95100 | loss 0.285452 | L0  51.0 / 51 | dead  0.0%
1766.5s 1363 shard loaded: shard_0000.pt  (1,000,000 rows)
1766.9s 1364 step  95200 | loss 0.286484 | L0  51.0 / 51 | dead  0.0%
1767.8s 1365 step  95300 | loss 0.282809 | L0  51.0 / 51 | dead  0.0%
1768.7s 1366 step  95400 | loss 0.283903 | L0  51.0 / 51 | dead  0.0%
1770.7s 1367 shard loaded: shard_0001.pt  (1,000,000 rows)
1771.6s 1368 step  95500 | loss 0.287779 | L0  51.0 / 51 | dead  0.0%
1772.5s 1369 step  95600 | loss 0.293186 | L0  51.0 / 51 | dead  0.0%
1774.9s 1370 shard loaded: shard_0002.pt  (1,000,000 rows)
1775.4s 1371 step  95700 | loss 0.283758 | L0  51.0 / 51 | dead  0.0%
1776.3s 1372 step  95800 | loss 0.286433 | L0  51.0 / 51 | dead  0.0%
1779.1s 1373 shard loaded: shard_0003.pt  (1,000,000 rows)
1779.1s 1374 step  95900 | loss 0.291619 | L0  51.0 / 51 | dead  0.0%
1780.2s 1375 step  96000 | loss 0.289736 | L0  51.0 / 51 | dead  0.0%
1781.1s 1376 step  96100 | loss 0.284752 | L0  51.0 / 51 | dead  0.0%
1783.4s 1377 shard loaded: shard_0004.pt  (1,000,000 rows)
1784.0s 1378 step  96200 | loss 0.283334 | L0  51.0 / 51 | dead  0.0%
1784.9s 1379 step  96300 | loss 0.283802 | L0  51.0 / 51 | dead  0.0%
1787.6s 1380 shard loaded: shard_0005.pt  (1,000,000 rows)
1787.8s 1381 step  96400 | loss 0.287820 | L0  51.0 / 51 | dead  0.0%
1788.7s 1382 step  96500 | loss 0.280910 | L0  51.0 / 51 | dead  0.0%
1789.6s 1383 step  96600 | loss 0.285083 | L0  51.0 / 51 | dead  0.0%
1791.8s 1384 shard loaded: shard_0006.pt  (1,000,000 rows)
1792.6s 1385 step  96700 | loss 0.290014 | L0  51.0 / 51 | dead  0.0%
1793.5s 1386 step  96800 | loss 0.290238 | L0  51.0 / 51 | dead  0.0%
1796.0s 1387 shard loaded: shard_0007.pt  (1,000,000 rows)
1796.4s 1388 step  96900 | loss 0.286553 | L0  51.0 / 51 | dead  0.0%
1797.3s 1389 step  97000 | loss 0.284389 | L0  51.0 / 51 | dead  0.0%
1798.2s 1390 step  97100 | loss 0.280758 | L0  51.0 / 51 | dead  0.0%
1800.2s 1391 shard loaded: shard_0008.pt  (1,000,000 rows)
1801.1s 1392 step  97200 | loss 0.283676 | L0  51.0 / 51 | dead  0.0%
1802.0s 1393 step  97300 | loss 0.281475 | L0  51.0 / 51 | dead  0.0%
1804.5s 1394 shard loaded: shard_0009.pt  (1,000,000 rows)
1804.9s 1395 step  97400 | loss 0.285422 | L0  51.0 / 51 | dead  0.0%
1805.8s 1396 step  97500 | loss 0.283341 | L0  51.0 / 51 | dead  0.0%
1808.7s 1397 shard loaded: shard_0000.pt  (1,000,000 rows)
1808.7s 1398 step  97600 | loss 0.287412 | L0  51.0 / 51 | dead  0.0%
1809.7s 1399 step  97700 | loss 0.290375 | L0  51.0 / 51 | dead  0.0%
1810.6s 1400 step  97800 | loss 0.281271 | L0  51.0 / 51 | dead  0.0%
1813.0s 1401 shard loaded: shard_0001.pt  (1,000,000 rows)
1813.5s 1402 step  97900 | loss 0.286941 | L0  51.0 / 51 | dead  0.0%
1814.4s 1403 step  98000 | loss 0.284222 | L0  51.0 / 51 | dead  0.0%
1817.2s 1404 shard loaded: shard_0002.pt  (1,000,000 rows)
1817.2s 1405 step  98100 | loss 0.287302 | L0  51.0 / 51 | dead  0.0%
1818.3s 1406 step  98200 | loss 0.286394 | L0  51.0 / 51 | dead  0.0%
1819.2s 1407 step  98300 | loss 0.282964 | L0  51.0 / 51 | dead  0.0%
1821.5s 1408 shard loaded: shard_0003.pt  (1,000,000 rows)
1822.2s 1409 step  98400 | loss 0.286344 | L0  51.0 / 51 | dead  0.0%
1823.0s 1410 step  98500 | loss 0.290750 | L0  51.0 / 51 | dead  0.0%
1825.7s 1411 shard loaded: shard_0004.pt  (1,000,000 rows)
1826.0s 1412 step  98600 | loss 0.283719 | L0  51.0 / 51 | dead  0.0%
1826.9s 1413 step  98700 | loss 0.278806 | L0  51.0 / 51 | dead  0.0%
1827.8s 1414 step  98800 | loss 0.285426 | L0  51.0 / 51 | dead  0.0%
1829.9s 1415 shard loaded: shard_0005.pt  (1,000,000 rows)
1830.7s 1416 step  98900 | loss 0.285030 | L0  51.0 / 51 | dead  0.0%
1831.6s 1417 step  99000 | loss 0.281547 | L0  51.0 / 51 | dead  0.0%
1834.2s 1418 shard loaded: shard_0006.pt  (1,000,000 rows)
1834.5s 1419 step  99100 | loss 0.294386 | L0  51.0 / 51 | dead  0.0%
1835.4s 1420 step  99200 | loss 0.289324 | L0  51.0 / 51 | dead  0.0%
1836.3s 1421 step  99300 | loss 0.290637 | L0  51.0 / 51 | dead  0.0%
1838.4s 1422 shard loaded: shard_0007.pt  (1,000,000 rows)
1839.3s 1423 step  99400 | loss 0.282737 | L0  51.0 / 51 | dead  0.0%
1840.2s 1424 step  99500 | loss 0.284710 | L0  51.0 / 51 | dead  0.0%
1842.7s 1425 shard loaded: shard_0008.pt  (1,000,000 rows)
1843.2s 1426 step  99600 | loss 0.280124 | L0  51.0 / 51 | dead  0.0%
1844.1s 1427 step  99700 | loss 0.280823 | L0  51.0 / 51 | dead  0.0%
1846.9s 1428 shard loaded: shard_0009.pt  (1,000,000 rows)
1846.9s 1429 step  99800 | loss 0.287027 | L0  51.0 / 51 | dead  0.0%
1848.0s 1430 step  99900 | loss 0.285083 | L0  51.0 / 51 | dead  0.0%
1848.9s 1431 checkpoint → sae_m512_ckpt_final.pt
1854.9s 1432 /usr/local/lib/python3.12/dist-packages/mistune.py:435: SyntaxWarning: invalid escape sequence '\|'
1854.9s 1433 cells[i][c] = re.sub('\\\\\|', '|', cell)
1855.0s 1434 /usr/local/lib/python3.12/dist-packages/nbconvert/filters/filter_links.py:36: SyntaxWarning: invalid escape sequence '\_'
1855.0s 1435 text = re.sub(r'_', '\_', text) # Escape underscores in display text
1855.6s 1436 [NbConvertApp] Converting notebook __notebook__.ipynb to notebook
1856.1s 1437 [NbConvertApp] Writing 169308 bytes to __notebook__.ipynb
1858.4s 1438 [NbConvertApp] Converting notebook __notebook__.ipynb to html
1859.3s 1439 [NbConvertApp] Support files will be in __results___files/
1859.3s 1440 [NbConvertApp] Making directory __results___files
1859.3s 1441 [NbConvertApp] Writing 428214 bytes to __results__.html